174.59.139.143 - - [15/Feb/2013:06:31:15 -0600] "GET /?utm_source=Contextin&utm_term=88407CB5EF162458461969708552&utm_campaign=20466&utm_content=1381990501120894191&utm_medium=17 HTTP/1.1" 200 9983 "http://www.freegametopia.com/free-online-games/category/strategy-games/" "Mozilla/5.0 (compatible; MSIE 9.0; Windows NT 6.1; WOW64; Trident/5.0)" 470 10246 - 126675
174.59.139.143 - - [15/Feb/2013:06:31:15 -0600] "GET /wp-content/uploads/2012/12/stockvault-coins136198-300x161.jpg HTTP/1.1" 200 33151 "http://www.freegametopia.com/free-online-games/category/strategy-games/" "Mozilla/5.0 (compatible; MSIE 9.0; Windows NT 6.1; WOW64; Trident/5.0)" 405 33410 - 150
174.59.139.143 - - [15/Feb/2013:06:31:15 -0600] "GET /wp-content/themes/twentytwelve/js/navigation.js?ver=1.0 HTTP/1.1" 200 863 "http://www.freegametopia.com/free-online-games/category/strategy-games/" "Mozilla/5.0 (compatible; MSIE 9.0; Windows NT 6.1; WOW64; Trident/5.0)" 382 1133 - 99
174.59.139.143 - - [15/Feb/2013:06:31:15 -0600] "GET /wp-content/uploads/2012/12/stockvault-credit-card106277-300x199.jpg HTTP/1.1" 200 69800 "http://www.freegametopia.com/free-online-games/category/strategy-games/" "Mozilla/5.0 (compatible; MSIE 9.0; Windows NT 6.1; WOW64; Trident/5.0)" 411 35040 X 86294
174.59.139.143 - - [15/Feb/2013:06:31:15 -0600] "GET /wp-content/uploads/2012/12/stockvault-money139084-200x300.jpg HTTP/1.1" 200 130842 "http://www.freegametopia.com/free-online-games/category/strategy-games/" "Mozilla/5.0 (compatible; MSIE 9.0; Windows NT 6.1; WOW64; Trident/5.0)" 405 35040 X 81381
174.59.139.143 - - [15/Feb/2013:06:31:15 -0600] "GET /wp-content/themes/twentytwelve/style.css?ver=3.5 HTTP/1.1" 200 35292 "http://www.freegametopia.com/free-online-games/category/strategy-games/" "Mozilla/5.0 (compatible; MSIE 9.0; Windows NT 6.1; WOW64; Trident/5.0)" 350 35040 X 71595
174.59.139.143 - - [15/Feb/2013:06:31:15 -0600] "GET /wp-content/uploads/2012/12/stockvault-coins136198-300x161.jpg HTTP/1.1" 200 33151 "http://creditcardandloanoffers.com/?utm_source=Contextin&utm_term=88407CB5EF162458461969708552&utm_campaign=20466&utm_content=1381990501120894191&utm_medium=17" "Mozilla/5.0 (compatible; MSIE 9.0; Windows NT 6.1; WOW64; Trident/5.0)" 493 33410 - 95
174.59.139.143 - - [15/Feb/2013:06:31:15 -0600] "GET /wp-content/themes/twentytwelve/js/navigation.js?ver=1.0 HTTP/1.1" 200 863 "http://creditcardandloanoffers.com/?utm_source=Contextin&utm_term=88407CB5EF162458461969708552&utm_campaign=20466&utm_content=1381990501120894191&utm_medium=17" "Mozilla/5.0 (compatible; MSIE 9.0; Windows NT 6.1; WOW64; Trident/5.0)" 470 1133 - 90
174.59.139.143 - - [15/Feb/2013:06:31:15 -0600] "GET /wp-content/themes/twentytwelve/style.css?ver=3.5 HTTP/1.1" 200 35292 "http://creditcardandloanoffers.com/?utm_source=Contextin&utm_term=88407CB5EF162458461969708552&utm_campaign=20466&utm_content=1381990501120894191&utm_medium=17" "Mozilla/5.0 (compatible; MSIE 9.0; Windows NT 6.1; WOW64; Trident/5.0)" 438 35549 - 170311
174.59.139.143 - - [15/Feb/2013:06:31:15 -0600] "GET /wp-content/uploads/2012/12/stockvault-credit-card106277-300x199.jpg HTTP/1.1" 200 69800 "http://creditcardandloanoffers.com/?utm_source=Contextin&utm_term=88407CB5EF162458461969708552&utm_campaign=20466&utm_content=1381990501120894191&utm_medium=17" "Mozilla/5.0 (compatible; MSIE 9.0; Windows NT 6.1; WOW64; Trident/5.0)" 499 70060 - 182062
174.59.139.143 - - [15/Feb/2013:06:31:15 -0600] "GET /wp-content/uploads/2012/12/stockvault-money139084-200x300.jpg HTTP/1.1" 200 130842 "http://creditcardandloanoffers.com/?utm_source=Contextin&utm_term=88407CB5EF162458461969708552&utm_campaign=20466&utm_content=1381990501120894191&utm_medium=17" "Mozilla/5.0 (compatible; MSIE 9.0; Windows NT 6.1; WOW64; Trident/5.0)" 493 131103 - 251064
63.131.113.162 - - [15/Feb/2013:06:31:16 -0600] "GET /?utm_source=Contextin&utm_term=D17D4A8E7B162451282073620032&utm_campaign=20466&utm_content=-2626844881658869183&utm_medium=17 HTTP/1.1" 200 9983 "http://www.freegametopia.com/free-online-games/category/classic-games/" "Mozilla/4.0 (compatible; MSIE 8.0; Windows NT 5.1; Trident/4.0; .NET CLR 1.1.4322; .NET CLR 3.0.4506.2152; .NET CLR 3.5.30729; .NET CLR 2.0.50727)" 776 10246 - 125209
98.190.48.62 - - [15/Feb/2013:06:31:16 -0600] "GET /?author=2 HTTP/1.1" 200 10476 "http://50.97.37.217/?p=5" "Mozilla/5.0 (compatible; MSIE 9.0; Windows NT 6.1; WOW64; Trident/5.0)" 293 10739 - 126664
98.190.48.62 - - [15/Feb/2013:06:31:16 -0600] "GET /wp-content/themes/twentytwelve/js/navigation.js?ver=1.0 HTTP/1.1" 200 863 "http://50.97.37.217/?author=2" "Mozilla/5.0 (compatible; MSIE 9.0; Windows NT 6.1; WOW64; Trident/5.0)" 340 1133 - 105
98.190.48.62 - - [15/Feb/2013:06:31:16 -0600] "GET /wp-content/themes/twentytwelve/style.css?ver=3.5 HTTP/1.1" 200 35292 "http://50.97.37.217/?author=2" "Mozilla/5.0 (compatible; MSIE 9.0; Windows NT 6.1; WOW64; Trident/5.0)" 308 35549 - 101652
208.39.140.98 - - [15/Feb/2013:06:31:16 -0600] "GET /?utm_source=Contextin&utm_term=9421DA64716071110304747640&utm_campaign=20466&utm_content=7453795215634953499&utm_medium=7 HTTP/1.1" 200 9983 "http://www.freegametopia.com/free-online-games/classic-games/frogger/?jrlid=m1&utm_source=BL&utm_medium=CPC&utm_term=2535180_3581346&utm_campaign=GameCDPs_509" "Mozilla/5.0 (compatible; MSIE 9.0; Windows NT 6.1; WOW64; Trident/5.0)" 811 10246 - 126569
208.39.140.98 - - [15/Feb/2013:06:31:17 -0600] "GET /wp-content/themes/twentytwelve/js/navigation.js?ver=1.0 HTTP/1.1" 200 863 "http://creditcardandloanoffers.com/?utm_source=Contextin&utm_term=9421DA64716071110304747640&utm_campaign=20466&utm_content=7453795215634953499&utm_medium=7" "Mozilla/5.0 (compatible; MSIE 9.0; Windows NT 6.1; WOW64; Trident/5.0)" 467 1133 - 105
208.39.140.98 - - [15/Feb/2013:06:31:17 -0600] "GET /wp-content/themes/twentytwelve/style.css?ver=3.5 HTTP/1.1" 200 35292 "http://creditcardandloanoffers.com/?utm_source=Contextin&utm_term=9421DA64716071110304747640&utm_campaign=20466&utm_content=7453795215634953499&utm_medium=7" "Mozilla/5.0 (compatible; MSIE 9.0; Windows NT 6.1; WOW64; Trident/5.0)" 435 35549 - 146224
63.131.113.162 - - [15/Feb/2013:06:31:17 -0600] "GET /wp-content/themes/twentytwelve/js/html5.js HTTP/1.1" 200 2487 "http://www.freegametopia.com/free-online-games/category/classic-games/" "Mozilla/4.0 (compatible; MSIE 8.0; Windows NT 5.1; Trident/4.0; .NET CLR 1.1.4322; .NET CLR 3.0.4506.2152; .NET CLR 3.5.30729; .NET CLR 2.0.50727)" 414 2758 - 96
63.131.113.162 - - [15/Feb/2013:06:31:17 -0600] "GET /wp-content/themes/twentytwelve/js/navigation.js?ver=1.0 HTTP/1.1" 200 863 "http://www.freegametopia.com/free-online-games/category/classic-games/" "Mozilla/4.0 (compatible; MSIE 8.0; Windows NT 5.1; Trident/4.0; .NET CLR 1.1.4322; .NET CLR 3.0.4506.2152; .NET CLR 3.5.30729; .NET CLR 2.0.50727)" 427 1133 - 93
199.189.85.13 - - [15/Feb/2013:06:31:17 -0600] "GET / HTTP/1.1" 200 9983 "-" "Mozilla/5.0 (Macintosh; Intel Mac OS X 10_6_7) AppleWebKit/534.30 (KHTML, like Gecko) Chrome/12.0.742.91 Safari/534.30" 271 10246 - 125698
63.131.113.162 - - [15/Feb/2013:06:31:17 -0600] "GET /wp-content/themes/twentytwelve/style.css?ver=3.5 HTTP/1.1" 200 35292 "http://www.freegametopia.com/free-online-games/category/classic-games/" "Mozilla/4.0 (compatible; MSIE 8.0; Windows NT 5.1; Trident/4.0; .NET CLR 1.1.4322; .NET CLR 3.0.4506.2152; .NET CLR 3.5.30729; .NET CLR 2.0.50727)" 420 35549 - 216323
63.131.113.162 - - [15/Feb/2013:06:31:18 -0600] "GET /wp-content/themes/twentytwelve/css/ie.css?ver=20121010 HTTP/1.1" 200 4788 "http://www.freegametopia.com/free-online-games/category/classic-games/" "Mozilla/4.0 (compatible; MSIE 8.0; Windows NT 5.1; Trident/4.0; .NET CLR 1.1.4322; .NET CLR 3.0.4506.2152; .NET CLR 3.5.30729; .NET CLR 2.0.50727)" 426 5044 - 140
63.131.113.162 - - [15/Feb/2013:06:31:18 -0600] "GET /wp-content/uploads/2012/12/stockvault-coins136198-300x161.jpg HTTP/1.1" 200 33151 "http://www.freegametopia.com/free-online-games/category/classic-games/" "Mozilla/4.0 (compatible; MSIE 8.0; Windows NT 5.1; Trident/4.0; .NET CLR 1.1.4322; .NET CLR 3.0.4506.2152; .NET CLR 3.5.30729; .NET CLR 2.0.50727)" 433 33410 - 101
63.131.113.162 - - [15/Feb/2013:06:31:18 -0600] "GET /wp-content/uploads/2012/12/stockvault-credit-card106277-300x199.jpg HTTP/1.1" 200 69800 "http://www.freegametopia.com/free-online-games/category/classic-games/" "Mozilla/4.0 (compatible; MSIE 8.0; Windows NT 5.1; Trident/4.0; .NET CLR 1.1.4322; .NET CLR 3.0.4506.2152; .NET CLR 3.5.30729; .NET CLR 2.0.50727)" 439 70060 - 1054404
63.131.113.162 - - [15/Feb/2013:06:31:18 -0600] "GET /wp-content/uploads/2012/12/stockvault-money139084-200x300.jpg HTTP/1.1" 200 130842 "http://www.freegametopia.com/free-online-games/category/classic-games/" "Mozilla/4.0 (compatible; MSIE 8.0; Windows NT 5.1; Trident/4.0; .NET CLR 1.1.4322; .NET CLR 3.0.4506.2152; .NET CLR 3.5.30729; .NET CLR 2.0.50727)" 433 131103 - 1530222
71.240.119.79 - - [15/Feb/2013:06:31:24 -0600] "GET /?utm_source=Contextin&utm_term=9DCF8B987460701141389760640&utm_campaign=20466&utm_content=8159996522744056749&utm_medium=7 HTTP/1.1" 200 9983 "http://www.freegametopia.com/free-online-games/sports-games/pro-skate/" "Mozilla/4.0 (compatible; MSIE 8.0; Windows NT 5.1; Trident/4.0; GTB7.4; .NET CLR 2.0.50727; .NET CLR 3.0.4506.2152; .NET CLR 3.5.30729; BRI/2)" 505 10246 - 125801
71.240.119.79 - - [15/Feb/2013:06:31:24 -0600] "GET /wp-content/themes/twentytwelve/js/html5.js HTTP/1.1" 200 2487 "http://creditcardandloanoffers.com/?utm_source=Contextin&utm_term=9DCF8B987460701141389760640&utm_campaign=20466&utm_content=8159996522744056749&utm_medium=7" "Mozilla/4.0 (compatible; MSIE 8.0; Windows NT 5.1; Trident/4.0; GTB7.4; .NET CLR 2.0.50727; .NET CLR 3.0.4506.2152; .NET CLR 3.5.30729; BRI/2)" 497 2758 - 152
71.240.119.79 - - [15/Feb/2013:06:31:24 -0600] "GET /wp-content/themes/twentytwelve/css/ie.css?ver=20121010 HTTP/1.1" 200 4788 "http://creditcardandloanoffers.com/?utm_source=Contextin&utm_term=9DCF8B987460701141389760640&utm_campaign=20466&utm_content=8159996522744056749&utm_medium=7" "Mozilla/4.0 (compatible; MSIE 8.0; Windows NT 5.1; Trident/4.0; GTB7.4; .NET CLR 2.0.50727; .NET CLR 3.0.4506.2152; .NET CLR 3.5.30729; BRI/2)" 509 5044 - 112
71.240.119.79 - - [15/Feb/2013:06:31:27 -0600] "GET /wp-content/uploads/2012/12/stockvault-coins136198-300x161.jpg HTTP/1.1" 200 33151 "http://creditcardandloanoffers.com/?utm_source=Contextin&utm_term=9DCF8B987460701141389760640&utm_campaign=20466&utm_content=8159996522744056749&utm_medium=7" "Mozilla/4.0 (compatible; MSIE 8.0; Windows NT 5.1; Trident/4.0; GTB7.4; .NET CLR 2.0.50727; .NET CLR 3.0.4506.2152; .NET CLR 3.5.30729; BRI/2)" 516 33410 - 100
71.240.119.79 - - [15/Feb/2013:06:31:27 -0600] "GET /wp-content/themes/twentytwelve/style.css?ver=3.5 HTTP/1.1" 200 35292 "http://creditcardandloanoffers.com/?utm_source=Contextin&utm_term=9DCF8B987460701141389760640&utm_campaign=20466&utm_content=8159996522744056749&utm_medium=7" "Mozilla/4.0 (compatible; MSIE 8.0; Windows NT 5.1; Trident/4.0; GTB7.4; .NET CLR 2.0.50727; .NET CLR 3.0.4506.2152; .NET CLR 3.5.30729; BRI/2)" 503 35549 - 397333
71.240.119.79 - - [15/Feb/2013:06:31:28 -0600] "GET /wp-content/uploads/2012/12/stockvault-credit-card106277-300x199.jpg HTTP/1.1" 200 69800 "http://creditcardandloanoffers.com/?utm_source=Contextin&utm_term=9DCF8B987460701141389760640&utm_campaign=20466&utm_content=8159996522744056749&utm_medium=7" "Mozilla/4.0 (compatible; MSIE 8.0; Windows NT 5.1; Trident/4.0; GTB7.4; .NET CLR 2.0.50727; .NET CLR 3.0.4506.2152; .NET CLR 3.5.30729; BRI/2)" 522 35040 X 216717
68.58.212.43 - - [15/Feb/2013:06:31:28 -0600] "GET /?utm_source=Contextin&utm_term=35F37EEA660688661100951997&utm_campaign=20466&utm_content=-1914510453902870309&utm_medium=7 HTTP/1.1" 200 9983 "http://www.freegametopia.com/free-online-games/classic-games/frogger/?jrlid=m1&utm_source=BL&utm_medium=CPC&utm_term=2535180_3581344&utm_campaign=GameCDPs_473" "Mozilla/5.0 (compatible; MSIE 9.0; Windows NT 6.1; WOW64; Trident/5.0)" 555 10246 - 125660
75.145.243.57 - - [15/Feb/2013:06:31:28 -0600] "GET /?utm_source=Contextin&utm_term=5C61E4E1A2027478252654401&utm_campaign=20466&utm_content=-6273704866174140325&utm_medium=17 HTTP/1.1" 200 9983 "res://ieframe.dll/navcancl.htm" "Mozilla/4.0 (compatible; MSIE 8.0; Windows NT 5.1; Trident/4.0; .NET CLR 1.1.4322; .NET CLR 2.0.50727; .NET CLR 3.0.4506.2152; .NET CLR 3.5.30729; .NET4.0C)" 666 10246 - 127053
68.58.212.43 - - [15/Feb/2013:06:31:28 -0600] "GET /wp-content/themes/twentytwelve/js/navigation.js?ver=1.0 HTTP/1.1" 200 863 "http://creditcardandloanoffers.com/?utm_source=Contextin&utm_term=35F37EEA660688661100951997&utm_campaign=20466&utm_content=-1914510453902870309&utm_medium=7" "Mozilla/5.0 (compatible; MSIE 9.0; Windows NT 6.1; WOW64; Trident/5.0)" 468 1133 - 104
66.152.116.70 - - [15/Feb/2013:06:31:28 -0600] "GET /?utm_source=Contextin&utm_term=BA5F9034C174891101282097838&utm_campaign=20466&utm_content=7802496927162227315&utm_medium=17 HTTP/1.1" 200 9983 "http://www.freegametopia.com/free-online-games/casual-games/hanging-around/" "Mozilla/5.0 (compatible; MSIE 9.0; Windows NT 6.1; Trident/5.0)" 466 10246 - 131892
66.152.116.70 - - [15/Feb/2013:06:31:28 -0600] "GET /wp-content/uploads/2012/12/stockvault-coins136198-300x161.jpg HTTP/1.1" 200 33151 "http://creditcardandloanoffers.com/?utm_source=Contextin&utm_term=BA5F9034C174891101282097838&utm_campaign=20466&utm_content=7802496927162227315&utm_medium=17" "Mozilla/5.0 (compatible; MSIE 9.0; Windows NT 6.1; Trident/5.0)" 485 33410 - 147
66.152.116.70 - - [15/Feb/2013:06:31:28 -0600] "GET /wp-content/themes/twentytwelve/js/navigation.js?ver=1.0 HTTP/1.1" 200 863 "http://creditcardandloanoffers.com/?utm_source=Contextin&utm_term=BA5F9034C174891101282097838&utm_campaign=20466&utm_content=7802496927162227315&utm_medium=17" "Mozilla/5.0 (compatible; MSIE 9.0; Windows NT 6.1; Trident/5.0)" 462 1133 - 80
68.58.212.43 - - [15/Feb/2013:06:31:28 -0600] "GET /wp-content/themes/twentytwelve/style.css?ver=3.5 HTTP/1.1" 200 35292 "http://creditcardandloanoffers.com/?utm_source=Contextin&utm_term=35F37EEA660688661100951997&utm_campaign=20466&utm_content=-1914510453902870309&utm_medium=7" "Mozilla/5.0 (compatible; MSIE 9.0; Windows NT 6.1; WOW64; Trident/5.0)" 436 35549 - 213126
68.58.212.43 - - [15/Feb/2013:06:31:28 -0600] "GET /wp-content/uploads/2012/12/stockvault-coins136198-300x161.jpg HTTP/1.1" 200 33151 "http://creditcardandloanoffers.com/?utm_source=Contextin&utm_term=35F37EEA660688661100951997&utm_campaign=20466&utm_content=-1914510453902870309&utm_medium=7" "Mozilla/5.0 (compatible; MSIE 9.0; Windows NT 6.1; WOW64; Trident/5.0)" 491 33410 - 205803
68.58.212.43 - - [15/Feb/2013:06:31:28 -0600] "GET /wp-content/uploads/2012/12/stockvault-credit-card106277-300x199.jpg HTTP/1.1" 200 69800 "http://creditcardandloanoffers.com/?utm_source=Contextin&utm_term=35F37EEA660688661100951997&utm_campaign=20466&utm_content=-1914510453902870309&utm_medium=7" "Mozilla/5.0 (compatible; MSIE 9.0; Windows NT 6.1; WOW64; Trident/5.0)" 497 70060 - 268199
208.39.140.98 - - [15/Feb/2013:06:31:28 -0600] "GET /?attachment_id=11 HTTP/1.1" 200 9051 "http://creditcardandloanoffers.com/?utm_source=Contextin&utm_term=9421DA64716071110304747640&utm_campaign=20466&utm_content=7453795215634953499&utm_medium=7" "Mozilla/5.0 (compatible; MSIE 9.0; Windows NT 6.1; WOW64; Trident/5.0)" 705 9313 - 127857
75.145.243.57 - - [15/Feb/2013:06:31:28 -0600] "GET /wp-content/themes/twentytwelve/js/html5.js HTTP/1.1" 200 2487 "res://ieframe.dll/navcancl.htm" "Mozilla/4.0 (compatible; MSIE 8.0; Windows NT 5.1; Trident/4.0; .NET CLR 1.1.4322; .NET CLR 2.0.50727; .NET CLR 3.0.4506.2152; .NET CLR 3.5.30729; .NET4.0C)" 384 2758 - 143
75.145.243.57 - - [15/Feb/2013:06:31:28 -0600] "GET /wp-content/themes/twentytwelve/js/navigation.js?ver=1.0 HTTP/1.1" 200 863 "res://ieframe.dll/navcancl.htm" "Mozilla/4.0 (compatible; MSIE 8.0; Windows NT 5.1; Trident/4.0; .NET CLR 1.1.4322; .NET CLR 2.0.50727; .NET CLR 3.0.4506.2152; .NET CLR 3.5.30729; .NET4.0C)" 397 1133 - 86
66.152.116.70 - - [15/Feb/2013:06:31:28 -0600] "GET /wp-content/themes/twentytwelve/style.css?ver=3.5 HTTP/1.1" 200 35292 "http://creditcardandloanoffers.com/?utm_source=Contextin&utm_term=BA5F9034C174891101282097838&utm_campaign=20466&utm_content=7802496927162227315&utm_medium=17" "Mozilla/5.0 (compatible; MSIE 9.0; Windows NT 6.1; Trident/5.0)" 430 35549 - 157939
75.145.243.57 - - [15/Feb/2013:06:31:28 -0600] "GET /wp-content/themes/twentytwelve/css/ie.css?ver=20121010 HTTP/1.1" 200 4788 "res://ieframe.dll/navcancl.htm" "Mozilla/4.0 (compatible; MSIE 8.0; Windows NT 5.1; Trident/4.0; .NET CLR 1.1.4322; .NET CLR 2.0.50727; .NET CLR 3.0.4506.2152; .NET CLR 3.5.30729; .NET4.0C)" 396 5044 - 96
208.39.140.98 - - [15/Feb/2013:06:31:28 -0600] "GET /wp-includes/js/comment-reply.min.js?ver=3.5 HTTP/1.1" 200 786 "http://creditcardandloanoffers.com/?attachment_id=11" "Mozilla/5.0 (compatible; MSIE 9.0; Windows NT 6.1; WOW64; Trident/5.0)" 351 1056 - 90
208.39.140.98 - - [15/Feb/2013:06:31:28 -0600] "GET /wp-content/themes/twentytwelve/js/navigation.js?ver=1.0 HTTP/1.1" 200 863 "http://creditcardandloanoffers.com/?attachment_id=11" "Mozilla/5.0 (compatible; MSIE 9.0; Windows NT 6.1; WOW64; Trident/5.0)" 363 1133 - 69
75.145.243.57 - - [15/Feb/2013:06:31:28 -0600] "GET /wp-content/themes/twentytwelve/style.css?ver=3.5 HTTP/1.1" 200 35292 "res://ieframe.dll/navcancl.htm" "Mozilla/4.0 (compatible; MSIE 8.0; Windows NT 5.1; Trident/4.0; .NET CLR 1.1.4322; .NET CLR 2.0.50727; .NET CLR 3.0.4506.2152; .NET CLR 3.5.30729; .NET4.0C)" 390 35549 - 170151
68.58.212.43 - - [15/Feb/2013:06:31:28 -0600] "GET /wp-content/uploads/2012/12/stockvault-money139084-200x300.jpg HTTP/1.1" 200 130842 "http://creditcardandloanoffers.com/?utm_source=Contextin&utm_term=35F37EEA660688661100951997&utm_campaign=20466&utm_content=-1914510453902870309&utm_medium=7" "Mozilla/5.0 (compatible; MSIE 9.0; Windows NT 6.1; WOW64; Trident/5.0)" 491 131103 - 484148
208.39.140.98 - - [15/Feb/2013:06:31:28 -0600] "GET /wp-content/themes/twentytwelve/style.css?ver=3.5 HTTP/1.1" 200 35292 "http://creditcardandloanoffers.com/?attachment_id=11" "Mozilla/5.0 (compatible; MSIE 9.0; Windows NT 6.1; WOW64; Trident/5.0)" 331 35549 - 164874
208.39.140.98 - - [15/Feb/2013:06:31:28 -0600] "GET /wp-includes/js/jquery/jquery.js?ver=1.8.3 HTTP/1.1" 200 93658 "http://creditcardandloanoffers.com/?attachment_id=11" "Mozilla/5.0 (compatible; MSIE 9.0; Windows NT 6.1; WOW64; Trident/5.0)" 349 93932 - 180818
208.39.140.98 - - [15/Feb/2013:06:31:28 -0600] "GET /wp-content/uploads/2012/12/stockvault-coins136198.jpg HTTP/1.1" 200 419411 "http://creditcardandloanoffers.com/?attachment_id=11" "Mozilla/5.0 (compatible; MSIE 9.0; Windows NT 6.1; WOW64; Trident/5.0)" 378 419672 - 343197
66.152.116.70 - - [15/Feb/2013:06:31:28 -0600] "GET /wp-content/uploads/2012/12/stockvault-money139084-200x300.jpg HTTP/1.1" 200 130842 "http://creditcardandloanoffers.com/?utm_source=Contextin&utm_term=BA5F9034C174891101282097838&utm_campaign=20466&utm_content=7802496927162227315&utm_medium=17" "Mozilla/5.0 (compatible; MSIE 9.0; Windows NT 6.1; Trident/5.0)" 485 131103 - 695471
75.145.243.57 - - [15/Feb/2013:06:31:29 -0600] "GET /wp-content/uploads/2012/12/stockvault-coins136198-300x161.jpg HTTP/1.1" 200 33151 "res://ieframe.dll/navcancl.htm" "Mozilla/4.0 (compatible; MSIE 8.0; Windows NT 5.1; Trident/4.0; .NET CLR 1.1.4322; .NET CLR 2.0.50727; .NET CLR 3.0.4506.2152; .NET CLR 3.5.30729; .NET4.0C)" 403 33410 - 100
75.145.243.57 - - [15/Feb/2013:06:31:29 -0600] "GET /wp-content/uploads/2012/12/stockvault-credit-card106277-300x199.jpg HTTP/1.1" 200 69800 "res://ieframe.dll/navcancl.htm" "Mozilla/4.0 (compatible; MSIE 8.0; Windows NT 5.1; Trident/4.0; .NET CLR 1.1.4322; .NET CLR 2.0.50727; .NET CLR 3.0.4506.2152; .NET CLR 3.5.30729; .NET4.0C)" 409 70060 - 126606
75.145.243.57 - - [15/Feb/2013:06:31:29 -0600] "GET /wp-content/uploads/2012/12/stockvault-money139084-200x300.jpg HTTP/1.1" 200 130842 "res://ieframe.dll/navcancl.htm" "Mozilla/4.0 (compatible; MSIE 8.0; Windows NT 5.1; Trident/4.0; .NET CLR 1.1.4322; .NET CLR 2.0.50727; .NET CLR 3.0.4506.2152; .NET CLR 3.5.30729; .NET4.0C)" 403 131103 - 198674
174.49.72.181 - - [15/Feb/2013:06:31:31 -0600] "GET /?utm_source=Contextin&utm_term=596A6F9A50174975001348103807&utm_campaign=20466&utm_content=-5790871276810954695&utm_medium=17 HTTP/1.1" 200 9983 "http://www.freegametopia.com/free-online-games/classic-games/frogger/?jrlid=m1&utm_source=BL&utm_medium=CPC&utm_term=2535180_3581347&utm_campaign=GameCDPs_473" "Mozilla/5.0 (compatible; MSIE 9.0; Windows NT 6.1; WOW64; Trident/5.0)" 558 10246 - 132651
152.16.51.153 - - [15/Feb/2013:06:31:31 -0600] "GET /?attachment_id=11 HTTP/1.1" 200 9051 "http://50.97.37.217/?p=5" "Mozilla/4.0 (compatible; MSIE 7.0; Windows NT 5.1; .NET CLR 1.1.4322; .NET CLR 2.0.50727; .NET CLR 3.0.4506.2152; .NET CLR 3.5.30729; .NET4.0C)" 912 9313 - 128958
174.49.72.181 - - [15/Feb/2013:06:31:31 -0600] "GET /wp-content/themes/twentytwelve/js/navigation.js?ver=1.0 HTTP/1.1" 200 863 "http://creditcardandloanoffers.com/?utm_source=Contextin&utm_term=596A6F9A50174975001348103807&utm_campaign=20466&utm_content=-5790871276810954695&utm_medium=17" "Mozilla/5.0 (compatible; MSIE 9.0; Windows NT 6.1; WOW64; Trident/5.0)" 471 1133 - 91
152.16.51.153 - - [15/Feb/2013:06:31:31 -0600] "GET /wp-content/themes/twentytwelve/js/html5.js HTTP/1.1" 200 2487 "http://creditcardandloanoffers.com/?attachment_id=11" "Mozilla/4.0 (compatible; MSIE 7.0; Windows NT 5.1; .NET CLR 1.1.4322; .NET CLR 2.0.50727; .NET CLR 3.0.4506.2152; .NET CLR 3.5.30729; .NET4.0C)" 659 2758 - 99
152.16.51.153 - - [15/Feb/2013:06:31:31 -0600] "GET /wp-content/themes/twentytwelve/css/ie.css?ver=20121010 HTTP/1.1" 200 4788 "http://creditcardandloanoffers.com/?attachment_id=11" "Mozilla/4.0 (compatible; MSIE 7.0; Windows NT 5.1; .NET CLR 1.1.4322; .NET CLR 2.0.50727; .NET CLR 3.0.4506.2152; .NET CLR 3.5.30729; .NET4.0C)" 671 5044 - 84
174.49.72.181 - - [15/Feb/2013:06:31:31 -0600] "GET /wp-content/uploads/2012/12/stockvault-coins136198-300x161.jpg HTTP/1.1" 200 33151 "http://creditcardandloanoffers.com/?utm_source=Contextin&utm_term=596A6F9A50174975001348103807&utm_campaign=20466&utm_content=-5790871276810954695&utm_medium=17" "Mozilla/5.0 (compatible; MSIE 9.0; Windows NT 6.1; WOW64; Trident/5.0)" 494 33410 - 119256
174.49.72.181 - - [15/Feb/2013:06:31:31 -0600] "GET /wp-content/themes/twentytwelve/style.css?ver=3.5 HTTP/1.1" 200 35292 "http://creditcardandloanoffers.com/?utm_source=Contextin&utm_term=596A6F9A50174975001348103807&utm_campaign=20466&utm_content=-5790871276810954695&utm_medium=17" "Mozilla/5.0 (compatible; MSIE 9.0; Windows NT 6.1; WOW64; Trident/5.0)" 439 35549 - 131528
152.16.51.153 - - [15/Feb/2013:06:31:31 -0600] "GET /wp-includes/js/comment-reply.min.js?ver=3.5 HTTP/1.1" 200 786 "http://creditcardandloanoffers.com/?attachment_id=11" "Mozilla/4.0 (compatible; MSIE 7.0; Windows NT 5.1; .NET CLR 1.1.4322; .NET CLR 2.0.50727; .NET CLR 3.0.4506.2152; .NET CLR 3.5.30729; .NET4.0C)" 660 1056 - 111
174.49.72.181 - - [15/Feb/2013:06:31:31 -0600] "GET /wp-content/uploads/2012/12/stockvault-credit-card106277-300x199.jpg HTTP/1.1" 200 69800 "http://creditcardandloanoffers.com/?utm_source=Contextin&utm_term=596A6F9A50174975001348103807&utm_campaign=20466&utm_content=-5790871276810954695&utm_medium=17" "Mozilla/5.0 (compatible; MSIE 9.0; Windows NT 6.1; WOW64; Trident/5.0)" 500 70060 - 162719
152.16.51.153 - - [15/Feb/2013:06:31:31 -0600] "GET /wp-content/themes/twentytwelve/style.css?ver=3.5 HTTP/1.1" 200 35292 "http://creditcardandloanoffers.com/?attachment_id=11" "Mozilla/4.0 (compatible; MSIE 7.0; Windows NT 5.1; .NET CLR 1.1.4322; .NET CLR 2.0.50727; .NET CLR 3.0.4506.2152; .NET CLR 3.5.30729; .NET4.0C)" 665 35549 - 87542
174.49.72.181 - - [15/Feb/2013:06:31:31 -0600] "GET /wp-content/uploads/2012/12/stockvault-money139084-200x300.jpg HTTP/1.1" 200 130842 "http://creditcardandloanoffers.com/?utm_source=Contextin&utm_term=596A6F9A50174975001348103807&utm_campaign=20466&utm_content=-5790871276810954695&utm_medium=17" "Mozilla/5.0 (compatible; MSIE 9.0; Windows NT 6.1; WOW64; Trident/5.0)" 494 131103 - 240106
152.16.51.153 - - [15/Feb/2013:06:31:31 -0600] "GET /wp-includes/js/jquery/jquery.js?ver=1.8.3 HTTP/1.1" 200 93658 "http://creditcardandloanoffers.com/?attachment_id=11" "Mozilla/4.0 (compatible; MSIE 7.0; Windows NT 5.1; .NET CLR 1.1.4322; .NET CLR 2.0.50727; .NET CLR 3.0.4506.2152; .NET CLR 3.5.30729; .NET4.0C)" 658 93932 - 127800
152.16.51.153 - - [15/Feb/2013:06:31:32 -0600] "GET /wp-content/themes/twentytwelve/js/navigation.js?ver=1.0 HTTP/1.1" 200 863 "http://creditcardandloanoffers.com/?attachment_id=11" "Mozilla/4.0 (compatible; MSIE 7.0; Windows NT 5.1; .NET CLR 1.1.4322; .NET CLR 2.0.50727; .NET CLR 3.0.4506.2152; .NET CLR 3.5.30729; .NET4.0C)" 672 1133 - 100
66.152.116.70 - - [15/Feb/2013:06:31:28 -0600] "GET /wp-content/uploads/2012/12/stockvault-credit-card106277-300x199.jpg HTTP/1.1" 200 69800 "http://creditcardandloanoffers.com/?utm_source=Contextin&utm_term=BA5F9034C174891101282097838&utm_campaign=20466&utm_content=7802496927162227315&utm_medium=17" "Mozilla/5.0 (compatible; MSIE 9.0; Windows NT 6.1; Trident/5.0)" 491 70060 - 3473930
152.16.51.153 - - [15/Feb/2013:06:31:32 -0600] "GET /wp-content/uploads/2012/12/stockvault-coins136198.jpg HTTP/1.1" 200 419411 "http://creditcardandloanoffers.com/?attachment_id=11" "Mozilla/4.0 (compatible; MSIE 7.0; Windows NT 5.1; .NET CLR 1.1.4322; .NET CLR 2.0.50727; .NET CLR 3.0.4506.2152; .NET CLR 3.5.30729; .NET4.0C)" 670 419672 - 215540
141.0.11.63 - - [15/Feb/2013:06:31:33 -0600] "GET /?feed=rss2 HTTP/1.1" 200 5130 "-" "Mozilla/4.0 (Windows 98; US) Opera 10.00 [en]" 323 5454 - 114703
71.169.7.66 - - [15/Feb/2013:06:31:35 -0600] "GET /?utm_source=Contextin&utm_term=70A2FDA4F555386581195180682&utm_campaign=20466&utm_content=1971610334938396564&utm_medium=17 HTTP/1.1" 200 9983 "http://www.freegametopia.com/free-online-games/classic-games/frogger/?jrlid=m1&utm_source=BL&utm_medium=CPC&utm_term=1545787_3581346&utm_campaign=GameCDPs_473" "Mozilla/4.0 (compatible; MSIE 7.0; Windows NT 5.1; .NET CLR 1.1.4322; .NET CLR 2.0.50727; .NET CLR 3.0.04506.30; .NET CLR 3.0.04506.648; .NET CLR 3.0.4506.2152; .NET CLR 3.5.30729)" 940 10246 - 125400
71.169.7.66 - - [15/Feb/2013:06:31:35 -0600] "GET /wp-content/themes/twentytwelve/js/html5.js HTTP/1.1" 200 2487 "http://www.freegametopia.com/free-online-games/classic-games/frogger/?jrlid=m1&utm_source=BL&utm_medium=CPC&utm_term=1545787_3581346&utm_campaign=GameCDPs_473" "Mozilla/4.0 (compatible; MSIE 7.0; Windows NT 5.1; .NET CLR 1.1.4322; .NET CLR 2.0.50727; .NET CLR 3.0.04506.30; .NET CLR 3.0.04506.648; .NET CLR 3.0.4506.2152; .NET CLR 3.5.30729)" 549 2758 - 148
71.169.7.66 - - [15/Feb/2013:06:31:36 -0600] "GET /wp-content/themes/twentytwelve/css/ie.css?ver=20121010 HTTP/1.1" 200 4788 "http://www.freegametopia.com/free-online-games/classic-games/frogger/?jrlid=m1&utm_source=BL&utm_medium=CPC&utm_term=1545787_3581346&utm_campaign=GameCDPs_473" "Mozilla/4.0 (compatible; MSIE 7.0; Windows NT 5.1; .NET CLR 1.1.4322; .NET CLR 2.0.50727; .NET CLR 3.0.04506.30; .NET CLR 3.0.04506.648; .NET CLR 3.0.4506.2152; .NET CLR 3.5.30729)" 561 5044 - 101
71.169.7.66 - - [15/Feb/2013:06:31:36 -0600] "GET /wp-content/uploads/2012/12/stockvault-coins136198-300x161.jpg HTTP/1.1" 200 33151 "http://www.freegametopia.com/free-online-games/classic-games/frogger/?jrlid=m1&utm_source=BL&utm_medium=CPC&utm_term=1545787_3581346&utm_campaign=GameCDPs_473" "Mozilla/4.0 (compatible; MSIE 7.0; Windows NT 5.1; .NET CLR 1.1.4322; .NET CLR 2.0.50727; .NET CLR 3.0.04506.30; .NET CLR 3.0.04506.648; .NET CLR 3.0.4506.2152; .NET CLR 3.5.30729)" 568 33410 - 101
71.169.7.66 - - [15/Feb/2013:06:31:36 -0600] "GET /wp-content/themes/twentytwelve/style.css?ver=3.5 HTTP/1.1" 200 35292 "http://www.freegametopia.com/free-online-games/classic-games/frogger/?jrlid=m1&utm_source=BL&utm_medium=CPC&utm_term=1545787_3581346&utm_campaign=GameCDPs_473" "Mozilla/4.0 (compatible; MSIE 7.0; Windows NT 5.1; .NET CLR 1.1.4322; .NET CLR 2.0.50727; .NET CLR 3.0.04506.30; .NET CLR 3.0.04506.648; .NET CLR 3.0.4506.2152; .NET CLR 3.5.30729)" 555 35549 - 84245
71.169.7.66 - - [15/Feb/2013:06:31:36 -0600] "GET /wp-content/uploads/2012/12/stockvault-credit-card106277-300x199.jpg HTTP/1.1" 200 69800 "http://www.freegametopia.com/free-online-games/classic-games/frogger/?jrlid=m1&utm_source=BL&utm_medium=CPC&utm_term=1545787_3581346&utm_campaign=GameCDPs_473" "Mozilla/4.0 (compatible; MSIE 7.0; Windows NT 5.1; .NET CLR 1.1.4322; .NET CLR 2.0.50727; .NET CLR 3.0.04506.30; .NET CLR 3.0.04506.648; .NET CLR 3.0.4506.2152; .NET CLR 3.5.30729)" 574 70060 - 72178
71.169.7.66 - - [15/Feb/2013:06:31:36 -0600] "GET /wp-content/uploads/2012/12/stockvault-money139084-200x300.jpg HTTP/1.1" 200 130842 "http://www.freegametopia.com/free-online-games/classic-games/frogger/?jrlid=m1&utm_source=BL&utm_medium=CPC&utm_term=1545787_3581346&utm_campaign=GameCDPs_473" "Mozilla/4.0 (compatible; MSIE 7.0; Windows NT 5.1; .NET CLR 1.1.4322; .NET CLR 2.0.50727; .NET CLR 3.0.04506.30; .NET CLR 3.0.04506.648; .NET CLR 3.0.4506.2152; .NET CLR 3.5.30729)" 568 131103 - 94855
71.169.7.66 - - [15/Feb/2013:06:31:36 -0600] "GET /wp-content/themes/twentytwelve/js/navigation.js?ver=1.0 HTTP/1.1" 200 863 "http://www.freegametopia.com/free-online-games/classic-games/frogger/?jrlid=m1&utm_source=BL&utm_medium=CPC&utm_term=1545787_3581346&utm_campaign=GameCDPs_473" "Mozilla/4.0 (compatible; MSIE 7.0; Windows NT 5.1; .NET CLR 1.1.4322; .NET CLR 2.0.50727; .NET CLR 3.0.04506.30; .NET CLR 3.0.04506.648; .NET CLR 3.0.4506.2152; .NET CLR 3.5.30729)" 562 1133 - 101
71.172.63.189 - - [15/Feb/2013:06:31:41 -0600] "GET /?utm_source=Contextin&utm_term=934BACE05C20238361599679961&utm_campaign=20466&utm_content=493699840384488615&utm_medium=17 HTTP/1.1" 200 9983 "http://www.freegametopia.com/free-online-games/classic-games/frogger/?jrlid=m1&utm_source=BL&utm_medium=CPC&utm_term=2535180_3581344&utm_campaign=GameCDPs_473" "Mozilla/4.0 (compatible; MSIE 8.0; Windows NT 5.1; Trident/4.0; .NET CLR 1.1.4322; .NET CLR 2.0.50727; .NET CLR 3.0.4506.2152; .NET CLR 3.5.30729)" 861 10246 - 126101
71.172.63.189 - - [15/Feb/2013:06:31:42 -0600] "GET /wp-content/themes/twentytwelve/js/html5.js HTTP/1.1" 200 2487 "http://www.freegametopia.com/free-online-games/classic-games/frogger/?jrlid=m1&utm_source=BL&utm_medium=CPC&utm_term=2535180_3581344&utm_campaign=GameCDPs_473" "Mozilla/4.0 (compatible; MSIE 8.0; Windows NT 5.1; Trident/4.0; .NET CLR 1.1.4322; .NET CLR 2.0.50727; .NET CLR 3.0.4506.2152; .NET CLR 3.5.30729)" 502 2758 - 141
71.172.63.189 - - [15/Feb/2013:06:31:42 -0600] "GET /wp-content/themes/twentytwelve/style.css?ver=3.5 HTTP/1.1" 200 35292 "http://www.freegametopia.com/free-online-games/classic-games/frogger/?jrlid=m1&utm_source=BL&utm_medium=CPC&utm_term=2535180_3581344&utm_campaign=GameCDPs_473" "Mozilla/4.0 (compatible; MSIE 8.0; Windows NT 5.1; Trident/4.0; .NET CLR 1.1.4322; .NET CLR 2.0.50727; .NET CLR 3.0.4506.2152; .NET CLR 3.5.30729)" 508 35549 - 94341
71.172.63.189 - - [15/Feb/2013:06:31:42 -0600] "GET /wp-content/themes/twentytwelve/css/ie.css?ver=20121010 HTTP/1.1" 200 4788 "http://www.freegametopia.com/free-online-games/classic-games/frogger/?jrlid=m1&utm_source=BL&utm_medium=CPC&utm_term=2535180_3581344&utm_campaign=GameCDPs_473" "Mozilla/4.0 (compatible; MSIE 8.0; Windows NT 5.1; Trident/4.0; .NET CLR 1.1.4322; .NET CLR 2.0.50727; .NET CLR 3.0.4506.2152; .NET CLR 3.5.30729)" 514 5044 - 136
66.152.116.70 - - [15/Feb/2013:06:31:42 -0600] "GET /?attachment_id=11 HTTP/1.1" 200 9051 "http://creditcardandloanoffers.com/?utm_source=Contextin&utm_term=BA5F9034C174891101282097838&utm_campaign=20466&utm_content=7802496927162227315&utm_medium=17" "Mozilla/5.0 (compatible; MSIE 9.0; Windows NT 6.1; Trident/5.0)" 443 9313 - 126927
66.152.116.70 - - [15/Feb/2013:06:31:42 -0600] "GET /wp-includes/js/comment-reply.min.js?ver=3.5 HTTP/1.1" 200 786 "http://creditcardandloanoffers.com/?attachment_id=11" "Mozilla/5.0 (compatible; MSIE 9.0; Windows NT 6.1; Trident/5.0)" 344 1056 - 92
66.152.116.70 - - [15/Feb/2013:06:31:42 -0600] "GET /wp-content/themes/twentytwelve/js/navigation.js?ver=1.0 HTTP/1.1" 200 863 "http://creditcardandloanoffers.com/?attachment_id=11" "Mozilla/5.0 (compatible; MSIE 9.0; Windows NT 6.1; Trident/5.0)" 356 1133 - 95
66.152.116.70 - - [15/Feb/2013:06:31:42 -0600] "GET /wp-content/themes/twentytwelve/style.css?ver=3.5 HTTP/1.1" 200 35292 "http://creditcardandloanoffers.com/?attachment_id=11" "Mozilla/5.0 (compatible; MSIE 9.0; Windows NT 6.1; Trident/5.0)" 324 35549 - 139441
75.144.86.5 - - [15/Feb/2013:07:21:45 -0600] "GET /wp-content/uploads/2012/12/stockvault-money139084-200x300.jpg HTTP/1.1" 200 130842 "http://www.freegametopia.com/free-online-games/puzzles/seppukuties/" "Mozilla/4.0 (compatible; MSIE 8.0; Windows NT 6.1; Trident/4.0; SLCC2; .NET CLR 2.0.50727; .NET CLR 3.5.30729; .NET CLR 3.0.30729; Media Center PC 6.0; Tablet PC 2.0; .NET4.0C; MS-RTC LM 8)" 473 131103 - 232419
75.144.86.5 - - [15/Feb/2013:07:21:46 -0600] "GET /?cb=[CACHEBUSTER]&utm_source=Contextin&utm_campaign=23006&utm_medium=17&utm_term=1C9B81E0B8546416032759176&utm_content=4203969232281043132 HTTP/1.1" 200 9983 "http://www.freegametopia.com/free-online-games/puzzles/seppukuties/" "Mozilla/4.0 (compatible; MSIE 8.0; Windows NT 6.1; Trident/4.0; SLCC2; .NET CLR 2.0.50727; .NET CLR 3.5.30729; .NET CLR 3.0.30729; Media Center PC 6.0; Tablet PC 2.0; .NET4.0C; MS-RTC LM 8)" 810 10246 - 126452
75.144.86.5 - - [15/Feb/2013:07:21:46 -0600] "GET /wp-content/themes/twentytwelve/js/html5.js HTTP/1.1" 200 2487 "http://www.freegametopia.com/free-online-games/puzzles/seppukuties/" "Mozilla/4.0 (compatible; MSIE 8.0; Windows NT 6.1; Trident/4.0; SLCC2; .NET CLR 2.0.50727; .NET CLR 3.5.30729; .NET CLR 3.0.30729; Media Center PC 6.0; Tablet PC 2.0; .NET4.0C; MS-RTC LM 8)" 454 2758 - 152
75.144.86.5 - - [15/Feb/2013:07:21:46 -0600] "GET /wp-content/themes/twentytwelve/style.css?ver=3.5 HTTP/1.1" 200 35292 "http://www.freegametopia.com/free-online-games/puzzles/seppukuties/" "Mozilla/4.0 (compatible; MSIE 8.0; Windows NT 6.1; Trident/4.0; SLCC2; .NET CLR 2.0.50727; .NET CLR 3.5.30729; .NET CLR 3.0.30729; Media Center PC 6.0; Tablet PC 2.0; .NET4.0C; MS-RTC LM 8)" 460 35549 - 104
75.144.86.5 - - [15/Feb/2013:07:21:46 -0600] "GET /wp-content/themes/twentytwelve/js/navigation.js?ver=1.0 HTTP/1.1" 200 863 "http://www.freegametopia.com/free-online-games/puzzles/seppukuties/" "Mozilla/4.0 (compatible; MSIE 8.0; Windows NT 6.1; Trident/4.0; SLCC2; .NET CLR 2.0.50727; .NET CLR 3.5.30729; .NET CLR 3.0.30729; Media Center PC 6.0; Tablet PC 2.0; .NET4.0C; MS-RTC LM 8)" 467 1133 - 103
75.144.86.5 - - [15/Feb/2013:07:21:46 -0600] "GET /wp-content/themes/twentytwelve/css/ie.css?ver=20121010 HTTP/1.1" 200 4788 "http://www.freegametopia.com/free-online-games/puzzles/seppukuties/" "Mozilla/4.0 (compatible; MSIE 8.0; Windows NT 6.1; Trident/4.0; SLCC2; .NET CLR 2.0.50727; .NET CLR 3.5.30729; .NET CLR 3.0.30729; Media Center PC 6.0; Tablet PC 2.0; .NET4.0C; MS-RTC LM 8)" 466 5044 - 106
75.144.86.5 - - [15/Feb/2013:07:21:47 -0600] "GET /wp-content/uploads/2012/12/stockvault-coins136198-300x161.jpg HTTP/1.1" 200 33151 "http://www.freegametopia.com/free-online-games/puzzles/seppukuties/" "Mozilla/4.0 (compatible; MSIE 8.0; Windows NT 6.1; Trident/4.0; SLCC2; .NET CLR 2.0.50727; .NET CLR 3.5.30729; .NET CLR 3.0.30729; Media Center PC 6.0; Tablet PC 2.0; .NET4.0C; MS-RTC LM 8)" 473 33410 - 105
75.144.86.5 - - [15/Feb/2013:07:21:47 -0600] "GET /wp-content/uploads/2012/12/stockvault-credit-card106277-300x199.jpg HTTP/1.1" 200 69800 "http://www.freegametopia.com/free-online-games/puzzles/seppukuties/" "Mozilla/4.0 (compatible; MSIE 8.0; Windows NT 6.1; Trident/4.0; SLCC2; .NET CLR 2.0.50727; .NET CLR 3.5.30729; .NET CLR 3.0.30729; Media Center PC 6.0; Tablet PC 2.0; .NET4.0C; MS-RTC LM 8)" 479 70060 - 232753
75.144.86.5 - - [15/Feb/2013:07:21:47 -0600] "GET /wp-content/uploads/2012/12/stockvault-money139084-200x300.jpg HTTP/1.1" 200 130842 "http://www.freegametopia.com/free-online-games/puzzles/seppukuties/" "Mozilla/4.0 (compatible; MSIE 8.0; Windows NT 6.1; Trident/4.0; SLCC2; .NET CLR 2.0.50727; .NET CLR 3.5.30729; .NET CLR 3.0.30729; Media Center PC 6.0; Tablet PC 2.0; .NET4.0C; MS-RTC LM 8)" 473 131103 - 259152
69.37.235.1 - - [15/Feb/2013:07:21:47 -0600] "GET /?utm_source=HP&utm_campaign=23006Fake&utm_medium=16&utm_term=11BA4D85F29102801216377663&utm_content=-712677478109207435 HTTP/1.1" 200 9983 "http://creditcardandloanoffers.com/?utm_source=HP&utm_campaign=23006Fake&utm_medium=16&utm_term=11BA4D85F29102801216377663&utm_content=-712677478109207435" "Mozilla/4.0 (compatible; MSIE 8.0; Windows NT 5.1; Trident/4.0; .NET CLR 1.1.4322; .NET CLR 2.0.50727; .NET CLR 3.0.4506.2152; .NET CLR 3.5.30729; .NET4.0C)" 1119 10246 - 128138
69.37.235.1 - - [15/Feb/2013:07:21:50 -0600] "GET /favicon.ico HTTP/1.1" 404 301 "-" "Mozilla/4.0 (compatible; MSIE 8.0; Windows NT 5.1; Trident/4.0; .NET CLR 1.1.4322; .NET CLR 2.0.50727; .NET CLR 3.0.4506.2152; .NET CLR 3.5.30729; .NET4.0C)" 558 480 - 140
68.15.59.85 - - [15/Feb/2013:07:21:51 -0600] "GET /?cb=[CACHEBUSTER]&utm_source=Contextin&utm_campaign=23006&utm_medium=17&utm_term=23997A69B368436441214219011&utm_content=-2182461959157758811 HTTP/1.1" 200 9983 "http://www.freegametopia.com/free-online-games/classic-games/frogger/?jrlid=m1&utm_source=BL&utm_medium=CPC&utm_term=2535180_3581345&utm_campaign=GameCDPs_509" "Mozilla/4.0 (compatible; MSIE 8.0; Windows NT 5.1; Trident/4.0; FunWebProducts; GTB7.4; .NET CLR 1.1.4322; .NET CLR 2.0.50727; .NET CLR 3.0.04506.30; .NET CLR 3.0.4506.2152; .NET CLR 3.5.30729; MS-RTC LM 8; InfoPath.1; .NET4.0C; .NET4.0E; IPH 1.1.21.4019; BRI/2; FunWebProducts; yie8)" 1018 10246 - 125197
68.15.59.85 - - [15/Feb/2013:07:21:51 -0600] "GET /wp-content/themes/twentytwelve/js/html5.js HTTP/1.1" 200 2487 "http://www.freegametopia.com/free-online-games/classic-games/frogger/?jrlid=m1&utm_source=BL&utm_medium=CPC&utm_term=2535180_3581345&utm_campaign=GameCDPs_509" "Mozilla/4.0 (compatible; MSIE 8.0; Windows NT 5.1; Trident/4.0; FunWebProducts; GTB7.4; .NET CLR 1.1.4322; .NET CLR 2.0.50727; .NET CLR 3.0.04506.30; .NET CLR 3.0.4506.2152; .NET CLR 3.5.30729; MS-RTC LM 8; InfoPath.1; .NET4.0C; .NET4.0E; IPH 1.1.21.4019; BRI/2; FunWebProducts; yie8)" 640 2758 - 148
68.15.59.85 - - [15/Feb/2013:07:21:52 -0600] "GET /wp-content/themes/twentytwelve/js/navigation.js?ver=1.0 HTTP/1.1" 200 863 "http://www.freegametopia.com/free-online-games/classic-games/frogger/?jrlid=m1&utm_source=BL&utm_medium=CPC&utm_term=2535180_3581345&utm_campaign=GameCDPs_509" "Mozilla/4.0 (compatible; MSIE 8.0; Windows NT 5.1; Trident/4.0; FunWebProducts; GTB7.4; .NET CLR 1.1.4322; .NET CLR 2.0.50727; .NET CLR 3.0.04506.30; .NET CLR 3.0.4506.2152; .NET CLR 3.5.30729; MS-RTC LM 8; InfoPath.1; .NET4.0C; .NET4.0E; IPH 1.1.21.4019; BRI/2; FunWebProducts; yie8)" 653 1133 - 84
68.15.59.85 - - [15/Feb/2013:07:21:52 -0600] "GET /wp-content/uploads/2012/12/stockvault-coins136198-300x161.jpg HTTP/1.1" 200 33151 "http://www.freegametopia.com/free-online-games/classic-games/frogger/?jrlid=m1&utm_source=BL&utm_medium=CPC&utm_term=2535180_3581345&utm_campaign=GameCDPs_509" "Mozilla/4.0 (compatible; MSIE 8.0; Windows NT 5.1; Trident/4.0; FunWebProducts; GTB7.4; .NET CLR 1.1.4322; .NET CLR 2.0.50727; .NET CLR 3.0.04506.30; .NET CLR 3.0.4506.2152; .NET CLR 3.5.30729; MS-RTC LM 8; InfoPath.1; .NET4.0C; .NET4.0E; IPH 1.1.21.4019; BRI/2; FunWebProducts; yie8)" 659 33410 - 101
68.15.59.85 - - [15/Feb/2013:07:21:52 -0600] "GET /wp-content/themes/twentytwelve/css/ie.css?ver=20121010 HTTP/1.1" 200 4788 "http://www.freegametopia.com/free-online-games/classic-games/frogger/?jrlid=m1&utm_source=BL&utm_medium=CPC&utm_term=2535180_3581345&utm_campaign=GameCDPs_509" "Mozilla/4.0 (compatible; MSIE 8.0; Windows NT 5.1; Trident/4.0; FunWebProducts; GTB7.4; .NET CLR 1.1.4322; .NET CLR 2.0.50727; .NET CLR 3.0.04506.30; .NET CLR 3.0.4506.2152; .NET CLR 3.5.30729; MS-RTC LM 8; InfoPath.1; .NET4.0C; .NET4.0E; IPH 1.1.21.4019; BRI/2; FunWebProducts; yie8)" 652 5044 - 96
68.15.59.85 - - [15/Feb/2013:07:21:52 -0600] "GET /wp-content/uploads/2012/12/stockvault-money139084-200x300.jpg HTTP/1.1" 200 130842 "http://www.freegametopia.com/free-online-games/classic-games/frogger/?jrlid=m1&utm_source=BL&utm_medium=CPC&utm_term=2535180_3581345&utm_campaign=GameCDPs_509" "Mozilla/4.0 (compatible; MSIE 8.0; Windows NT 5.1; Trident/4.0; FunWebProducts; GTB7.4; .NET CLR 1.1.4322; .NET CLR 2.0.50727; .NET CLR 3.0.04506.30; .NET CLR 3.0.4506.2152; .NET CLR 3.5.30729; MS-RTC LM 8; InfoPath.1; .NET4.0C; .NET4.0E; IPH 1.1.21.4019; BRI/2; FunWebProducts; yie8)" 659 131103 - 250227
68.15.59.85 - - [15/Feb/2013:07:21:52 -0600] "GET /wp-content/uploads/2012/12/stockvault-credit-card106277-300x199.jpg HTTP/1.1" 200 69800 "http://www.freegametopia.com/free-online-games/classic-games/frogger/?jrlid=m1&utm_source=BL&utm_medium=CPC&utm_term=2535180_3581345&utm_campaign=GameCDPs_509" "Mozilla/4.0 (compatible; MSIE 8.0; Windows NT 5.1; Trident/4.0; FunWebProducts; GTB7.4; .NET CLR 1.1.4322; .NET CLR 2.0.50727; .NET CLR 3.0.04506.30; .NET CLR 3.0.4506.2152; .NET CLR 3.5.30729; MS-RTC LM 8; InfoPath.1; .NET4.0C; .NET4.0E; IPH 1.1.21.4019; BRI/2; FunWebProducts; yie8)" 665 70060 - 229034
68.15.59.85 - - [15/Feb/2013:07:21:52 -0600] "GET /wp-content/themes/twentytwelve/style.css?ver=3.5 HTTP/1.1" 200 35292 "http://www.freegametopia.com/free-online-games/classic-games/frogger/?jrlid=m1&utm_source=BL&utm_medium=CPC&utm_term=2535180_3581345&utm_campaign=GameCDPs_509" "Mozilla/4.0 (compatible; MSIE 8.0; Windows NT 5.1; Trident/4.0; FunWebProducts; GTB7.4; .NET CLR 1.1.4322; .NET CLR 2.0.50727; .NET CLR 3.0.04506.30; .NET CLR 3.0.4506.2152; .NET CLR 3.5.30729; MS-RTC LM 8; InfoPath.1; .NET4.0C; .NET4.0E; IPH 1.1.21.4019; BRI/2; FunWebProducts; yie8)" 646 35549 - 158806
69.254.53.1 - - [15/Feb/2013:07:21:52 -0600] "GET /?cb=[CACHEBUSTER]&utm_source=Contextin&utm_campaign=23006&utm_medium=17&utm_term=3DA58379D5461196747057206&utm_content=9155707153627033719 HTTP/1.1" 200 9983 "http://www.freegametopia.com/free-online-games/category/shooter-games/" "Mozilla/5.0 (compatible; MSIE 9.0; Windows NT 6.1; WOW64; Trident/5.0)" 483 10246 - 127499
69.254.53.1 - - [15/Feb/2013:07:21:53 -0600] "GET /wp-content/uploads/2012/12/stockvault-coins136198-300x161.jpg HTTP/1.1" 200 33151 "http://creditcardandloanoffers.com/?cb=[CACHEBUSTER]&utm_source=Contextin&utm_campaign=23006&utm_medium=17&utm_term=3DA58379D5461196747057206&utm_content=9155707153627033719" "Mozilla/5.0 (compatible; MSIE 9.0; Windows NT 6.1; WOW64; Trident/5.0)" 507 33410 - 109
69.254.53.1 - - [15/Feb/2013:07:21:53 -0600] "GET /wp-content/themes/twentytwelve/js/navigation.js?ver=1.0 HTTP/1.1" 200 863 "http://creditcardandloanoffers.com/?cb=[CACHEBUSTER]&utm_source=Contextin&utm_campaign=23006&utm_medium=17&utm_term=3DA58379D5461196747057206&utm_content=9155707153627033719" "Mozilla/5.0 (compatible; MSIE 9.0; Windows NT 6.1; WOW64; Trident/5.0)" 484 1133 - 93
69.254.53.1 - - [15/Feb/2013:07:21:53 -0600] "GET /wp-content/themes/twentytwelve/style.css?ver=3.5 HTTP/1.1" 200 35292 "http://creditcardandloanoffers.com/?cb=[CACHEBUSTER]&utm_source=Contextin&utm_campaign=23006&utm_medium=17&utm_term=3DA58379D5461196747057206&utm_content=9155707153627033719" "Mozilla/5.0 (compatible; MSIE 9.0; Windows NT 6.1; WOW64; Trident/5.0)" 452 35549 - 222440
69.254.53.1 - - [15/Feb/2013:07:21:53 -0600] "GET /wp-content/uploads/2012/12/stockvault-credit-card106277-300x199.jpg HTTP/1.1" 200 69800 "http://creditcardandloanoffers.com/?cb=[CACHEBUSTER]&utm_source=Contextin&utm_campaign=23006&utm_medium=17&utm_term=3DA58379D5461196747057206&utm_content=9155707153627033719" "Mozilla/5.0 (compatible; MSIE 9.0; Windows NT 6.1; WOW64; Trident/5.0)" 513 70060 - 217045
69.254.53.1 - - [15/Feb/2013:07:21:53 -0600] "GET /wp-content/uploads/2012/12/stockvault-money139084-200x300.jpg HTTP/1.1" 200 130842 "http://creditcardandloanoffers.com/?cb=[CACHEBUSTER]&utm_source=Contextin&utm_campaign=23006&utm_medium=17&utm_term=3DA58379D5461196747057206&utm_content=9155707153627033719" "Mozilla/5.0 (compatible; MSIE 9.0; Windows NT 6.1; WOW64; Trident/5.0)" 507 131103 - 311075
50.142.50.102 - - [15/Feb/2013:07:21:56 -0600] "GET /?cb=[CACHEBUSTER]&utm_source=Contextin&utm_campaign=23006&utm_medium=7&utm_term=967C037B768401061850364545&utm_content=-5078030279316124043 HTTP/1.1" 200 9983 "http://www.freegametopia.com/free-online-games/category/classic-games/" "Mozilla/5.0 (compatible; MSIE 9.0; Windows NT 6.0; Trident/5.0)" 477 10246 - 126350
50.142.50.102 - - [15/Feb/2013:07:21:57 -0600] "GET /wp-content/uploads/2012/12/stockvault-coins136198-300x161.jpg HTTP/1.1" 200 33151 "http://creditcardandloanoffers.com/?cb=[CACHEBUSTER]&utm_source=Contextin&utm_campaign=23006&utm_medium=7&utm_term=967C037B768401061850364545&utm_content=-5078030279316124043" "Mozilla/5.0 (compatible; MSIE 9.0; Windows NT 6.0; Trident/5.0)" 501 33410 - 86
50.142.50.102 - - [15/Feb/2013:07:21:57 -0600] "GET /wp-content/themes/twentytwelve/js/navigation.js?ver=1.0 HTTP/1.1" 200 863 "http://creditcardandloanoffers.com/?cb=[CACHEBUSTER]&utm_source=Contextin&utm_campaign=23006&utm_medium=7&utm_term=967C037B768401061850364545&utm_content=-5078030279316124043" "Mozilla/5.0 (compatible; MSIE 9.0; Windows NT 6.0; Trident/5.0)" 478 1133 - 100
50.142.50.102 - - [15/Feb/2013:07:21:57 -0600] "GET /wp-content/themes/twentytwelve/style.css?ver=3.5 HTTP/1.1" 200 35292 "http://creditcardandloanoffers.com/?cb=[CACHEBUSTER]&utm_source=Contextin&utm_campaign=23006&utm_medium=7&utm_term=967C037B768401061850364545&utm_content=-5078030279316124043" "Mozilla/5.0 (compatible; MSIE 9.0; Windows NT 6.0; Trident/5.0)" 446 35549 - 292565
50.142.50.102 - - [15/Feb/2013:07:21:57 -0600] "GET /wp-content/uploads/2012/12/stockvault-credit-card106277-300x199.jpg HTTP/1.1" 200 69800 "http://creditcardandloanoffers.com/?cb=[CACHEBUSTER]&utm_source=Contextin&utm_campaign=23006&utm_medium=7&utm_term=967C037B768401061850364545&utm_content=-5078030279316124043" "Mozilla/5.0 (compatible; MSIE 9.0; Windows NT 6.0; Trident/5.0)" 507 70060 - 325979
50.142.50.102 - - [15/Feb/2013:07:21:57 -0600] "GET /wp-content/uploads/2012/12/stockvault-money139084-200x300.jpg HTTP/1.1" 200 130842 "http://creditcardandloanoffers.com/?cb=[CACHEBUSTER]&utm_source=Contextin&utm_campaign=23006&utm_medium=7&utm_term=967C037B768401061850364545&utm_content=-5078030279316124043" "Mozilla/5.0 (compatible; MSIE 9.0; Windows NT 6.0; Trident/5.0)" 501 131103 - 530361
184.3.158.133 - - [15/Feb/2013:07:21:59 -0600] "GET /?cb=[CACHEBUSTER]&utm_source=Contextin&utm_campaign=23006&utm_medium=7&utm_term=D09C6E45E354631681842863798&utm_content=-8494635409991984514 HTTP/1.1" 200 9983 "http://www.freegametopia.com/free-online-games/classic-games/frogger/?jrlid=m1&utm_source=BL&utm_medium=CPC&utm_term=2549129_3585735&utm_campaign=GameCDPs_509" "Mozilla/4.0 (compatible; MSIE 8.0; Windows NT 5.1; Trident/4.0; .NET CLR 1.1.4322; .NET CLR 2.0.50727; .NET CLR 3.0.4506.2152; .NET CLR 3.5.30729)" 802 10246 - 125505
184.3.158.133 - - [15/Feb/2013:07:22:00 -0600] "GET /wp-content/themes/twentytwelve/js/html5.js HTTP/1.1" 200 2487 "http://www.freegametopia.com/free-online-games/classic-games/frogger/?jrlid=m1&utm_source=BL&utm_medium=CPC&utm_term=2549129_3585735&utm_campaign=GameCDPs_509" "Mozilla/4.0 (compatible; MSIE 8.0; Windows NT 5.1; Trident/4.0; .NET CLR 1.1.4322; .NET CLR 2.0.50727; .NET CLR 3.0.4506.2152; .NET CLR 3.5.30729)" 502 2758 - 132
184.3.158.133 - - [15/Feb/2013:07:22:00 -0600] "GET /wp-content/themes/twentytwelve/js/navigation.js?ver=1.0 HTTP/1.1" 200 863 "http://www.freegametopia.com/free-online-games/classic-games/frogger/?jrlid=m1&utm_source=BL&utm_medium=CPC&utm_term=2549129_3585735&utm_campaign=GameCDPs_509" "Mozilla/4.0 (compatible; MSIE 8.0; Windows NT 5.1; Trident/4.0; .NET CLR 1.1.4322; .NET CLR 2.0.50727; .NET CLR 3.0.4506.2152; .NET CLR 3.5.30729)" 515 1133 - 106
184.3.158.133 - - [15/Feb/2013:07:22:00 -0600] "GET /wp-content/themes/twentytwelve/css/ie.css?ver=20121010 HTTP/1.1" 200 4788 "http://www.freegametopia.com/free-online-games/classic-games/frogger/?jrlid=m1&utm_source=BL&utm_medium=CPC&utm_term=2549129_3585735&utm_campaign=GameCDPs_509" "Mozilla/4.0 (compatible; MSIE 8.0; Windows NT 5.1; Trident/4.0; .NET CLR 1.1.4322; .NET CLR 2.0.50727; .NET CLR 3.0.4506.2152; .NET CLR 3.5.30729)" 514 5044 - 101
184.3.158.133 - - [15/Feb/2013:07:22:00 -0600] "GET /wp-content/uploads/2012/12/stockvault-coins136198-300x161.jpg HTTP/1.1" 200 33151 "http://www.freegametopia.com/free-online-games/classic-games/frogger/?jrlid=m1&utm_source=BL&utm_medium=CPC&utm_term=2549129_3585735&utm_campaign=GameCDPs_509" "Mozilla/4.0 (compatible; MSIE 8.0; Windows NT 5.1; Trident/4.0; .NET CLR 1.1.4322; .NET CLR 2.0.50727; .NET CLR 3.0.4506.2152; .NET CLR 3.5.30729)" 521 33410 - 101
184.3.158.133 - - [15/Feb/2013:07:22:00 -0600] "GET /wp-content/themes/twentytwelve/style.css?ver=3.5 HTTP/1.1" 200 35292 "http://www.freegametopia.com/free-online-games/classic-games/frogger/?jrlid=m1&utm_source=BL&utm_medium=CPC&utm_term=2549129_3585735&utm_campaign=GameCDPs_509" "Mozilla/4.0 (compatible; MSIE 8.0; Windows NT 5.1; Trident/4.0; .NET CLR 1.1.4322; .NET CLR 2.0.50727; .NET CLR 3.0.4506.2152; .NET CLR 3.5.30729)" 508 35549 - 278890
