184.3.158.133 - - [15/Feb/2013:07:22:00 -0600] "GET /wp-content/uploads/2012/12/stockvault-credit-card106277-300x199.jpg HTTP/1.1" 200 69800 "http://www.freegametopia.com/free-online-games/classic-games/frogger/?jrlid=m1&utm_source=BL&utm_medium=CPC&utm_term=2549129_3585735&utm_campaign=GameCDPs_509" "Mozilla/4.0 (compatible; MSIE 8.0; Windows NT 5.1; Trident/4.0; .NET CLR 1.1.4322; .NET CLR 2.0.50727; .NET CLR 3.0.4506.2152; .NET CLR 3.5.30729)" 527 70060 - 225173
184.3.158.133 - - [15/Feb/2013:07:22:00 -0600] "GET /wp-content/uploads/2012/12/stockvault-money139084-200x300.jpg HTTP/1.1" 200 130842 "http://www.freegametopia.com/free-online-games/classic-games/frogger/?jrlid=m1&utm_source=BL&utm_medium=CPC&utm_term=2549129_3585735&utm_campaign=GameCDPs_509" "Mozilla/4.0 (compatible; MSIE 8.0; Windows NT 5.1; Trident/4.0; .NET CLR 1.1.4322; .NET CLR 2.0.50727; .NET CLR 3.0.4506.2152; .NET CLR 3.5.30729)" 521 131103 - 333004
216.55.38.86 - - [15/Feb/2013:07:22:03 -0600] "GET /?cb=[CACHEBUSTER]&utm_source=Contextin&utm_campaign=23006&utm_medium=7&utm_term=1B34A5D9FA5466992903377063&utm_content=-164906603317480469 HTTP/1.1" 200 9983 "http://www.freegametopia.com/free-online-games/classic-games/frogger/?jrlid=m1&utm_source=BL&utm_medium=CPC&utm_term=2535180_3581344&utm_campaign=GameCDPs_473" "Mozilla/4.0 (compatible; MSIE 8.0; Windows NT 6.1; WOW64; Trident/4.0; SLCC2; .NET CLR 2.0.50727; .NET CLR 3.5.30729; .NET CLR 3.0.30729; Media Center PC 6.0; .NET4.0C; .NET4.0E; A7F; InfoPath.2; MS-RTC LM 8)" 863 10246 - 127794
216.55.38.86 - - [15/Feb/2013:07:22:03 -0600] "GET /wp-content/themes/twentytwelve/js/navigation.js?ver=1.0 HTTP/1.1" 200 863 "http://www.freegametopia.com/free-online-games/classic-games/frogger/?jrlid=m1&utm_source=BL&utm_medium=CPC&utm_term=2535180_3581344&utm_campaign=GameCDPs_473" "Mozilla/4.0 (compatible; MSIE 8.0; Windows NT 6.1; WOW64; Trident/4.0; SLCC2; .NET CLR 2.0.50727; .NET CLR 3.5.30729; .NET CLR 3.0.30729; Media Center PC 6.0; .NET4.0C; .NET4.0E; A7F; InfoPath.2; MS-RTC LM 8)" 577 1133 - 139
216.55.38.86 - - [15/Feb/2013:07:22:03 -0600] "GET /wp-content/themes/twentytwelve/js/html5.js HTTP/1.1" 200 2487 "http://www.freegametopia.com/free-online-games/classic-games/frogger/?jrlid=m1&utm_source=BL&utm_medium=CPC&utm_term=2535180_3581344&utm_campaign=GameCDPs_473" "Mozilla/4.0 (compatible; MSIE 8.0; Windows NT 6.1; WOW64; Trident/4.0; SLCC2; .NET CLR 2.0.50727; .NET CLR 3.5.30729; .NET CLR 3.0.30729; Media Center PC 6.0; .NET4.0C; .NET4.0E; A7F; InfoPath.2; MS-RTC LM 8)" 564 2758 - 118
66.11.4.30 - - [15/Feb/2013:07:22:04 -0600] "GET /?author=2 HTTP/1.1" 200 10476 "http://creditcardandloanoffers.com/?utm_source=HP&utm_campaign=23006Fake&utm_medium=16&utm_term=CA8E341842913686585034942&utm_content=-6700332178252193919" "Mozilla/4.0 (compatible; MSIE 8.0; Windows NT 5.1; Trident/4.0; .NET CLR 2.0.50727; .NET CLR 3.0.4506.2152; .NET CLR 3.5.30729; .NET4.0C; .NET4.0E)" 730 10739 - 126419
66.11.4.30 - - [15/Feb/2013:07:22:04 -0600] "GET /wp-content/themes/twentytwelve/js/html5.js HTTP/1.1" 200 2487 "http://50.97.37.217/?author=2" "Mozilla/4.0 (compatible; MSIE 8.0; Windows NT 5.1; Trident/4.0; .NET CLR 2.0.50727; .NET CLR 3.0.4506.2152; .NET CLR 3.5.30729; .NET4.0C; .NET4.0E)" 374 2758 - 150
66.11.4.30 - - [15/Feb/2013:07:22:04 -0600] "GET /wp-content/themes/twentytwelve/css/ie.css?ver=20121010 HTTP/1.1" 200 4788 "http://50.97.37.217/?author=2" "Mozilla/4.0 (compatible; MSIE 8.0; Windows NT 5.1; Trident/4.0; .NET CLR 2.0.50727; .NET CLR 3.0.4506.2152; .NET CLR 3.5.30729; .NET4.0C; .NET4.0E)" 386 5044 - 99
66.11.4.30 - - [15/Feb/2013:07:22:04 -0600] "GET /wp-content/themes/twentytwelve/js/navigation.js?ver=1.0 HTTP/1.1" 200 863 "http://50.97.37.217/?author=2" "Mozilla/4.0 (compatible; MSIE 8.0; Windows NT 5.1; Trident/4.0; .NET CLR 2.0.50727; .NET CLR 3.0.4506.2152; .NET CLR 3.5.30729; .NET4.0C; .NET4.0E)" 387 1133 - 100
66.11.4.30 - - [15/Feb/2013:07:22:04 -0600] "GET /wp-content/themes/twentytwelve/style.css?ver=3.5 HTTP/1.1" 200 35292 "http://50.97.37.217/?author=2" "Mozilla/4.0 (compatible; MSIE 8.0; Windows NT 5.1; Trident/4.0; .NET CLR 2.0.50727; .NET CLR 3.0.4506.2152; .NET CLR 3.5.30729; .NET4.0C; .NET4.0E)" 380 35549 - 280466
66.11.4.30 - - [15/Feb/2013:07:22:05 -0600] "GET /wp-content/uploads/2012/12/stockvault-coins136198-300x161.jpg HTTP/1.1" 200 33151 "http://50.97.37.217/?author=2" "Mozilla/4.0 (compatible; MSIE 8.0; Windows NT 5.1; Trident/4.0; .NET CLR 2.0.50727; .NET CLR 3.0.4506.2152; .NET CLR 3.5.30729; .NET4.0C; .NET4.0E)" 393 33410 - 100
66.11.4.30 - - [15/Feb/2013:07:22:05 -0600] "GET /wp-content/uploads/2012/12/stockvault-credit-card106277-300x199.jpg HTTP/1.1" 200 69800 "http://50.97.37.217/?author=2" "Mozilla/4.0 (compatible; MSIE 8.0; Windows NT 5.1; Trident/4.0; .NET CLR 2.0.50727; .NET CLR 3.0.4506.2152; .NET CLR 3.5.30729; .NET4.0C; .NET4.0E)" 399 70060 - 333312
66.11.4.30 - - [15/Feb/2013:07:22:05 -0600] "GET /wp-content/uploads/2012/12/stockvault-money139084-200x300.jpg HTTP/1.1" 200 130842 "http://50.97.37.217/?author=2" "Mozilla/4.0 (compatible; MSIE 8.0; Windows NT 5.1; Trident/4.0; .NET CLR 2.0.50727; .NET CLR 3.0.4506.2152; .NET CLR 3.5.30729; .NET4.0C; .NET4.0E)" 393 131103 - 391756
209.156.194.42 - - [15/Feb/2013:07:22:06 -0600] "GET /?cb=[CACHEBUSTER]&utm_source=Contextin&utm_campaign=23006&utm_medium=17&utm_term=4EF79255D254672321053805609&utm_content=8105227343658482027 HTTP/1.1" 200 9983 "http://www.freegametopia.com/free-online-games/classic-games/sonic/" "Mozilla/4.0 (compatible; MSIE 7.0; Windows NT 5.1; GTB7.4; .NET CLR 2.0.50727; .NET CLR 3.0.4506.2152; .NET CLR 3.5.30729; CMDTDF)" 789 10246 - 125420
209.156.194.42 - - [15/Feb/2013:07:22:06 -0600] "GET /?cb=[CACHEBUSTER]&utm_source=Contextin&utm_campaign=23006&utm_medium=17&utm_term=4EF79255D254672321053805609&utm_content=8105227343658482027 HTTP/1.1" 200 9983 "http://www.freegametopia.com/free-online-games/classic-games/sonic/" "Mozilla/4.0 (compatible; MSIE 7.0; Windows NT 5.1; GTB7.4; .NET CLR 2.0.50727; .NET CLR 3.0.4506.2152; .NET CLR 3.5.30729; CMDTDF)" 789 10246 - 129205
209.156.194.42 - - [15/Feb/2013:07:22:06 -0600] "GET /wp-content/themes/twentytwelve/js/html5.js HTTP/1.1" 200 2487 "http://www.freegametopia.com/free-online-games/classic-games/sonic/" "Mozilla/4.0 (compatible; MSIE 7.0; Windows NT 5.1; GTB7.4; .NET CLR 2.0.50727; .NET CLR 3.0.4506.2152; .NET CLR 3.5.30729; CMDTDF)" 408 2758 - 147
66.11.4.30 - - [15/Feb/2013:07:22:06 -0600] "GET /favicon.ico HTTP/1.1" 404 286 "-" "Mozilla/4.0 (compatible; MSIE 8.0; Windows NT 5.1; Trident/4.0; .NET CLR 2.0.50727; .NET CLR 3.0.4506.2152; .NET CLR 3.5.30729; .NET4.0C; .NET4.0E)" 513 465 - 104
209.156.194.42 - - [15/Feb/2013:07:22:06 -0600] "GET /wp-content/themes/twentytwelve/js/html5.js HTTP/1.1" 200 2487 "http://www.freegametopia.com/free-online-games/classic-games/sonic/" "Mozilla/4.0 (compatible; MSIE 7.0; Windows NT 5.1; GTB7.4; .NET CLR 2.0.50727; .NET CLR 3.0.4506.2152; .NET CLR 3.5.30729; CMDTDF)" 408 2758 - 101
216.55.38.86 - - [15/Feb/2013:07:22:06 -0600] "GET /wp-content/themes/twentytwelve/css/ie.css?ver=20121010 HTTP/1.1" 200 4788 "http://www.freegametopia.com/free-online-games/classic-games/frogger/?jrlid=m1&utm_source=BL&utm_medium=CPC&utm_term=2535180_3581344&utm_campaign=GameCDPs_473" "Mozilla/4.0 (compatible; MSIE 8.0; Windows NT 6.1; WOW64; Trident/4.0; SLCC2; .NET CLR 2.0.50727; .NET CLR 3.5.30729; .NET CLR 3.0.30729; Media Center PC 6.0; .NET4.0C; .NET4.0E; A7F; InfoPath.2; MS-RTC LM 8)" 576 5044 - 101
216.55.38.86 - - [15/Feb/2013:07:22:07 -0600] "GET /wp-content/uploads/2012/12/stockvault-coins136198-300x161.jpg HTTP/1.1" 200 33151 "http://www.freegametopia.com/free-online-games/classic-games/frogger/?jrlid=m1&utm_source=BL&utm_medium=CPC&utm_term=2535180_3581344&utm_campaign=GameCDPs_473" "Mozilla/4.0 (compatible; MSIE 8.0; Windows NT 6.1; WOW64; Trident/4.0; SLCC2; .NET CLR 2.0.50727; .NET CLR 3.5.30729; .NET CLR 3.0.30729; Media Center PC 6.0; .NET4.0C; .NET4.0E; A7F; InfoPath.2; MS-RTC LM 8)" 583 33410 - 94
216.55.38.86 - - [15/Feb/2013:07:22:03 -0600] "GET /wp-content/themes/twentytwelve/style.css?ver=3.5 HTTP/1.1" 200 35292 "http://www.freegametopia.com/free-online-games/classic-games/frogger/?jrlid=m1&utm_source=BL&utm_medium=CPC&utm_term=2535180_3581344&utm_campaign=GameCDPs_473" "Mozilla/4.0 (compatible; MSIE 8.0; Windows NT 6.1; WOW64; Trident/4.0; SLCC2; .NET CLR 2.0.50727; .NET CLR 3.5.30729; .NET CLR 3.0.30729; Media Center PC 6.0; .NET4.0C; .NET4.0E; A7F; InfoPath.2; MS-RTC LM 8)" 570 35549 - 3448416
216.55.38.86 - - [15/Feb/2013:07:22:07 -0600] "GET /wp-content/uploads/2012/12/stockvault-credit-card106277-300x199.jpg HTTP/1.1" 200 69800 "http://www.freegametopia.com/free-online-games/classic-games/frogger/?jrlid=m1&utm_source=BL&utm_medium=CPC&utm_term=2535180_3581344&utm_campaign=GameCDPs_473" "Mozilla/4.0 (compatible; MSIE 8.0; Windows NT 6.1; WOW64; Trident/4.0; SLCC2; .NET CLR 2.0.50727; .NET CLR 3.5.30729; .NET CLR 3.0.30729; Media Center PC 6.0; .NET4.0C; .NET4.0E; A7F; InfoPath.2; MS-RTC LM 8)" 589 70060 - 167035
216.55.38.86 - - [15/Feb/2013:07:22:07 -0600] "GET /wp-content/uploads/2012/12/stockvault-money139084-200x300.jpg HTTP/1.1" 200 130842 "http://www.freegametopia.com/free-online-games/classic-games/frogger/?jrlid=m1&utm_source=BL&utm_medium=CPC&utm_term=2535180_3581344&utm_campaign=GameCDPs_473" "Mozilla/4.0 (compatible; MSIE 8.0; Windows NT 6.1; WOW64; Trident/4.0; SLCC2; .NET CLR 2.0.50727; .NET CLR 3.5.30729; .NET CLR 3.0.30729; Media Center PC 6.0; .NET4.0C; .NET4.0E; A7F; InfoPath.2; MS-RTC LM 8)" 583 131103 - 237370
68.15.59.85 - - [15/Feb/2013:07:22:08 -0600] "GET /?cb=[CACHEBUSTER]&utm_source=Contextin&utm_campaign=23006&utm_medium=17&utm_term=23997A69B368436441214219011&utm_content=-2182461959157758811 HTTP/1.1" 200 9983 "http://www.freegametopia.com/free-online-games/classic-games/frogger/?jrlid=m1&utm_source=BL&utm_medium=CPC&utm_term=2535180_3581345&utm_campaign=GameCDPs_509" "Mozilla/4.0 (compatible; MSIE 8.0; Windows NT 5.1; Trident/4.0; FunWebProducts; GTB7.4; .NET CLR 1.1.4322; .NET CLR 2.0.50727; .NET CLR 3.0.04506.30; .NET CLR 3.0.4506.2152; .NET CLR 3.5.30729; MS-RTC LM 8; InfoPath.1; .NET4.0C; .NET4.0E; IPH 1.1.21.4019; BRI/2; FunWebProducts; yie8)" 1277 10246 - 125694
68.15.59.85 - - [15/Feb/2013:07:22:08 -0600] "GET /wp-content/themes/twentytwelve/js/html5.js HTTP/1.1" 200 2487 "http://www.freegametopia.com/free-online-games/classic-games/frogger/?jrlid=m1&utm_source=BL&utm_medium=CPC&utm_term=2535180_3581345&utm_campaign=GameCDPs_509" "Mozilla/4.0 (compatible; MSIE 8.0; Windows NT 5.1; Trident/4.0; FunWebProducts; GTB7.4; .NET CLR 1.1.4322; .NET CLR 2.0.50727; .NET CLR 3.0.04506.30; .NET CLR 3.0.4506.2152; .NET CLR 3.5.30729; MS-RTC LM 8; InfoPath.1; .NET4.0C; .NET4.0E; IPH 1.1.21.4019; BRI/2; FunWebProducts; yie8)" 640 2758 - 144
68.15.59.85 - - [15/Feb/2013:07:22:08 -0600] "GET /wp-content/themes/twentytwelve/css/ie.css?ver=20121010 HTTP/1.1" 200 4788 "http://www.freegametopia.com/free-online-games/classic-games/frogger/?jrlid=m1&utm_source=BL&utm_medium=CPC&utm_term=2535180_3581345&utm_campaign=GameCDPs_509" "Mozilla/4.0 (compatible; MSIE 8.0; Windows NT 5.1; Trident/4.0; FunWebProducts; GTB7.4; .NET CLR 1.1.4322; .NET CLR 2.0.50727; .NET CLR 3.0.04506.30; .NET CLR 3.0.4506.2152; .NET CLR 3.5.30729; MS-RTC LM 8; InfoPath.1; .NET4.0C; .NET4.0E; IPH 1.1.21.4019; BRI/2; FunWebProducts; yie8)" 652 5044 - 100
68.15.59.85 - - [15/Feb/2013:07:22:08 -0600] "GET /wp-content/themes/twentytwelve/js/navigation.js?ver=1.0 HTTP/1.1" 200 863 "http://www.freegametopia.com/free-online-games/classic-games/frogger/?jrlid=m1&utm_source=BL&utm_medium=CPC&utm_term=2535180_3581345&utm_campaign=GameCDPs_509" "Mozilla/4.0 (compatible; MSIE 8.0; Windows NT 5.1; Trident/4.0; FunWebProducts; GTB7.4; .NET CLR 1.1.4322; .NET CLR 2.0.50727; .NET CLR 3.0.04506.30; .NET CLR 3.0.4506.2152; .NET CLR 3.5.30729; MS-RTC LM 8; InfoPath.1; .NET4.0C; .NET4.0E; IPH 1.1.21.4019; BRI/2; FunWebProducts; yie8)" 653 1133 - 95
68.15.59.85 - - [15/Feb/2013:07:22:08 -0600] "GET /wp-content/themes/twentytwelve/style.css?ver=3.5 HTTP/1.1" 200 35292 "http://www.freegametopia.com/free-online-games/classic-games/frogger/?jrlid=m1&utm_source=BL&utm_medium=CPC&utm_term=2535180_3581345&utm_campaign=GameCDPs_509" "Mozilla/4.0 (compatible; MSIE 8.0; Windows NT 5.1; Trident/4.0; FunWebProducts; GTB7.4; .NET CLR 1.1.4322; .NET CLR 2.0.50727; .NET CLR 3.0.04506.30; .NET CLR 3.0.4506.2152; .NET CLR 3.5.30729; MS-RTC LM 8; InfoPath.1; .NET4.0C; .NET4.0E; IPH 1.1.21.4019; BRI/2; FunWebProducts; yie8)" 646 35549 - 149870
68.15.59.85 - - [15/Feb/2013:07:22:08 -0600] "GET /wp-content/uploads/2012/12/stockvault-coins136198-300x161.jpg HTTP/1.1" 200 33151 "http://www.freegametopia.com/free-online-games/classic-games/frogger/?jrlid=m1&utm_source=BL&utm_medium=CPC&utm_term=2535180_3581345&utm_campaign=GameCDPs_509" "Mozilla/4.0 (compatible; MSIE 8.0; Windows NT 5.1; Trident/4.0; FunWebProducts; GTB7.4; .NET CLR 1.1.4322; .NET CLR 2.0.50727; .NET CLR 3.0.04506.30; .NET CLR 3.0.4506.2152; .NET CLR 3.5.30729; MS-RTC LM 8; InfoPath.1; .NET4.0C; .NET4.0E; IPH 1.1.21.4019; BRI/2; FunWebProducts; yie8)" 659 33410 - 120
68.15.59.85 - - [15/Feb/2013:07:22:08 -0600] "GET /wp-content/uploads/2012/12/stockvault-credit-card106277-300x199.jpg HTTP/1.1" 200 69800 "http://www.freegametopia.com/free-online-games/classic-games/frogger/?jrlid=m1&utm_source=BL&utm_medium=CPC&utm_term=2535180_3581345&utm_campaign=GameCDPs_509" "Mozilla/4.0 (compatible; MSIE 8.0; Windows NT 5.1; Trident/4.0; FunWebProducts; GTB7.4; .NET CLR 1.1.4322; .NET CLR 2.0.50727; .NET CLR 3.0.04506.30; .NET CLR 3.0.4506.2152; .NET CLR 3.5.30729; MS-RTC LM 8; InfoPath.1; .NET4.0C; .NET4.0E; IPH 1.1.21.4019; BRI/2; FunWebProducts; yie8)" 665 70060 - 143652
68.15.59.85 - - [15/Feb/2013:07:22:08 -0600] "GET /wp-content/uploads/2012/12/stockvault-money139084-200x300.jpg HTTP/1.1" 200 130842 "http://www.freegametopia.com/free-online-games/classic-games/frogger/?jrlid=m1&utm_source=BL&utm_medium=CPC&utm_term=2535180_3581345&utm_campaign=GameCDPs_509" "Mozilla/4.0 (compatible; MSIE 8.0; Windows NT 5.1; Trident/4.0; FunWebProducts; GTB7.4; .NET CLR 1.1.4322; .NET CLR 2.0.50727; .NET CLR 3.0.04506.30; .NET CLR 3.0.4506.2152; .NET CLR 3.5.30729; MS-RTC LM 8; InfoPath.1; .NET4.0C; .NET4.0E; IPH 1.1.21.4019; BRI/2; FunWebProducts; yie8)" 659 131103 - 237467
98.182.48.102 - - [15/Feb/2013:07:22:10 -0600] "GET /?cb=[CACHEBUSTER]&utm_source=Contextin&utm_campaign=23006&utm_medium=16&utm_term=5384DB7B1D29139561204671560&utm_content=-3406897368540212528 HTTP/1.1" 200 9983 "http://www.faresuit.com/index.html" "Opera/9.70 (Linux ppc64 ; U; en) Presto/2.2.1" 440 10246 - 125317
98.182.48.102 - - [15/Feb/2013:07:22:10 -0600] "GET /wp-content/themes/twentytwelve/js/navigation.js?ver=1.0 HTTP/1.1" 200 863 "http://www.faresuit.com/index.html" "Opera/9.70 (Linux ppc64 ; U; en) Presto/2.2.1" 335 1133 - 102
98.182.48.102 - - [15/Feb/2013:07:22:10 -0600] "GET /wp-content/themes/twentytwelve/style.css?ver=3.5 HTTP/1.1" 200 35292 "http://www.faresuit.com/index.html" "Opera/9.70 (Linux ppc64 ; U; en) Presto/2.2.1" 303 35040 X 51685
98.182.48.102 - - [15/Feb/2013:07:22:10 -0600] "GET /wp-content/themes/twentytwelve/js/navigation.js?ver=1.0 HTTP/1.1" 304 - "http://creditcardandloanoffers.com/?cb=[CACHEBUSTER]&utm_source=Contextin&utm_campaign=23006&utm_medium=16&utm_term=5384DB7B1D29139561204671560&utm_content=-3406897368540212528" "Mozilla/5.0 (compatible; MSIE 9.0; Windows NT 6.1; Win64; x64; Trident/5.0)" 601 151 - 123
98.182.48.102 - - [15/Feb/2013:07:22:10 -0600] "GET /wp-content/uploads/2012/12/stockvault-coins136198-300x161.jpg HTTP/1.1" 200 33151 "http://creditcardandloanoffers.com/?cb=[CACHEBUSTER]&utm_source=Contextin&utm_campaign=23006&utm_medium=16&utm_term=5384DB7B1D29139561204671560&utm_content=-3406897368540212528" "Mozilla/5.0 (compatible; MSIE 9.0; Windows NT 6.1; Win64; x64; Trident/5.0)" 530 33410 - 114
98.182.48.102 - - [15/Feb/2013:07:22:10 -0600] "GET /wp-content/themes/twentytwelve/style.css?ver=3.5 HTTP/1.1" 200 35292 "http://creditcardandloanoffers.com/?cb=[CACHEBUSTER]&utm_source=Contextin&utm_campaign=23006&utm_medium=16&utm_term=5384DB7B1D29139561204671560&utm_content=-3406897368540212528" "Mozilla/5.0 (compatible; MSIE 9.0; Windows NT 6.1; Win64; x64; Trident/5.0)" 475 35549 - 162338
98.182.48.102 - - [15/Feb/2013:07:22:10 -0600] "GET /wp-content/uploads/2012/12/stockvault-credit-card106277-300x199.jpg HTTP/1.1" 200 69800 "http://creditcardandloanoffers.com/?cb=[CACHEBUSTER]&utm_source=Contextin&utm_campaign=23006&utm_medium=16&utm_term=5384DB7B1D29139561204671560&utm_content=-3406897368540212528" "Mozilla/5.0 (compatible; MSIE 9.0; Windows NT 6.1; Win64; x64; Trident/5.0)" 536 70060 - 173071
98.182.48.102 - - [15/Feb/2013:07:22:10 -0600] "GET /wp-content/uploads/2012/12/stockvault-money139084-200x300.jpg HTTP/1.1" 200 130842 "http://creditcardandloanoffers.com/?cb=[CACHEBUSTER]&utm_source=Contextin&utm_campaign=23006&utm_medium=16&utm_term=5384DB7B1D29139561204671560&utm_content=-3406897368540212528" "Mozilla/5.0 (compatible; MSIE 9.0; Windows NT 6.1; Win64; x64; Trident/5.0)" 530 131103 - 255687
98.182.48.102 - - [15/Feb/2013:07:22:13 -0600] "GET /favicon.ico HTTP/1.1" 404 301 "-" "Mozilla/5.0 (compatible; MSIE 9.0; Windows NT 6.1; Win64; x64; Trident/5.0)" 237 480 - 143
99.109.50.59 - - [15/Feb/2013:07:22:18 -0600] "GET /?utm_source=HP&utm_campaign=23006Fake&utm_medium=16&utm_term=C75B8C59A12913086370565215&utm_content=8400888700813352444 HTTP/1.1" 200 9983 "http://ad.z5x.net/st?ad_type=iframe&ad_size=160x600&section=2992453" "Mozilla/4.0 (compatible; MSIE 8.0; Windows NT 5.1; Trident/4.0; .NET CLR 1.1.4322; .NET CLR 2.0.50727; .NET CLR 3.0.04506.30; .NET CLR 3.0.4506.2152; .NET CLR 3.5.30729; .NET4.0C; .NET4.0E; IPH 1.1.21.4019)" 827 10246 - 126432
99.109.50.59 - - [15/Feb/2013:07:22:18 -0600] "GET /wp-content/themes/twentytwelve/js/html5.js HTTP/1.1" 200 2487 "http://creditcardandloanoffers.com/?utm_source=HP&utm_campaign=23006Fake&utm_medium=16&utm_term=C75B8C59A12913086370565215&utm_content=8400888700813352444" "Mozilla/4.0 (compatible; MSIE 8.0; Windows NT 5.1; Trident/4.0; .NET CLR 1.1.4322; .NET CLR 2.0.50727; .NET CLR 3.0.04506.30; .NET CLR 3.0.4506.2152; .NET CLR 3.5.30729; .NET4.0C; .NET4.0E; IPH 1.1.21.4019)" 558 2758 - 143
99.109.50.59 - - [15/Feb/2013:07:22:18 -0600] "GET /wp-content/themes/twentytwelve/css/ie.css?ver=20121010 HTTP/1.1" 200 4788 "http://creditcardandloanoffers.com/?utm_source=HP&utm_campaign=23006Fake&utm_medium=16&utm_term=C75B8C59A12913086370565215&utm_content=8400888700813352444" "Mozilla/4.0 (compatible; MSIE 8.0; Windows NT 5.1; Trident/4.0; .NET CLR 1.1.4322; .NET CLR 2.0.50727; .NET CLR 3.0.04506.30; .NET CLR 3.0.4506.2152; .NET CLR 3.5.30729; .NET4.0C; .NET4.0E; IPH 1.1.21.4019)" 570 5044 - 103
99.109.50.59 - - [15/Feb/2013:07:22:18 -0600] "GET /wp-content/themes/twentytwelve/js/navigation.js?ver=1.0 HTTP/1.1" 200 863 "http://creditcardandloanoffers.com/?utm_source=HP&utm_campaign=23006Fake&utm_medium=16&utm_term=C75B8C59A12913086370565215&utm_content=8400888700813352444" "Mozilla/4.0 (compatible; MSIE 8.0; Windows NT 5.1; Trident/4.0; .NET CLR 1.1.4322; .NET CLR 2.0.50727; .NET CLR 3.0.04506.30; .NET CLR 3.0.4506.2152; .NET CLR 3.5.30729; .NET4.0C; .NET4.0E; IPH 1.1.21.4019)" 571 1133 - 94
99.109.50.59 - - [15/Feb/2013:07:22:18 -0600] "GET /wp-content/uploads/2012/12/stockvault-coins136198-300x161.jpg HTTP/1.1" 200 33151 "http://creditcardandloanoffers.com/?utm_source=HP&utm_campaign=23006Fake&utm_medium=16&utm_term=C75B8C59A12913086370565215&utm_content=8400888700813352444" "Mozilla/4.0 (compatible; MSIE 8.0; Windows NT 5.1; Trident/4.0; .NET CLR 1.1.4322; .NET CLR 2.0.50727; .NET CLR 3.0.04506.30; .NET CLR 3.0.4506.2152; .NET CLR 3.5.30729; .NET4.0C; .NET4.0E; IPH 1.1.21.4019)" 577 33410 - 107
216.55.38.86 - - [15/Feb/2013:07:22:18 -0600] "GET /?attachment_id=11 HTTP/1.1" 200 9051 "http://creditcardandloanoffers.com/?cb=[CACHEBUSTER]&utm_source=Contextin&utm_campaign=23006&utm_medium=7&utm_term=1B34A5D9FA5466992903377063&utm_content=-164906603317480469" "Mozilla/4.0 (compatible; MSIE 8.0; Windows NT 6.1; WOW64; Trident/4.0; SLCC2; .NET CLR 2.0.50727; .NET CLR 3.5.30729; .NET CLR 3.0.30729; Media Center PC 6.0; .NET4.0C; .NET4.0E; A7F; InfoPath.2; MS-RTC LM 8)" 757 9313 - 128653
99.109.50.59 - - [15/Feb/2013:07:22:18 -0600] "GET /wp-content/themes/twentytwelve/style.css?ver=3.5 HTTP/1.1" 200 35292 "http://creditcardandloanoffers.com/?utm_source=HP&utm_campaign=23006Fake&utm_medium=16&utm_term=C75B8C59A12913086370565215&utm_content=8400888700813352444" "Mozilla/4.0 (compatible; MSIE 8.0; Windows NT 5.1; Trident/4.0; .NET CLR 1.1.4322; .NET CLR 2.0.50727; .NET CLR 3.0.04506.30; .NET CLR 3.0.4506.2152; .NET CLR 3.5.30729; .NET4.0C; .NET4.0E; IPH 1.1.21.4019)" 564 35549 - 564672
216.55.38.86 - - [15/Feb/2013:07:22:19 -0600] "GET /wp-content/themes/twentytwelve/js/navigation.js?ver=1.0 HTTP/1.1" 200 863 "http://creditcardandloanoffers.com/?attachment_id=11" "Mozilla/4.0 (compatible; MSIE 8.0; Windows NT 6.1; WOW64; Trident/4.0; SLCC2; .NET CLR 2.0.50727; .NET CLR 3.5.30729; .NET CLR 3.0.30729; Media Center PC 6.0; .NET4.0C; .NET4.0E; A7F; InfoPath.2; MS-RTC LM 8)" 471 1133 - 148
216.55.38.86 - - [15/Feb/2013:07:22:19 -0600] "GET /wp-includes/js/comment-reply.min.js?ver=3.5 HTTP/1.1" 200 786 "http://creditcardandloanoffers.com/?attachment_id=11" "Mozilla/4.0 (compatible; MSIE 8.0; Windows NT 6.1; WOW64; Trident/4.0; SLCC2; .NET CLR 2.0.50727; .NET CLR 3.5.30729; .NET CLR 3.0.30729; Media Center PC 6.0; .NET4.0C; .NET4.0E; A7F; InfoPath.2; MS-RTC LM 8)" 459 1056 - 103
216.55.38.86 - - [15/Feb/2013:07:22:19 -0600] "GET /wp-content/themes/twentytwelve/css/ie.css?ver=20121010 HTTP/1.1" 200 4788 "http://creditcardandloanoffers.com/?attachment_id=11" "Mozilla/4.0 (compatible; MSIE 8.0; Windows NT 6.1; WOW64; Trident/4.0; SLCC2; .NET CLR 2.0.50727; .NET CLR 3.5.30729; .NET CLR 3.0.30729; Media Center PC 6.0; .NET4.0C; .NET4.0E; A7F; InfoPath.2; MS-RTC LM 8)" 470 5044 - 97
216.55.38.86 - - [15/Feb/2013:07:22:19 -0600] "GET /wp-content/themes/twentytwelve/js/html5.js HTTP/1.1" 200 2487 "http://creditcardandloanoffers.com/?attachment_id=11" "Mozilla/4.0 (compatible; MSIE 8.0; Windows NT 6.1; WOW64; Trident/4.0; SLCC2; .NET CLR 2.0.50727; .NET CLR 3.5.30729; .NET CLR 3.0.30729; Media Center PC 6.0; .NET4.0C; .NET4.0E; A7F; InfoPath.2; MS-RTC LM 8)" 458 2758 - 99
216.55.38.86 - - [15/Feb/2013:07:22:19 -0600] "GET /wp-content/themes/twentytwelve/style.css?ver=3.5 HTTP/1.1" 200 35292 "http://creditcardandloanoffers.com/?attachment_id=11" "Mozilla/4.0 (compatible; MSIE 8.0; Windows NT 6.1; WOW64; Trident/4.0; SLCC2; .NET CLR 2.0.50727; .NET CLR 3.5.30729; .NET CLR 3.0.30729; Media Center PC 6.0; .NET4.0C; .NET4.0E; A7F; InfoPath.2; MS-RTC LM 8)" 464 35549 - 151574
216.55.38.86 - - [15/Feb/2013:07:22:19 -0600] "GET /wp-includes/js/jquery/jquery.js?ver=1.8.3 HTTP/1.1" 200 93658 "http://creditcardandloanoffers.com/?attachment_id=11" "Mozilla/4.0 (compatible; MSIE 8.0; Windows NT 6.1; WOW64; Trident/4.0; SLCC2; .NET CLR 2.0.50727; .NET CLR 3.5.30729; .NET CLR 3.0.30729; Media Center PC 6.0; .NET4.0C; .NET4.0E; A7F; InfoPath.2; MS-RTC LM 8)" 457 93932 - 190656
99.109.50.59 - - [15/Feb/2013:07:22:18 -0600] "GET /wp-content/uploads/2012/12/stockvault-credit-card106277-300x199.jpg HTTP/1.1" 200 69800 "http://creditcardandloanoffers.com/?utm_source=HP&utm_campaign=23006Fake&utm_medium=16&utm_term=C75B8C59A12913086370565215&utm_content=8400888700813352444" "Mozilla/4.0 (compatible; MSIE 8.0; Windows NT 5.1; Trident/4.0; .NET CLR 1.1.4322; .NET CLR 2.0.50727; .NET CLR 3.0.04506.30; .NET CLR 3.0.4506.2152; .NET CLR 3.5.30729; .NET4.0C; .NET4.0E; IPH 1.1.21.4019)" 583 70060 - 1082338
216.55.38.86 - - [15/Feb/2013:07:22:19 -0600] "GET /wp-content/uploads/2012/12/stockvault-coins136198.jpg HTTP/1.1" 200 419411 "http://creditcardandloanoffers.com/?attachment_id=11" "Mozilla/4.0 (compatible; MSIE 8.0; Windows NT 6.1; WOW64; Trident/4.0; SLCC2; .NET CLR 2.0.50727; .NET CLR 3.5.30729; .NET CLR 3.0.30729; Media Center PC 6.0; .NET4.0C; .NET4.0E; A7F; InfoPath.2; MS-RTC LM 8)" 469 419672 - 409518
99.109.50.59 - - [15/Feb/2013:07:22:18 -0600] "GET /wp-content/uploads/2012/12/stockvault-money139084-200x300.jpg HTTP/1.1" 200 130842 "http://creditcardandloanoffers.com/?utm_source=HP&utm_campaign=23006Fake&utm_medium=16&utm_term=C75B8C59A12913086370565215&utm_content=8400888700813352444" "Mozilla/4.0 (compatible; MSIE 8.0; Windows NT 5.1; Trident/4.0; .NET CLR 1.1.4322; .NET CLR 2.0.50727; .NET CLR 3.0.04506.30; .NET CLR 3.0.4506.2152; .NET CLR 3.5.30729; .NET4.0C; .NET4.0E; IPH 1.1.21.4019)" 577 131103 - 1374026
209.23.204.3 - - [15/Feb/2013:07:22:21 -0600] "GET /?cb=[CACHEBUSTER]&utm_source=Contextin&utm_campaign=23006&utm_medium=7&utm_term=351CBF78386848272491048250&utm_content=4507227163883679596 HTTP/1.1" 200 9983 "http://www.freegametopia.com/free-online-games/classic-games/frogger/?jrlid=m1&utm_source=BL&utm_medium=CPC&utm_term=2549129_3585735&utm_campaign=GameCDPs_473" "Mozilla/4.0 (compatible; MSIE 8.0; Windows NT 5.1; Trident/4.0; .NET CLR 2.0.50727; .NET CLR 3.0.4506.2152; .NET CLR 3.5.30729)" 885 10246 - 125848
209.23.204.3 - - [15/Feb/2013:07:22:21 -0600] "GET /wp-content/themes/twentytwelve/js/html5.js HTTP/1.1" 200 2487 "http://www.freegametopia.com/free-online-games/classic-games/frogger/?jrlid=m1&utm_source=BL&utm_medium=CPC&utm_term=2549129_3585735&utm_campaign=GameCDPs_473" "Mozilla/4.0 (compatible; MSIE 8.0; Windows NT 5.1; Trident/4.0; .NET CLR 2.0.50727; .NET CLR 3.0.4506.2152; .NET CLR 3.5.30729)" 483 2758 - 146
209.23.204.3 - - [15/Feb/2013:07:22:21 -0600] "GET /wp-content/themes/twentytwelve/js/navigation.js?ver=1.0 HTTP/1.1" 200 863 "http://www.freegametopia.com/free-online-games/classic-games/frogger/?jrlid=m1&utm_source=BL&utm_medium=CPC&utm_term=2549129_3585735&utm_campaign=GameCDPs_473" "Mozilla/4.0 (compatible; MSIE 8.0; Windows NT 5.1; Trident/4.0; .NET CLR 2.0.50727; .NET CLR 3.0.4506.2152; .NET CLR 3.5.30729)" 496 1133 - 94
209.23.204.3 - - [15/Feb/2013:07:22:21 -0600] "GET /wp-content/themes/twentytwelve/css/ie.css?ver=20121010 HTTP/1.1" 200 4788 "http://www.freegametopia.com/free-online-games/classic-games/frogger/?jrlid=m1&utm_source=BL&utm_medium=CPC&utm_term=2549129_3585735&utm_campaign=GameCDPs_473" "Mozilla/4.0 (compatible; MSIE 8.0; Windows NT 5.1; Trident/4.0; .NET CLR 2.0.50727; .NET CLR 3.0.4506.2152; .NET CLR 3.5.30729)" 495 5044 - 102
209.23.204.3 - - [15/Feb/2013:07:22:21 -0600] "GET /wp-content/themes/twentytwelve/style.css?ver=3.5 HTTP/1.1" 200 35292 "http://www.freegametopia.com/free-online-games/classic-games/frogger/?jrlid=m1&utm_source=BL&utm_medium=CPC&utm_term=2549129_3585735&utm_campaign=GameCDPs_473" "Mozilla/4.0 (compatible; MSIE 8.0; Windows NT 5.1; Trident/4.0; .NET CLR 2.0.50727; .NET CLR 3.0.4506.2152; .NET CLR 3.5.30729)" 489 35549 - 89329
209.23.204.3 - - [15/Feb/2013:07:22:21 -0600] "GET /wp-content/uploads/2012/12/stockvault-coins136198-300x161.jpg HTTP/1.1" 200 33151 "http://www.freegametopia.com/free-online-games/classic-games/frogger/?jrlid=m1&utm_source=BL&utm_medium=CPC&utm_term=2549129_3585735&utm_campaign=GameCDPs_473" "Mozilla/4.0 (compatible; MSIE 8.0; Windows NT 5.1; Trident/4.0; .NET CLR 2.0.50727; .NET CLR 3.0.4506.2152; .NET CLR 3.5.30729)" 502 33410 - 109
209.23.204.3 - - [15/Feb/2013:07:22:21 -0600] "GET /wp-content/uploads/2012/12/stockvault-credit-card106277-300x199.jpg HTTP/1.1" 200 69800 "http://www.freegametopia.com/free-online-games/classic-games/frogger/?jrlid=m1&utm_source=BL&utm_medium=CPC&utm_term=2549129_3585735&utm_campaign=GameCDPs_473" "Mozilla/4.0 (compatible; MSIE 8.0; Windows NT 5.1; Trident/4.0; .NET CLR 2.0.50727; .NET CLR 3.0.4506.2152; .NET CLR 3.5.30729)" 508 70060 - 85744
209.23.204.3 - - [15/Feb/2013:07:22:21 -0600] "GET /wp-content/uploads/2012/12/stockvault-money139084-200x300.jpg HTTP/1.1" 200 130842 "http://www.freegametopia.com/free-online-games/classic-games/frogger/?jrlid=m1&utm_source=BL&utm_medium=CPC&utm_term=2549129_3585735&utm_campaign=GameCDPs_473" "Mozilla/4.0 (compatible; MSIE 8.0; Windows NT 5.1; Trident/4.0; .NET CLR 2.0.50727; .NET CLR 3.0.4506.2152; .NET CLR 3.5.30729)" 502 131103 - 120452
174.100.233.91 - - [15/Feb/2013:07:22:23 -0600] "GET /?cb=[CACHEBUSTER]&utm_source=Contextin&utm_campaign=23006&utm_medium=17&utm_term=6F85E026C420599082074013047&utm_content=-859084471813634171 HTTP/1.1" 200 9983 "http://www.freegametopia.com/free-online-games/category/shooter-games/" "Mozilla/5.0 (compatible; MSIE 9.0; Windows NT 6.1; WOW64; Trident/5.0)" 485 10246 - 125380
174.100.233.91 - - [15/Feb/2013:07:22:23 -0600] "GET /wp-content/uploads/2012/12/stockvault-coins136198-300x161.jpg HTTP/1.1" 200 33151 "http://creditcardandloanoffers.com/?cb=[CACHEBUSTER]&utm_source=Contextin&utm_campaign=23006&utm_medium=17&utm_term=6F85E026C420599082074013047&utm_content=-859084471813634171" "Mozilla/5.0 (compatible; MSIE 9.0; Windows NT 6.1; WOW64; Trident/5.0)" 509 33410 - 81
174.100.233.91 - - [15/Feb/2013:07:22:23 -0600] "GET /wp-content/themes/twentytwelve/js/navigation.js?ver=1.0 HTTP/1.1" 200 863 "http://creditcardandloanoffers.com/?cb=[CACHEBUSTER]&utm_source=Contextin&utm_campaign=23006&utm_medium=17&utm_term=6F85E026C420599082074013047&utm_content=-859084471813634171" "Mozilla/5.0 (compatible; MSIE 9.0; Windows NT 6.1; WOW64; Trident/5.0)" 486 1133 - 78
174.100.233.91 - - [15/Feb/2013:07:22:23 -0600] "GET /wp-content/themes/twentytwelve/style.css?ver=3.5 HTTP/1.1" 200 35292 "http://creditcardandloanoffers.com/?cb=[CACHEBUSTER]&utm_source=Contextin&utm_campaign=23006&utm_medium=17&utm_term=6F85E026C420599082074013047&utm_content=-859084471813634171" "Mozilla/5.0 (compatible; MSIE 9.0; Windows NT 6.1; WOW64; Trident/5.0)" 454 35549 - 275156
174.100.233.91 - - [15/Feb/2013:07:22:23 -0600] "GET /wp-content/uploads/2012/12/stockvault-credit-card106277-300x199.jpg HTTP/1.1" 200 69800 "http://creditcardandloanoffers.com/?cb=[CACHEBUSTER]&utm_source=Contextin&utm_campaign=23006&utm_medium=17&utm_term=6F85E026C420599082074013047&utm_content=-859084471813634171" "Mozilla/5.0 (compatible; MSIE 9.0; Windows NT 6.1; WOW64; Trident/5.0)" 515 70060 - 287786
174.100.233.91 - - [15/Feb/2013:07:22:23 -0600] "GET /wp-content/uploads/2012/12/stockvault-money139084-200x300.jpg HTTP/1.1" 200 130842 "http://creditcardandloanoffers.com/?cb=[CACHEBUSTER]&utm_source=Contextin&utm_campaign=23006&utm_medium=17&utm_term=6F85E026C420599082074013047&utm_content=-859084471813634171" "Mozilla/5.0 (compatible; MSIE 9.0; Windows NT 6.1; WOW64; Trident/5.0)" 509 131103 - 331900
187.53.150.62 - - [15/Feb/2013:07:22:25 -0600] "GET / HTTP/1.1" 200 10087 "http://creditcardandloanoffers.com/?utm_source=Contextin&utm_term=48A95FAEE29113081142322240&utm_campaign=20466&utm_content=-1417632354784499525&utm_medium=16" "Mozilla/4.0 (compatible; MSIE 8.0; Windows NT 6.1; WOW64; Trident/4.0; SLCC2; .NET CLR 2.0.50727; .NET CLR 3.5.30729; .NET CLR 3.0.30729; Media Center PC 6.0; .NET CLR 4.0.20402; MS-RTC LM" 548 10350 - 127794
99.109.50.59 - - [15/Feb/2013:07:22:26 -0600] "GET /favicon.ico HTTP/1.1" 404 301 "-" "Mozilla/4.0 (compatible; MSIE 8.0; Windows NT 5.1; Trident/4.0; .NET CLR 1.1.4322; .NET CLR 2.0.50727; .NET CLR 3.0.04506.30; .NET CLR 3.0.4506.2152; .NET CLR 3.5.30729; .NET4.0C; .NET4.0E; IPH 1.1.21.4019)" 608 480 - 144
98.182.48.102 - - [15/Feb/2013:07:22:27 -0600] "GET /?attachment_id=11 HTTP/1.1" 200 9051 "http://creditcardandloanoffers.com/?cb=[CACHEBUSTER]&utm_source=Contextin&utm_campaign=23006&utm_medium=16&utm_term=5384DB7B1D29139561204671560&utm_content=-3406897368540212528" "Opera/9.70 (Linux ppc64 ; U; en) Presto/2.2.1" 458 9313 - 128175
98.182.48.102 - - [15/Feb/2013:07:22:28 -0600] "GET /wp-includes/js/comment-reply.min.js?ver=3.5 HTTP/1.1" 200 786 "http://creditcardandloanoffers.com/?cb=[CACHEBUSTER]&utm_source=Contextin&utm_campaign=23006&utm_medium=16&utm_term=5384DB7B1D29139561204671560&utm_content=-3406897368540212528" "Opera/9.70 (Linux ppc64 ; U; en) Presto/2.2.1" 465 1056 - 128
98.182.48.102 - - [15/Feb/2013:07:22:28 -0600] "GET /wp-content/themes/twentytwelve/style.css?ver=3.5 HTTP/1.1" 304 - "http://creditcardandloanoffers.com/?cb=[CACHEBUSTER]&utm_source=Contextin&utm_campaign=23006&utm_medium=16&utm_term=5384DB7B1D29139561204671560&utm_content=-3406897368540212528" "Opera/9.70 (Linux ppc64 ; U; en) Presto/2.2.1" 540 152 - 93
98.182.48.102 - - [15/Feb/2013:07:22:28 -0600] "GET /wp-content/themes/twentytwelve/js/navigation.js?ver=1.0 HTTP/1.1" 304 - "http://creditcardandloanoffers.com/?cb=[CACHEBUSTER]&utm_source=Contextin&utm_campaign=23006&utm_medium=16&utm_term=5384DB7B1D29139561204671560&utm_content=-3406897368540212528" "Opera/9.70 (Linux ppc64 ; U; en) Presto/2.2.1" 571 151 - 75
98.182.48.102 - - [15/Feb/2013:07:22:28 -0600] "GET /wp-includes/js/jquery/jquery.js?ver=1.8.3 HTTP/1.1" 200 93658 "http://creditcardandloanoffers.com/?cb=[CACHEBUSTER]&utm_source=Contextin&utm_campaign=23006&utm_medium=16&utm_term=5384DB7B1D29139561204671560&utm_content=-3406897368540212528" "Opera/9.70 (Linux ppc64 ; U; en) Presto/2.2.1" 463 93932 - 183645
98.182.48.102 - - [15/Feb/2013:07:22:28 -0600] "GET /wp-content/uploads/2012/12/stockvault-coins136198.jpg HTTP/1.1" 200 419411 "http://creditcardandloanoffers.com/?cb=[CACHEBUSTER]&utm_source=Contextin&utm_campaign=23006&utm_medium=16&utm_term=5384DB7B1D29139561204671560&utm_content=-3406897368540212528" "Opera/9.70 (Linux ppc64 ; U; en) Presto/2.2.1" 492 419672 - 545995
75.114.172.3 - - [15/Feb/2013:07:22:29 -0600] "GET /?cb=[CACHEBUSTER]&utm_source=Contextin&utm_campaign=23006&utm_medium=17&utm_term=C23D81FE4954274021682990785&utm_content=7979466271656151199 HTTP/1.1" 200 9983 "http://www.freegametopia.com/free-online-games/category/puzzles/" "Mozilla/5.0 (compatible; MSIE 9.0; Windows NT 6.1; WOW64; Trident/5.0; BO1IE8_v1;ENUS)" 495 10246 - 126712
75.114.172.3 - - [15/Feb/2013:07:22:30 -0600] "GET /wp-content/themes/twentytwelve/js/navigation.js?ver=1.0 HTTP/1.1" 200 863 "http://creditcardandloanoffers.com/?cb=[CACHEBUSTER]&utm_source=Contextin&utm_campaign=23006&utm_medium=17&utm_term=C23D81FE4954274021682990785&utm_content=7979466271656151199" "Mozilla/5.0 (compatible; MSIE 9.0; Windows NT 6.1; WOW64; Trident/5.0; BO1IE8_v1;ENUS)" 502 1133 - 87
75.114.172.3 - - [15/Feb/2013:07:22:30 -0600] "GET /wp-content/uploads/2012/12/stockvault-coins136198-300x161.jpg HTTP/1.1" 200 33151 "http://creditcardandloanoffers.com/?cb=[CACHEBUSTER]&utm_source=Contextin&utm_campaign=23006&utm_medium=17&utm_term=C23D81FE4954274021682990785&utm_content=7979466271656151199" "Mozilla/5.0 (compatible; MSIE 9.0; Windows NT 6.1; WOW64; Trident/5.0; BO1IE8_v1;ENUS)" 525 33410 - 93207
98.182.48.102 - - [15/Feb/2013:07:22:30 -0600] "GET /favicon.ico HTTP/1.1" 404 301 "-" "Mozilla/5.0 (compatible; MSIE 9.0; Windows NT 6.1; Win64; x64; Trident/5.0)" 237 480 - 110
75.114.172.3 - - [15/Feb/2013:07:22:30 -0600] "GET /wp-content/themes/twentytwelve/style.css?ver=3.5 HTTP/1.1" 200 35292 "http://creditcardandloanoffers.com/?cb=[CACHEBUSTER]&utm_source=Contextin&utm_campaign=23006&utm_medium=17&utm_term=C23D81FE4954274021682990785&utm_content=7979466271656151199" "Mozilla/5.0 (compatible; MSIE 9.0; Windows NT 6.1; WOW64; Trident/5.0; BO1IE8_v1;ENUS)" 470 35549 - 157354
75.114.172.3 - - [15/Feb/2013:07:22:30 -0600] "GET /wp-content/uploads/2012/12/stockvault-credit-card106277-300x199.jpg HTTP/1.1" 200 69800 "http://creditcardandloanoffers.com/?cb=[CACHEBUSTER]&utm_source=Contextin&utm_campaign=23006&utm_medium=17&utm_term=C23D81FE4954274021682990785&utm_content=7979466271656151199" "Mozilla/5.0 (compatible; MSIE 9.0; Windows NT 6.1; WOW64; Trident/5.0; BO1IE8_v1;ENUS)" 531 70060 - 213359
75.114.172.3 - - [15/Feb/2013:07:22:30 -0600] "GET /wp-content/uploads/2012/12/stockvault-money139084-200x300.jpg HTTP/1.1" 200 130842 "http://creditcardandloanoffers.com/?cb=[CACHEBUSTER]&utm_source=Contextin&utm_campaign=23006&utm_medium=17&utm_term=C23D81FE4954274021682990785&utm_content=7979466271656151199" "Mozilla/5.0 (compatible; MSIE 9.0; Windows NT 6.1; WOW64; Trident/5.0; BO1IE8_v1;ENUS)" 525 131103 - 253165
177.99.236.217 - - [15/Feb/2013:07:22:36 -0600] "GET /?utm_source=HP&utm_campaign=23006Fake&utm_medium=16&utm_term=591A2C661B29144181015656825&utm_content=8062236168864561622 HTTP/1.1" 200 9983 "http://ad.globe7.com/st?ad_type=iframe&ad_size=160x600&section=3950971" "Mozilla/4.0 (Windows; MSIE 7.0; Windows NT 5.1; SV1; .NET CLR 2.0.50727)" 476 10246 - 128057
75.114.172.3 - - [15/Feb/2013:07:22:40 -0600] "GET /?cb=[CACHEBUSTER]&utm_source=Contextin&utm_campaign=23006&utm_medium=17&utm_term=C23D81FE4954274021682990785&utm_content=7979466271656151199 HTTP/1.1" 200 9983 "http://www.freegametopia.com/free-online-games/category/puzzles/" "Mozilla/5.0 (compatible; MSIE 9.0; Windows NT 6.1; WOW64; Trident/5.0; BO1IE8_v1;ENUS)" 753 10246 - 126820
75.114.172.3 - - [15/Feb/2013:07:22:40 -0600] "GET /wp-content/themes/twentytwelve/js/navigation.js?ver=1.0 HTTP/1.1" 200 863 "http://creditcardandloanoffers.com/?cb=[CACHEBUSTER]&utm_source=Contextin&utm_campaign=23006&utm_medium=17&utm_term=C23D81FE4954274021682990785&utm_content=7979466271656151199" "Mozilla/5.0 (compatible; MSIE 9.0; Windows NT 6.1; WOW64; Trident/5.0; BO1IE8_v1;ENUS)" 502 1133 - 97
75.114.172.3 - - [15/Feb/2013:07:22:40 -0600] "GET /wp-content/uploads/2012/12/stockvault-coins136198-300x161.jpg HTTP/1.1" 200 33151 "http://creditcardandloanoffers.com/?cb=[CACHEBUSTER]&utm_source=Contextin&utm_campaign=23006&utm_medium=17&utm_term=C23D81FE4954274021682990785&utm_content=7979466271656151199" "Mozilla/5.0 (compatible; MSIE 9.0; Windows NT 6.1; WOW64; Trident/5.0; BO1IE8_v1;ENUS)" 525 33410 - 91087
75.114.172.3 - - [15/Feb/2013:07:22:40 -0600] "GET /wp-content/themes/twentytwelve/style.css?ver=3.5 HTTP/1.1" 200 35292 "http://creditcardandloanoffers.com/?cb=[CACHEBUSTER]&utm_source=Contextin&utm_campaign=23006&utm_medium=17&utm_term=C23D81FE4954274021682990785&utm_content=7979466271656151199" "Mozilla/5.0 (compatible; MSIE 9.0; Windows NT 6.1; WOW64; Trident/5.0; BO1IE8_v1;ENUS)" 470 35549 - 149759
75.114.172.3 - - [15/Feb/2013:07:22:40 -0600] "GET /wp-content/uploads/2012/12/stockvault-credit-card106277-300x199.jpg HTTP/1.1" 200 69800 "http://creditcardandloanoffers.com/?cb=[CACHEBUSTER]&utm_source=Contextin&utm_campaign=23006&utm_medium=17&utm_term=C23D81FE4954274021682990785&utm_content=7979466271656151199" "Mozilla/5.0 (compatible; MSIE 9.0; Windows NT 6.1; WOW64; Trident/5.0; BO1IE8_v1;ENUS)" 531 70060 - 149837
75.114.172.3 - - [15/Feb/2013:07:22:40 -0600] "GET /wp-content/uploads/2012/12/stockvault-money139084-200x300.jpg HTTP/1.1" 200 130842 "http://creditcardandloanoffers.com/?cb=[CACHEBUSTER]&utm_source=Contextin&utm_campaign=23006&utm_medium=17&utm_term=C23D81FE4954274021682990785&utm_content=7979466271656151199" "Mozilla/5.0 (compatible; MSIE 9.0; Windows NT 6.1; WOW64; Trident/5.0; BO1IE8_v1;ENUS)" 525 131103 - 326531
177.99.236.217 - - [15/Feb/2013:07:22:53 -0600] "GET /wp-content/uploads/2012/12/stockvault-coins136198-300x161.jpg HTTP/1.1" 200 33151 "http://creditcardandloanoffers.com/?utm_source=HP&utm_campaign=23006Fake&utm_medium=16&utm_term=591A2C661B29144181015656825&utm_content=8062236168864561622" "Mozilla/4.0 (Windows; MSIE 7.0; Windows NT 5.1; SV1; .NET CLR 2.0.50727)" 487 33410 - 244693
177.99.236.217 - - [15/Feb/2013:07:23:34 -0600] "GET /wp-content/uploads/2012/12/stockvault-credit-card106277-300x199.jpg HTTP/1.1" 200 69800 "http://creditcardandloanoffers.com/?utm_source=HP&utm_campaign=23006Fake&utm_medium=16&utm_term=591A2C661B29144181015656825&utm_content=8062236168864561622" "Mozilla/4.0 (Windows; MSIE 7.0; Windows NT 5.1; SV1; .NET CLR 2.0.50727)" 493 70060 - 484787
70.225.41.223 - - [15/Feb/2013:07:23:53 -0600] "GET /?cb=[CACHEBUSTER]&utm_source=Contextin&utm_campaign=23006&utm_medium=7&utm_term=65CCE24F5490964681519788&utm_content=4622984240527147041 HTTP/1.1" 200 9983 "http://www.chinaflix.com/china_videoplayer_cuisine.php?pid=1946" "Mozilla/5.0 (compatible; MSIE 9.0; Windows NT 6.1; Win64; x64; Trident/5.0)" 460 10246 - 126595
70.225.41.223 - - [15/Feb/2013:07:23:54 -0600] "GET /wp-content/themes/twentytwelve/js/html5.js HTTP/1.1" 200 2487 "http://creditcardandloanoffers.com/?cb=[CACHEBUSTER]&utm_source=Contextin&utm_campaign=23006&utm_medium=7&utm_term=65CCE24F5490964681519788&utm_content=4622984240527147041" "Mozilla/5.0 (compatible; MSIE 9.0; Windows NT 6.1; Win64; x64; Trident/5.0)" 459 2758 - 141
70.225.41.223 - - [15/Feb/2013:07:23:54 -0600] "GET /wp-content/themes/twentytwelve/css/ie.css?ver=20121010 HTTP/1.1" 200 4788 "http://creditcardandloanoffers.com/?cb=[CACHEBUSTER]&utm_source=Contextin&utm_campaign=23006&utm_medium=7&utm_term=65CCE24F5490964681519788&utm_content=4622984240527147041" "Mozilla/5.0 (compatible; MSIE 9.0; Windows NT 6.1; Win64; x64; Trident/5.0)" 471 5044 - 104
70.225.41.223 - - [15/Feb/2013:07:23:54 -0600] "GET /wp-content/themes/twentytwelve/style.css?ver=3.5 HTTP/1.1" 200 35292 "http://creditcardandloanoffers.com/?cb=[CACHEBUSTER]&utm_source=Contextin&utm_campaign=23006&utm_medium=7&utm_term=65CCE24F5490964681519788&utm_content=4622984240527147041" "Mozilla/5.0 (compatible; MSIE 9.0; Windows NT 6.1; Win64; x64; Trident/5.0)" 465 35549 - 269155
70.225.41.223 - - [15/Feb/2013:07:23:54 -0600] "GET /wp-content/uploads/2012/12/stockvault-coins136198-300x161.jpg HTTP/1.1" 200 33151 "http://creditcardandloanoffers.com/?cb=[CACHEBUSTER]&utm_source=Contextin&utm_campaign=23006&utm_medium=7&utm_term=65CCE24F5490964681519788&utm_content=4622984240527147041" "Mozilla/5.0 (compatible; MSIE 9.0; Windows NT 6.1; Win64; x64; Trident/5.0)" 478 33410 - 105
177.99.236.217 - - [15/Feb/2013:07:24:23 -0600] "GET /wp-content/uploads/2012/12/stockvault-money139084-200x300.jpg HTTP/1.1" 200 130842 "http://creditcardandloanoffers.com/?utm_source=HP&utm_campaign=23006Fake&utm_medium=16&utm_term=591A2C661B29144181015656825&utm_content=8062236168864561622" "Mozilla/4.0 (Windows; MSIE 7.0; Windows NT 5.1; SV1; .NET CLR 2.0.50727)" 487 131103 - 618058
150.70.172.125 - - [15/Feb/2013:07:25:15 -0600] "GET /wp-content/themes/twentytwelve/js/html5.js HTTP/1.0" 200 2487 "-" "Mozilla/4.0 (compatible; MSIE 6.0; Windows NT 5.1)" 317 2758 - 152
200.217.186.170 - - [15/Feb/2013:07:25:16 -0600] "GET /?utm_source=HP&utm_campaign=23006Fake&utm_medium=16&utm_term=9B64A5A2A2912596164259594&utm_content=9000623009568809802 HTTP/1.1" 200 9983 "http://ad.globe7.com/st?ad_type=iframe&ad_size=160x600&section=3974772&pub_url=${PUB_URL}" "Mozilla/5.0 (compatible; MSIE 7.0; Windows NT 6.0; fr-FR)" 481 10246 - 127171
177.19.218.240 - - [15/Feb/2013:07:25:20 -0600] "GET /?utm_source=HP&utm_campaign=23006Fake&utm_medium=16&utm_term=2BD5B547F2915436175989216&utm_content=-5025943621078800062 HTTP/1.1" 200 9983 "http://ad.globe7.com/st?ad_type=iframe&ad_size=160x600&section=3974772&pub_url=${PUB_URL}" "Mozilla/5.0 (compatible; MSIE 7.0; Windows NT 6.0; WOW64; SLCC1; .NET CLR 2.0.50727; Media Center PC 5.0; c .NET CLR 3.0.04506; .NET CLR 3.5.30707; InfoPath.1; el-GR)" 589 10246 - 125758
200.217.186.170 - - [15/Feb/2013:07:25:25 -0600] "GET /wp-content/uploads/2012/12/stockvault-coins136198-300x161.jpg HTTP/1.1" 200 33151 "http://creditcardandloanoffers.com/?utm_source=HP&utm_campaign=23006Fake&utm_medium=16&utm_term=9B64A5A2A2912596164259594&utm_content=9000623009568809802" "Mozilla/5.0 (compatible; MSIE 7.0; Windows NT 6.0; fr-FR)" 473 33410 - 320213
150.70.172.125 - - [15/Feb/2013:07:25:40 -0600] "GET /?cb=[CACHEBUSTER]&utm_source=Contextin&utm_campaign=23006&utm_medium=17&utm_term=23997A69B368436441214219011&utm_content=-2182461959157758811 HTTP/1.0" 200 9983 "-" "Mozilla/4.0 (compatible; MSIE 6.0; Windows NT 5.1)" 431 10198 - 126402
177.19.218.240 - - [15/Feb/2013:07:25:45 -0600] "GET /wp-content/uploads/2012/12/stockvault-coins136198-300x161.jpg HTTP/1.1" 200 33151 "http://creditcardandloanoffers.com/?utm_source=HP&utm_campaign=23006Fake&utm_medium=16&utm_term=2BD5B547F2915436175989216&utm_content=-5025943621078800062" "Mozilla/5.0 (compatible; MSIE 7.0; Windows NT 6.0; WOW64; SLCC1; .NET CLR 2.0.50727; Media Center PC 5.0; c .NET CLR 3.0.04506; .NET CLR 3.5.30707; InfoPath.1; el-GR)" 581 33410 - 481006
199.66.188.145 - - [15/Feb/2013:07:25:50 -0600] "GET /?cat=1 HTTP/1.0" 200 10388 "http://creditcardandloanoffers.com/?cb=0.9709700108344599&utm_source=Contextin&utm_campaign=22996&utm_medium=16&utm_term=361A6EE8E815086621587298701&utm_content=-3583912924331438951" "Mozilla/4.0 (compatible; MSIE 6.0; Windows NT 5.1; Q312461)" 463 10603 - 126877
200.217.186.170 - - [15/Feb/2013:07:26:08 -0600] "GET /wp-content/uploads/2012/12/stockvault-credit-card106277-300x199.jpg HTTP/1.1" 200 69800 "http://creditcardandloanoffers.com/?utm_source=HP&utm_campaign=23006Fake&utm_medium=16&utm_term=9B64A5A2A2912596164259594&utm_content=9000623009568809802" "Mozilla/5.0 (compatible; MSIE 7.0; Windows NT 6.0; fr-FR)" 479 70060 - 628654
177.19.218.240 - - [15/Feb/2013:07:26:29 -0600] "GET /wp-content/uploads/2012/12/stockvault-credit-card106277-300x199.jpg HTTP/1.1" 200 69800 "http://creditcardandloanoffers.com/?utm_source=HP&utm_campaign=23006Fake&utm_medium=16&utm_term=2BD5B547F2915436175989216&utm_content=-5025943621078800062" "Mozilla/5.0 (compatible; MSIE 7.0; Windows NT 6.0; WOW64; SLCC1; .NET CLR 2.0.50727; Media Center PC 5.0; c .NET CLR 3.0.04506; .NET CLR 3.5.30707; InfoPath.1; el-GR)" 587 70060 - 459930
200.217.186.170 - - [15/Feb/2013:07:26:55 -0600] "GET /wp-content/uploads/2012/12/stockvault-money139084-200x300.jpg HTTP/1.1" 200 130842 "http://creditcardandloanoffers.com/?utm_source=HP&utm_campaign=23006Fake&utm_medium=16&utm_term=9B64A5A2A2912596164259594&utm_content=9000623009568809802" "Mozilla/5.0 (compatible; MSIE 7.0; Windows NT 6.0; fr-FR)" 473 131103 - 690181
98.192.89.141 - - [15/Feb/2013:07:27:08 -0600] "GET http://creditcardandloanoffers.com/?utm_source=HP&utm_campaign=23006Fake&utm_medium=16&utm_term=C1327637AB2912844505334405&utm_content=-767028484691991864 HTTP/1.0" 301 - "http://ad.globe7.com/st?ad_type=iframe&ad_size=160x600&section=3713284&pub_url=${PUB_URL}" "Mozilla/5.0 (Windows NT 6.1; WOW64) AppleWebKit/535.1 (KHTML, like Gecko) Chrome/14.0.811.0 Safari/535.1" 485 447 - 105029
177.19.218.240 - - [15/Feb/2013:07:27:12 -0600] "GET /wp-content/uploads/2012/12/stockvault-money139084-200x300.jpg HTTP/1.1" 200 130842 "http://creditcardandloanoffers.com/?utm_source=HP&utm_campaign=23006Fake&utm_medium=16&utm_term=2BD5B547F2915436175989216&utm_content=-5025943621078800062" "Mozilla/5.0 (compatible; MSIE 7.0; Windows NT 6.0; WOW64; SLCC1; .NET CLR 2.0.50727; Media Center PC 5.0; c .NET CLR 3.0.04506; .NET CLR 3.5.30707; InfoPath.1; el-GR)" 581 131103 - 639481
177.99.236.217 - - [15/Feb/2013:07:32:06 -0600] "GET /wp-content/themes/twentytwelve/js/navigation.js?ver=1.0 HTTP/1.1" 200 863 "http://creditcardandloanoffers.com/?utm_source=HP&utm_campaign=23006Fake&utm_medium=16&utm_term=591A2C661B29144181015656825&utm_content=8062236168864561622" "Mozilla/4.0 (Windows; MSIE 7.0; Windows NT 5.1; SV1; .NET CLR 2.0.50727)" 481 1133 - 151
177.19.218.240 - - [15/Feb/2013:07:33:38 -0600] "GET /wp-content/themes/twentytwelve/js/navigation.js?ver=1.0 HTTP/1.1" 200 863 "http://creditcardandloanoffers.com/?utm_source=HP&utm_campaign=23006Fake&utm_medium=16&utm_term=2BD5B547F2915436175989216&utm_content=-5025943621078800062" "Mozilla/5.0 (compatible; MSIE 7.0; Windows NT 6.0; WOW64; SLCC1; .NET CLR 2.0.50727; Media Center PC 5.0; c .NET CLR 3.0.04506; .NET CLR 3.5.30707; InfoPath.1; el-GR)" 575 1133 - 152
200.217.186.170 - - [15/Feb/2013:07:33:58 -0600] "GET /wp-content/themes/twentytwelve/js/navigation.js?ver=1.0 HTTP/1.1" 200 863 "http://creditcardandloanoffers.com/?utm_source=HP&utm_campaign=23006Fake&utm_medium=16&utm_term=9B64A5A2A2912596164259594&utm_content=9000623009568809802" "Mozilla/5.0 (compatible; MSIE 7.0; Windows NT 6.0; fr-FR)" 467 1133 - 149
24.191.115.44 - - [15/Feb/2013:07:42:13 -0600] "GET /?utm_source=Contextin&utm_term=DF178CE023163891641381224256&utm_campaign=20466&utm_content=-9207260755500656554&utm_medium=17 HTTP/1.1" 200 9983 "http://www.freegametopia.com/free-online-games/classic-games/frogger/?jrlid=m1&utm_source=BL&utm_medium=CPC&utm_term=2535180_3581344&utm_campaign=GameCDPs_509" "Mozilla/5.0 (compatible; MSIE 9.0; Windows NT 6.1; WOW64; Trident/5.0)" 558 10246 - 129727
24.191.115.44 - - [15/Feb/2013:07:42:13 -0600] "GET /wp-content/uploads/2012/12/stockvault-coins136198-300x161.jpg HTTP/1.1" 200 33151 "http://creditcardandloanoffers.com/?utm_source=Contextin&utm_term=DF178CE023163891641381224256&utm_campaign=20466&utm_content=-9207260755500656554&utm_medium=17" "Mozilla/5.0 (compatible; MSIE 9.0; Windows NT 6.1; WOW64; Trident/5.0)" 494 33410 - 156
24.191.115.44 - - [15/Feb/2013:07:42:13 -0600] "GET /wp-content/themes/twentytwelve/js/navigation.js?ver=1.0 HTTP/1.1" 200 863 "http://creditcardandloanoffers.com/?utm_source=Contextin&utm_term=DF178CE023163891641381224256&utm_campaign=20466&utm_content=-9207260755500656554&utm_medium=17" "Mozilla/5.0 (compatible; MSIE 9.0; Windows NT 6.1; WOW64; Trident/5.0)" 471 1133 - 99
24.191.115.44 - - [15/Feb/2013:07:42:13 -0600] "GET /wp-content/uploads/2012/12/stockvault-credit-card106277-300x199.jpg HTTP/1.1" 200 69800 "http://creditcardandloanoffers.com/?utm_source=Contextin&utm_term=DF178CE023163891641381224256&utm_campaign=20466&utm_content=-9207260755500656554&utm_medium=17" "Mozilla/5.0 (compatible; MSIE 9.0; Windows NT 6.1; WOW64; Trident/5.0)" 500 70060 - 114786
