24.191.115.44 - - [15/Feb/2013:07:42:13 -0600] "GET /wp-content/themes/twentytwelve/style.css?ver=3.5 HTTP/1.1" 200 35292 "http://creditcardandloanoffers.com/?utm_source=Contextin&utm_term=DF178CE023163891641381224256&utm_campaign=20466&utm_content=-9207260755500656554&utm_medium=17" "Mozilla/5.0 (compatible; MSIE 9.0; Windows NT 6.1; WOW64; Trident/5.0)" 439 35549 - 162697
24.191.115.44 - - [15/Feb/2013:07:42:13 -0600] "GET /wp-content/uploads/2012/12/stockvault-money139084-200x300.jpg HTTP/1.1" 200 130842 "http://creditcardandloanoffers.com/?utm_source=Contextin&utm_term=DF178CE023163891641381224256&utm_campaign=20466&utm_content=-9207260755500656554&utm_medium=17" "Mozilla/5.0 (compatible; MSIE 9.0; Windows NT 6.1; WOW64; Trident/5.0)" 494 131103 - 210836
67.130.5.131 - - [15/Feb/2013:07:42:24 -0600] "GET /?utm_source=Contextin&utm_term=24FD9BE73017644480109184156&utm_campaign=20466&utm_content=2086545212302811393&utm_medium=17 HTTP/1.1" 200 9983 "http://www.freegametopia.com/free-online-games/classic-games/frogger/?jrlid=m1&utm_source=BL&utm_medium=CPC&utm_term=2535180_3581343&utm_campaign=GameCDPs_509" "Mozilla/5.0 (compatible; MSIE 9.0; Windows NT 6.1; Trident/5.0)" 549 10246 - 128205
67.130.5.131 - - [15/Feb/2013:07:42:24 -0600] "GET /wp-content/uploads/2012/12/stockvault-coins136198-300x161.jpg HTTP/1.1" 200 33151 "http://creditcardandloanoffers.com/?utm_source=Contextin&utm_term=24FD9BE73017644480109184156&utm_campaign=20466&utm_content=2086545212302811393&utm_medium=17" "Mozilla/5.0 (compatible; MSIE 9.0; Windows NT 6.1; Trident/5.0)" 485 33410 - 154
67.130.5.131 - - [15/Feb/2013:07:42:24 -0600] "GET /wp-content/themes/twentytwelve/js/navigation.js?ver=1.0 HTTP/1.1" 200 863 "http://creditcardandloanoffers.com/?utm_source=Contextin&utm_term=24FD9BE73017644480109184156&utm_campaign=20466&utm_content=2086545212302811393&utm_medium=17" "Mozilla/5.0 (compatible; MSIE 9.0; Windows NT 6.1; Trident/5.0)" 462 1133 - 101
67.130.5.131 - - [15/Feb/2013:07:42:24 -0600] "GET /wp-content/themes/twentytwelve/style.css?ver=3.5 HTTP/1.1" 200 35292 "http://creditcardandloanoffers.com/?utm_source=Contextin&utm_term=24FD9BE73017644480109184156&utm_campaign=20466&utm_content=2086545212302811393&utm_medium=17" "Mozilla/5.0 (compatible; MSIE 9.0; Windows NT 6.1; Trident/5.0)" 430 35549 - 2074507
67.130.5.131 - - [15/Feb/2013:07:42:24 -0600] "GET /wp-content/uploads/2012/12/stockvault-credit-card106277-300x199.jpg HTTP/1.1" 200 69800 "http://creditcardandloanoffers.com/?utm_source=Contextin&utm_term=24FD9BE73017644480109184156&utm_campaign=20466&utm_content=2086545212302811393&utm_medium=17" "Mozilla/5.0 (compatible; MSIE 9.0; Windows NT 6.1; Trident/5.0)" 491 64240 X 6666928
67.130.5.131 - - [15/Feb/2013:07:42:24 -0600] "GET /wp-content/uploads/2012/12/stockvault-money139084-200x300.jpg HTTP/1.1" 200 130842 "http://creditcardandloanoffers.com/?utm_source=Contextin&utm_term=24FD9BE73017644480109184156&utm_campaign=20466&utm_content=2086545212302811393&utm_medium=17" "Mozilla/5.0 (compatible; MSIE 9.0; Windows NT 6.1; Trident/5.0)" 485 96360 X 6664599
67.130.5.131 - - [15/Feb/2013:07:42:31 -0600] "GET /?attachment_id=11 HTTP/1.1" 200 9051 "http://creditcardandloanoffers.com/?utm_source=Contextin&utm_term=24FD9BE73017644480109184156&utm_campaign=20466&utm_content=2086545212302811393&utm_medium=17" "Mozilla/5.0 (compatible; MSIE 9.0; Windows NT 6.1; Trident/5.0)" 702 9313 - 130549
67.130.5.131 - - [15/Feb/2013:07:42:32 -0600] "GET /wp-includes/js/comment-reply.min.js?ver=3.5 HTTP/1.1" 200 786 "http://creditcardandloanoffers.com/?attachment_id=11" "Mozilla/5.0 (compatible; MSIE 9.0; Windows NT 6.1; Trident/5.0)" 344 1056 - 145
67.130.5.131 - - [15/Feb/2013:07:42:33 -0600] "GET /wp-content/themes/twentytwelve/js/navigation.js?ver=1.0 HTTP/1.1" 200 863 "http://creditcardandloanoffers.com/?attachment_id=11" "Mozilla/5.0 (compatible; MSIE 9.0; Windows NT 6.1; Trident/5.0)" 356 1133 - 158
67.130.5.131 - - [15/Feb/2013:07:42:31 -0600] "GET /wp-content/themes/twentytwelve/style.css?ver=3.5 HTTP/1.1" 200 35292 "http://creditcardandloanoffers.com/?attachment_id=11" "Mozilla/5.0 (compatible; MSIE 9.0; Windows NT 6.1; Trident/5.0)" 324 35549 - 3021377
71.180.253.43 - - [15/Feb/2013:07:42:35 -0600] "GET /?utm_source=Contextin&utm_term=CFDD15826117652818542737232&utm_campaign=20466&utm_content=-7987117524526448822&utm_medium=17 HTTP/1.1" 200 9983 "http://www.freegametopia.com/free-online-games/category/sports-games/" "Mozilla/5.0 (compatible; MSIE 9.0; Windows NT 6.1; WOW64; Trident/5.0)" 468 10246 - 126812
71.180.253.43 - - [15/Feb/2013:07:42:36 -0600] "GET /wp-content/uploads/2012/12/stockvault-coins136198-300x161.jpg HTTP/1.1" 200 33151 "http://creditcardandloanoffers.com/?utm_source=Contextin&utm_term=CFDD15826117652818542737232&utm_campaign=20466&utm_content=-7987117524526448822&utm_medium=17" "Mozilla/5.0 (compatible; MSIE 9.0; Windows NT 6.1; WOW64; Trident/5.0)" 493 33410 - 92
71.180.253.43 - - [15/Feb/2013:07:42:36 -0600] "GET /wp-content/themes/twentytwelve/js/navigation.js?ver=1.0 HTTP/1.1" 200 863 "http://creditcardandloanoffers.com/?utm_source=Contextin&utm_term=CFDD15826117652818542737232&utm_campaign=20466&utm_content=-7987117524526448822&utm_medium=17" "Mozilla/5.0 (compatible; MSIE 9.0; Windows NT 6.1; WOW64; Trident/5.0)" 470 1133 - 90
71.180.253.43 - - [15/Feb/2013:07:42:36 -0600] "GET /wp-content/uploads/2012/12/stockvault-credit-card106277-300x199.jpg HTTP/1.1" 200 69800 "http://creditcardandloanoffers.com/?utm_source=Contextin&utm_term=CFDD15826117652818542737232&utm_campaign=20466&utm_content=-7987117524526448822&utm_medium=17" "Mozilla/5.0 (compatible; MSIE 9.0; Windows NT 6.1; WOW64; Trident/5.0)" 499 70060 - 225920
71.180.253.43 - - [15/Feb/2013:07:42:36 -0600] "GET /wp-content/themes/twentytwelve/style.css?ver=3.5 HTTP/1.1" 200 35292 "http://creditcardandloanoffers.com/?utm_source=Contextin&utm_term=CFDD15826117652818542737232&utm_campaign=20466&utm_content=-7987117524526448822&utm_medium=17" "Mozilla/5.0 (compatible; MSIE 9.0; Windows NT 6.1; WOW64; Trident/5.0)" 438 35549 - 233822
71.180.253.43 - - [15/Feb/2013:07:42:36 -0600] "GET /wp-content/uploads/2012/12/stockvault-money139084-200x300.jpg HTTP/1.1" 200 130842 "http://creditcardandloanoffers.com/?utm_source=Contextin&utm_term=CFDD15826117652818542737232&utm_campaign=20466&utm_content=-7987117524526448822&utm_medium=17" "Mozilla/5.0 (compatible; MSIE 9.0; Windows NT 6.1; WOW64; Trident/5.0)" 493 131103 - 346955
67.130.5.131 - - [15/Feb/2013:07:42:32 -0600] "GET /wp-includes/js/jquery/jquery.js?ver=1.8.3 HTTP/1.1" 200 93658 "http://creditcardandloanoffers.com/?attachment_id=11" "Mozilla/5.0 (compatible; MSIE 9.0; Windows NT 6.1; Trident/5.0)" 342 93932 - 4632814
67.130.5.131 - - [15/Feb/2013:07:42:32 -0600] "GET /wp-content/uploads/2012/12/stockvault-coins136198.jpg HTTP/1.1" 200 419411 "http://creditcardandloanoffers.com/?attachment_id=11" "Mozilla/5.0 (compatible; MSIE 9.0; Windows NT 6.1; Trident/5.0)" 371 419672 - 16427702
67.130.5.131 - - [15/Feb/2013:07:42:50 -0600] "GET /?attachment_id=9 HTTP/1.1" 200 9010 "http://creditcardandloanoffers.com/?attachment_id=11" "Mozilla/5.0 (compatible; MSIE 9.0; Windows NT 6.1; Trident/5.0)" 321 9272 - 127021
67.130.5.131 - - [15/Feb/2013:07:42:50 -0600] "GET /wp-includes/js/comment-reply.min.js?ver=3.5 HTTP/1.1" 200 786 "http://50.97.37.217/?attachment_id=9" "Mozilla/5.0 (compatible; MSIE 9.0; Windows NT 6.1; Trident/5.0)" 328 1056 - 94
67.130.5.131 - - [15/Feb/2013:07:42:50 -0600] "GET /wp-content/themes/twentytwelve/js/navigation.js?ver=1.0 HTTP/1.1" 200 863 "http://50.97.37.217/?attachment_id=9" "Mozilla/5.0 (compatible; MSIE 9.0; Windows NT 6.1; Trident/5.0)" 573 1133 - 107
67.130.5.131 - - [15/Feb/2013:07:42:50 -0600] "GET /wp-content/themes/twentytwelve/style.css?ver=3.5 HTTP/1.1" 200 35292 "http://50.97.37.217/?attachment_id=9" "Mozilla/5.0 (compatible; MSIE 9.0; Windows NT 6.1; Trident/5.0)" 308 35549 - 916060
67.130.5.131 - - [15/Feb/2013:07:42:50 -0600] "GET /wp-includes/js/jquery/jquery.js?ver=1.8.3 HTTP/1.1" 200 93658 "http://50.97.37.217/?attachment_id=9" "Mozilla/5.0 (compatible; MSIE 9.0; Windows NT 6.1; Trident/5.0)" 326 93932 - 1568961
67.130.5.131 - - [15/Feb/2013:07:42:50 -0600] "GET /wp-content/uploads/2012/12/stockvault-money139084.jpg HTTP/1.1" 200 7867564 "http://50.97.37.217/?attachment_id=9" "Mozilla/5.0 (compatible; MSIE 9.0; Windows NT 6.1; Trident/5.0)" 355 239440 X 9272437
71.180.253.43 - - [15/Feb/2013:07:43:09 -0600] "GET /?author=2 HTTP/1.1" 200 10476 "http://creditcardandloanoffers.com/?utm_source=Contextin&utm_term=CFDD15826117652818542737232&utm_campaign=20466&utm_content=-7987117524526448822&utm_medium=17" "Mozilla/5.0 (compatible; MSIE 9.0; Windows NT 6.1; WOW64; Trident/5.0)" 428 10739 - 126900
71.180.253.43 - - [15/Feb/2013:07:43:09 -0600] "GET /wp-content/themes/twentytwelve/js/navigation.js?ver=1.0 HTTP/1.1" 200 863 "http://50.97.37.217/?author=2" "Mozilla/5.0 (compatible; MSIE 9.0; Windows NT 6.1; WOW64; Trident/5.0)" 574 1133 - 92
71.180.253.43 - - [15/Feb/2013:07:43:09 -0600] "GET /wp-content/themes/twentytwelve/style.css?ver=3.5 HTTP/1.1" 200 35292 "http://50.97.37.217/?author=2" "Mozilla/5.0 (compatible; MSIE 9.0; Windows NT 6.1; WOW64; Trident/5.0)" 308 35549 - 247590
37.228.104.101 - - [15/Feb/2013:07:43:12 -0600] "GET /?utm_source=Contextin&utm_term=B79B561D9C163785621767204938&utm_campaign=20466&utm_content=4840691219439550038&utm_medium=17 HTTP/1.1" 200 9983 "-" "Opera/9.80 (J2ME/MIDP; Opera Mini/4.1.15082/28.3821; U; en) Presto/2.8.119 Version/11.10" 717 10246 - 125978
37.228.104.101 - - [15/Feb/2013:07:43:12 -0600] "GET /favicon.ico HTTP/1.1" 404 301 "http://creditcardandloanoffers.com/?utm_source=Contextin&utm_term=B79B561D9C163785621767204938&utm_campaign=20466&utm_content=4840691219439550038&utm_medium=17" "Opera/9.80 (J2ME/MIDP; Opera Mini/4.1.15082/28.3821; U; en) Presto/2.8.119 Version/11.10" 774 480 - 121
37.228.104.101 - - [15/Feb/2013:07:43:12 -0600] "GET /wp-content/themes/twentytwelve/style.css?ver=3.5 HTTP/1.1" 200 35292 "http://creditcardandloanoffers.com/?utm_source=Contextin&utm_term=B79B561D9C163785621767204938&utm_campaign=20466&utm_content=4840691219439550038&utm_medium=17" "Opera/9.80 (J2ME/MIDP; Opera Mini/4.1.15082/28.3821; U; en) Presto/2.8.119 Version/11.10" 796 35549 - 3228
37.228.104.101 - - [15/Feb/2013:07:43:12 -0600] "GET /wp-content/uploads/2012/12/stockvault-coins136198-300x161.jpg HTTP/1.1" 200 33151 "http://creditcardandloanoffers.com/?utm_source=Contextin&utm_term=B79B561D9C163785621767204938&utm_campaign=20466&utm_content=4840691219439550038&utm_medium=17" "Opera/9.80 (J2ME/MIDP; Opera Mini/4.1.15082/28.3821; U; en) Presto/2.8.119 Version/11.10" 809 33410 - 2480
37.228.104.101 - - [15/Feb/2013:07:43:12 -0600] "GET /wp-content/uploads/2012/12/stockvault-credit-card106277-300x199.jpg HTTP/1.1" 200 69800 "http://creditcardandloanoffers.com/?utm_source=Contextin&utm_term=B79B561D9C163785621767204938&utm_campaign=20466&utm_content=4840691219439550038&utm_medium=17" "Opera/9.80 (J2ME/MIDP; Opera Mini/4.1.15082/28.3821; U; en) Presto/2.8.119 Version/11.10" 815 70060 - 5322
37.228.104.101 - - [15/Feb/2013:07:43:12 -0600] "GET /wp-content/uploads/2012/12/stockvault-money139084-200x300.jpg HTTP/1.1" 200 130842 "http://creditcardandloanoffers.com/?utm_source=Contextin&utm_term=B79B561D9C163785621767204938&utm_campaign=20466&utm_content=4840691219439550038&utm_medium=17" "Opera/9.80 (J2ME/MIDP; Opera Mini/4.1.15082/28.3821; U; en) Presto/2.8.119 Version/11.10" 809 131103 - 12875
37.228.104.101 - - [15/Feb/2013:07:43:12 -0600] "GET /wp-content/themes/twentytwelve/js/navigation.js?ver=1.0 HTTP/1.1" 200 863 "http://creditcardandloanoffers.com/?utm_source=Contextin&utm_term=B79B561D9C163785621767204938&utm_campaign=20466&utm_content=4840691219439550038&utm_medium=17" "Opera/9.80 (J2ME/MIDP; Opera Mini/4.1.15082/28.3821; U; en) Presto/2.8.119 Version/11.10" 803 1133 - 100
24.215.154.214 - - [15/Feb/2013:07:44:15 -0600] "GET http://creditcardandloanoffers.com/?utm_source=Contextin&utm_term=599F4E4D76151461842382576&utm_campaign=20466&utm_content=8061182682136673965&utm_medium=16 HTTP/1.0" 301 - "http://ad.globe7.com/st?ad_type=iframe&ad_size=160x600&section=4013026&pub_url=${PUB_URL}" "Mozilla/5.0 (Windows; U; Windows NT 5.1; en-US) AppleWebKit/525.13 (KHTML, like Gecko) Version/3.1 Safari/525.13" 495 449 - 105231
76.217.250.158 - - [15/Feb/2013:07:46:42 -0600] "GET /?cb=[CACHEBUSTER]&utm_source=Contextin&utm_campaign=23006&utm_medium=7&utm_term=CB73FD7D67147687001163402934&utm_content=7429160729323440871 HTTP/1.1" 200 9983 "-" "Mozilla/5.0 (iPad; CPU OS 6_0_1 like Mac OS X) AppleWebKit/536.26 (KHTML, like Gecko) Version/6.0 Mobile/10A523 Safari/8536.25" 692 10246 - 126435
67.60.124.181 - - [15/Feb/2013:07:57:22 -0600] "GET /?utm_source=HP&utm_campaign=23006Fake&utm_medium=16&utm_term=27BA59C1DB15139301898288744&utm_content=5368242198931559915 HTTP/1.1" 200 9983 "http://ad.z5x.net/st?ad_type=iframe&ad_size=160x600&section=2992453" "Mozilla/4.0 (compatible; MSIE 8.0; Windows NT 5.1; Trident/4.0; BTRS125768; GTB7.4; .NET CLR 1.1.4322; .NET CLR 2.0.50727; .NET CLR 3.0.4506.2152; .NET CLR 3.5.30729; AskTbORJ/5.14.1.20007)" 734 10246 - 127300
67.60.124.181 - - [15/Feb/2013:07:57:23 -0600] "GET /wp-content/themes/twentytwelve/js/html5.js HTTP/1.1" 200 2487 "http://creditcardandloanoffers.com/?utm_source=HP&utm_campaign=23006Fake&utm_medium=16&utm_term=27BA59C1DB15139301898288744&utm_content=5368242198931559915" "Mozilla/4.0 (compatible; MSIE 8.0; Windows NT 5.1; Trident/4.0; BTRS125768; GTB7.4; .NET CLR 1.1.4322; .NET CLR 2.0.50727; .NET CLR 3.0.4506.2152; .NET CLR 3.5.30729; AskTbORJ/5.14.1.20007)" 542 2758 - 142
67.60.124.181 - - [15/Feb/2013:07:57:23 -0600] "GET /wp-content/themes/twentytwelve/css/ie.css?ver=20121010 HTTP/1.1" 200 4788 "http://creditcardandloanoffers.com/?utm_source=HP&utm_campaign=23006Fake&utm_medium=16&utm_term=27BA59C1DB15139301898288744&utm_content=5368242198931559915" "Mozilla/4.0 (compatible; MSIE 8.0; Windows NT 5.1; Trident/4.0; BTRS125768; GTB7.4; .NET CLR 1.1.4322; .NET CLR 2.0.50727; .NET CLR 3.0.4506.2152; .NET CLR 3.5.30729; AskTbORJ/5.14.1.20007)" 554 5044 - 104
67.60.124.181 - - [15/Feb/2013:07:57:23 -0600] "GET /wp-content/themes/twentytwelve/js/navigation.js?ver=1.0 HTTP/1.1" 200 863 "http://creditcardandloanoffers.com/?utm_source=HP&utm_campaign=23006Fake&utm_medium=16&utm_term=27BA59C1DB15139301898288744&utm_content=5368242198931559915" "Mozilla/4.0 (compatible; MSIE 8.0; Windows NT 5.1; Trident/4.0; BTRS125768; GTB7.4; .NET CLR 1.1.4322; .NET CLR 2.0.50727; .NET CLR 3.0.4506.2152; .NET CLR 3.5.30729; AskTbORJ/5.14.1.20007)" 555 1133 - 87
67.60.124.181 - - [15/Feb/2013:07:57:24 -0600] "GET /wp-content/uploads/2012/12/stockvault-coins136198-300x161.jpg HTTP/1.1" 200 33151 "http://creditcardandloanoffers.com/?utm_source=HP&utm_campaign=23006Fake&utm_medium=16&utm_term=27BA59C1DB15139301898288744&utm_content=5368242198931559915" "Mozilla/4.0 (compatible; MSIE 8.0; Windows NT 5.1; Trident/4.0; BTRS125768; GTB7.4; .NET CLR 1.1.4322; .NET CLR 2.0.50727; .NET CLR 3.0.4506.2152; .NET CLR 3.5.30729; AskTbORJ/5.14.1.20007)" 561 33410 - 103
67.60.124.181 - - [15/Feb/2013:07:57:23 -0600] "GET /wp-content/themes/twentytwelve/style.css?ver=3.5 HTTP/1.1" 200 35292 "http://creditcardandloanoffers.com/?utm_source=HP&utm_campaign=23006Fake&utm_medium=16&utm_term=27BA59C1DB15139301898288744&utm_content=5368242198931559915" "Mozilla/4.0 (compatible; MSIE 8.0; Windows NT 5.1; Trident/4.0; BTRS125768; GTB7.4; .NET CLR 1.1.4322; .NET CLR 2.0.50727; .NET CLR 3.0.4506.2152; .NET CLR 3.5.30729; AskTbORJ/5.14.1.20007)" 548 35549 - 283857
67.60.124.181 - - [15/Feb/2013:07:57:24 -0600] "GET /wp-content/uploads/2012/12/stockvault-credit-card106277-300x199.jpg HTTP/1.1" 200 69800 "http://creditcardandloanoffers.com/?utm_source=HP&utm_campaign=23006Fake&utm_medium=16&utm_term=27BA59C1DB15139301898288744&utm_content=5368242198931559915" "Mozilla/4.0 (compatible; MSIE 8.0; Windows NT 5.1; Trident/4.0; BTRS125768; GTB7.4; .NET CLR 1.1.4322; .NET CLR 2.0.50727; .NET CLR 3.0.4506.2152; .NET CLR 3.5.30729; AskTbORJ/5.14.1.20007)" 567 70060 - 271004
67.60.124.181 - - [15/Feb/2013:07:57:24 -0600] "GET /wp-content/uploads/2012/12/stockvault-money139084-200x300.jpg HTTP/1.1" 200 130842 "http://creditcardandloanoffers.com/?utm_source=HP&utm_campaign=23006Fake&utm_medium=16&utm_term=27BA59C1DB15139301898288744&utm_content=5368242198931559915" "Mozilla/4.0 (compatible; MSIE 8.0; Windows NT 5.1; Trident/4.0; BTRS125768; GTB7.4; .NET CLR 1.1.4322; .NET CLR 2.0.50727; .NET CLR 3.0.4506.2152; .NET CLR 3.5.30729; AskTbORJ/5.14.1.20007)" 561 131103 - 409135
108.210.8.148 - - [15/Feb/2013:07:57:28 -0600] "GET /?cb=[CACHEBUSTER]&utm_source=Contextin&utm_campaign=23006&utm_medium=17&utm_term=4258D13134075652857083176&utm_content=7368189691616368083 HTTP/1.1" 200 9983 "http://www.freegametopia.com/free-online-games/classic-games/frogger/?jrlid=m1&utm_source=BL&utm_medium=CPC&utm_term=2535180_3581346&utm_campaign=GameCDPs_473" "Mozilla/4.0 (compatible; MSIE 8.0; Windows NT 5.1; Trident/4.0; GTB7.4; .NET CLR 1.1.4322)" 637 10246 - 125786
67.60.124.181 - - [15/Feb/2013:07:57:28 -0600] "GET /favicon.ico HTTP/1.1" 404 301 "-" "Mozilla/4.0 (compatible; MSIE 8.0; Windows NT 5.1; Trident/4.0; BTRS125768; GTB7.4; .NET CLR 1.1.4322; .NET CLR 2.0.50727; .NET CLR 3.0.4506.2152; .NET CLR 3.5.30729; AskTbORJ/5.14.1.20007)" 357 480 - 149
108.210.8.148 - - [15/Feb/2013:07:57:28 -0600] "GET /wp-content/themes/twentytwelve/js/html5.js HTTP/1.1" 200 2487 "http://www.freegametopia.com/free-online-games/classic-games/frogger/?jrlid=m1&utm_source=BL&utm_medium=CPC&utm_term=2535180_3581346&utm_campaign=GameCDPs_473" "Mozilla/4.0 (compatible; MSIE 8.0; Windows NT 5.1; Trident/4.0; GTB7.4; .NET CLR 1.1.4322)" 446 2758 - 108
108.210.8.148 - - [15/Feb/2013:07:57:28 -0600] "GET /wp-content/themes/twentytwelve/js/navigation.js?ver=1.0 HTTP/1.1" 200 863 "http://www.freegametopia.com/free-online-games/classic-games/frogger/?jrlid=m1&utm_source=BL&utm_medium=CPC&utm_term=2535180_3581346&utm_campaign=GameCDPs_473" "Mozilla/4.0 (compatible; MSIE 8.0; Windows NT 5.1; Trident/4.0; GTB7.4; .NET CLR 1.1.4322)" 459 1133 - 97
108.210.8.148 - - [15/Feb/2013:07:57:28 -0600] "GET /wp-content/themes/twentytwelve/style.css?ver=3.5 HTTP/1.1" 200 35292 "http://www.freegametopia.com/free-online-games/classic-games/frogger/?jrlid=m1&utm_source=BL&utm_medium=CPC&utm_term=2535180_3581346&utm_campaign=GameCDPs_473" "Mozilla/4.0 (compatible; MSIE 8.0; Windows NT 5.1; Trident/4.0; GTB7.4; .NET CLR 1.1.4322)" 452 35549 - 192793
108.210.8.148 - - [15/Feb/2013:07:57:28 -0600] "GET /wp-content/themes/twentytwelve/css/ie.css?ver=20121010 HTTP/1.1" 200 4788 "http://www.freegametopia.com/free-online-games/classic-games/frogger/?jrlid=m1&utm_source=BL&utm_medium=CPC&utm_term=2535180_3581346&utm_campaign=GameCDPs_473" "Mozilla/4.0 (compatible; MSIE 8.0; Windows NT 5.1; Trident/4.0; GTB7.4; .NET CLR 1.1.4322)" 458 5044 - 97
108.210.8.148 - - [15/Feb/2013:07:57:28 -0600] "GET /wp-content/uploads/2012/12/stockvault-coins136198-300x161.jpg HTTP/1.1" 200 33151 "http://www.freegametopia.com/free-online-games/classic-games/frogger/?jrlid=m1&utm_source=BL&utm_medium=CPC&utm_term=2535180_3581346&utm_campaign=GameCDPs_473" "Mozilla/4.0 (compatible; MSIE 8.0; Windows NT 5.1; Trident/4.0; GTB7.4; .NET CLR 1.1.4322)" 465 33410 - 109
108.210.8.148 - - [15/Feb/2013:07:57:29 -0600] "GET /wp-content/uploads/2012/12/stockvault-credit-card106277-300x199.jpg HTTP/1.1" 200 69800 "http://www.freegametopia.com/free-online-games/classic-games/frogger/?jrlid=m1&utm_source=BL&utm_medium=CPC&utm_term=2535180_3581346&utm_campaign=GameCDPs_473" "Mozilla/4.0 (compatible; MSIE 8.0; Windows NT 5.1; Trident/4.0; GTB7.4; .NET CLR 1.1.4322)" 471 70060 - 291840
108.210.8.148 - - [15/Feb/2013:07:57:29 -0600] "GET /wp-content/uploads/2012/12/stockvault-money139084-200x300.jpg HTTP/1.1" 200 130842 "http://www.freegametopia.com/free-online-games/classic-games/frogger/?jrlid=m1&utm_source=BL&utm_medium=CPC&utm_term=2535180_3581346&utm_campaign=GameCDPs_473" "Mozilla/4.0 (compatible; MSIE 8.0; Windows NT 5.1; Trident/4.0; GTB7.4; .NET CLR 1.1.4322)" 465 131103 - 387727
63.141.199.145 - - [15/Feb/2013:07:57:35 -0600] "GET /?cb=[CACHEBUSTER]&utm_source=Contextin&utm_campaign=23006&utm_medium=16&utm_term=78277E1B42921530495309570&utm_content=-7961272260522621059 HTTP/1.1" 200 9983 "http://ad.yieldmanager.com/st?ad_type=iframe&ad_size=160x600&section=3519414&pub_url=${PUB_URL}" "Mozilla/5.0 (Windows NT 6.1) AppleWebKit/537.17 (KHTML, like Gecko) Chrome/24.0.1312.57 Safari/537.17" 655 10246 - 126252
24.97.151.202 - - [15/Feb/2013:07:57:35 -0600] "GET /?cb=[CACHEBUSTER]&utm_source=Contextin&utm_campaign=23006&utm_medium=17&utm_term=5154ED78E355955321383224765&utm_content=401047156840509986 HTTP/1.1" 200 9983 "http://www.freegametopia.com/free-online-games/category/sports-games/" "Mozilla/4.0 (compatible; MSIE 8.0; Windows NT 6.1; WOW64; Trident/4.0; .NET4.0C; .NET4.0E)" 688 10246 - 126176
24.97.151.202 - - [15/Feb/2013:07:57:36 -0600] "GET /wp-content/themes/twentytwelve/js/navigation.js?ver=1.0 HTTP/1.1" 200 863 "http://www.freegametopia.com/free-online-games/category/sports-games/" "Mozilla/4.0 (compatible; MSIE 8.0; Windows NT 6.1; WOW64; Trident/4.0; .NET4.0C; .NET4.0E)" 370 1133 - 99
24.97.151.202 - - [15/Feb/2013:07:57:36 -0600] "GET /wp-content/themes/twentytwelve/style.css?ver=3.5 HTTP/1.1" 200 35292 "http://www.freegametopia.com/free-online-games/category/sports-games/" "Mozilla/4.0 (compatible; MSIE 8.0; Windows NT 6.1; WOW64; Trident/4.0; .NET4.0C; .NET4.0E)" 363 35549 - 131267
63.141.199.145 - - [15/Feb/2013:07:57:36 -0600] "GET /wp-content/themes/twentytwelve/style.css?ver=3.5 HTTP/1.1" 200 35292 "http://creditcardandloanoffers.com/?cb=[CACHEBUSTER]&utm_source=Contextin&utm_campaign=23006&utm_medium=16&utm_term=78277E1B42921530495309570&utm_content=-7961272260522621059" "Mozilla/5.0 (Windows NT 6.1) AppleWebKit/537.17 (KHTML, like Gecko) Chrome/24.0.1312.57 Safari/537.17" 583 35549 - 14681
24.97.151.202 - - [15/Feb/2013:07:57:36 -0600] "GET /wp-content/themes/twentytwelve/css/ie.css?ver=20121010 HTTP/1.1" 200 4788 "http://www.freegametopia.com/free-online-games/category/sports-games/" "Mozilla/4.0 (compatible; MSIE 8.0; Windows NT 6.1; WOW64; Trident/4.0; .NET4.0C; .NET4.0E)" 369 5044 - 102
63.141.199.145 - - [15/Feb/2013:07:57:37 -0600] "GET /wp-content/uploads/2012/12/stockvault-coins136198-300x161.jpg HTTP/1.1" 200 33151 "http://creditcardandloanoffers.com/?cb=[CACHEBUSTER]&utm_source=Contextin&utm_campaign=23006&utm_medium=16&utm_term=78277E1B42921530495309570&utm_content=-7961272260522621059" "Mozilla/5.0 (Windows NT 6.1) AppleWebKit/537.17 (KHTML, like Gecko) Chrome/24.0.1312.57 Safari/537.17" 581 33410 - 21198
63.141.199.145 - - [15/Feb/2013:07:57:37 -0600] "GET /wp-content/themes/twentytwelve/js/navigation.js?ver=1.0 HTTP/1.1" 200 863 "http://creditcardandloanoffers.com/?cb=[CACHEBUSTER]&utm_source=Contextin&utm_campaign=23006&utm_medium=16&utm_term=78277E1B42921530495309570&utm_content=-7961272260522621059" "Mozilla/5.0 (Windows NT 6.1) AppleWebKit/537.17 (KHTML, like Gecko) Chrome/24.0.1312.57 Safari/537.17" 575 1133 - 87
63.141.199.145 - - [15/Feb/2013:07:57:37 -0600] "GET /wp-content/uploads/2012/12/stockvault-credit-card106277-300x199.jpg HTTP/1.1" 200 69800 "http://creditcardandloanoffers.com/?cb=[CACHEBUSTER]&utm_source=Contextin&utm_campaign=23006&utm_medium=16&utm_term=78277E1B42921530495309570&utm_content=-7961272260522621059" "Mozilla/5.0 (Windows NT 6.1) AppleWebKit/537.17 (KHTML, like Gecko) Chrome/24.0.1312.57 Safari/537.17" 587 70060 - 43682
63.141.199.145 - - [15/Feb/2013:07:57:37 -0600] "GET /wp-content/uploads/2012/12/stockvault-money139084-200x300.jpg HTTP/1.1" 200 130842 "http://creditcardandloanoffers.com/?cb=[CACHEBUSTER]&utm_source=Contextin&utm_campaign=23006&utm_medium=16&utm_term=78277E1B42921530495309570&utm_content=-7961272260522621059" "Mozilla/5.0 (Windows NT 6.1) AppleWebKit/537.17 (KHTML, like Gecko) Chrome/24.0.1312.57 Safari/537.17" 581 131103 - 53416
24.97.151.202 - - [15/Feb/2013:07:57:37 -0600] "GET /wp-content/themes/twentytwelve/js/html5.js HTTP/1.1" 200 2487 "http://www.freegametopia.com/free-online-games/category/sports-games/" "Mozilla/4.0 (compatible; MSIE 8.0; Windows NT 6.1; WOW64; Trident/4.0; .NET4.0C; .NET4.0E)" 357 2758 - 99
24.97.151.202 - - [15/Feb/2013:07:57:38 -0600] "GET /wp-content/uploads/2012/12/stockvault-coins136198-300x161.jpg HTTP/1.1" 200 33151 "http://www.freegametopia.com/free-online-games/category/sports-games/" "Mozilla/4.0 (compatible; MSIE 8.0; Windows NT 6.1; WOW64; Trident/4.0; .NET4.0C; .NET4.0E)" 376 33410 - 92
24.97.151.202 - - [15/Feb/2013:07:57:38 -0600] "GET /wp-content/uploads/2012/12/stockvault-credit-card106277-300x199.jpg HTTP/1.1" 200 69800 "http://www.freegametopia.com/free-online-games/category/sports-games/" "Mozilla/4.0 (compatible; MSIE 8.0; Windows NT 6.1; WOW64; Trident/4.0; .NET4.0C; .NET4.0E)" 382 70060 - 143725
24.97.151.202 - - [15/Feb/2013:07:57:38 -0600] "GET /wp-content/uploads/2012/12/stockvault-money139084-200x300.jpg HTTP/1.1" 200 130842 "http://www.freegametopia.com/free-online-games/category/sports-games/" "Mozilla/4.0 (compatible; MSIE 8.0; Windows NT 6.1; WOW64; Trident/4.0; .NET4.0C; .NET4.0E)" 376 131103 - 194366
66.175.198.174 - - [15/Feb/2013:07:57:39 -0600] "GET /?utm_source=HP&utm_campaign=23006Fake&utm_medium=16&utm_term=2E46FE7F7315124101759242543&utm_content=2222686334870263280 HTTP/1.1" 200 9983 "http://ads.creafi-online-media.com/st?ad_type=iframe&ad_size=160x600&section=4051304" "Mozilla/4.0 (compatible; MSIE 8.0; Windows NT 5.1; Trident/4.0; InfoPath.2; .NET CLR 2.0.50727; .NET CLR 3.0.4506.2152; .NET CLR 3.5.30729; BRI/1; .NET4.0C; .NET4.0E; IPH 1.1.21.4019; AskTbWBV5/5.15.15.35882)" 855 10246 - 127223
66.175.198.174 - - [15/Feb/2013:07:57:40 -0600] "GET /wp-content/themes/twentytwelve/js/html5.js HTTP/1.1" 200 2487 "http://creditcardandloanoffers.com/?utm_source=HP&utm_campaign=23006Fake&utm_medium=16&utm_term=2E46FE7F7315124101759242543&utm_content=2222686334870263280" "Mozilla/4.0 (compatible; MSIE 8.0; Windows NT 5.1; Trident/4.0; InfoPath.2; .NET CLR 2.0.50727; .NET CLR 3.0.4506.2152; .NET CLR 3.5.30729; BRI/1; .NET4.0C; .NET4.0E; IPH 1.1.21.4019; AskTbWBV5/5.15.15.35882)" 569 2758 - 134
66.175.198.174 - - [15/Feb/2013:07:57:40 -0600] "GET /wp-content/themes/twentytwelve/css/ie.css?ver=20121010 HTTP/1.1" 200 4788 "http://creditcardandloanoffers.com/?utm_source=HP&utm_campaign=23006Fake&utm_medium=16&utm_term=2E46FE7F7315124101759242543&utm_content=2222686334870263280" "Mozilla/4.0 (compatible; MSIE 8.0; Windows NT 5.1; Trident/4.0; InfoPath.2; .NET CLR 2.0.50727; .NET CLR 3.0.4506.2152; .NET CLR 3.5.30729; BRI/1; .NET4.0C; .NET4.0E; IPH 1.1.21.4019; AskTbWBV5/5.15.15.35882)" 581 5044 - 96
66.175.198.174 - - [15/Feb/2013:07:57:40 -0600] "GET /wp-content/themes/twentytwelve/js/navigation.js?ver=1.0 HTTP/1.1" 200 863 "http://creditcardandloanoffers.com/?utm_source=HP&utm_campaign=23006Fake&utm_medium=16&utm_term=2E46FE7F7315124101759242543&utm_content=2222686334870263280" "Mozilla/4.0 (compatible; MSIE 8.0; Windows NT 5.1; Trident/4.0; InfoPath.2; .NET CLR 2.0.50727; .NET CLR 3.0.4506.2152; .NET CLR 3.5.30729; BRI/1; .NET4.0C; .NET4.0E; IPH 1.1.21.4019; AskTbWBV5/5.15.15.35882)" 582 1133 - 93
66.175.198.174 - - [15/Feb/2013:07:57:40 -0600] "GET /wp-content/uploads/2012/12/stockvault-coins136198-300x161.jpg HTTP/1.1" 200 33151 "http://creditcardandloanoffers.com/?utm_source=HP&utm_campaign=23006Fake&utm_medium=16&utm_term=2E46FE7F7315124101759242543&utm_content=2222686334870263280" "Mozilla/4.0 (compatible; MSIE 8.0; Windows NT 5.1; Trident/4.0; InfoPath.2; .NET CLR 2.0.50727; .NET CLR 3.0.4506.2152; .NET CLR 3.5.30729; BRI/1; .NET4.0C; .NET4.0E; IPH 1.1.21.4019; AskTbWBV5/5.15.15.35882)" 588 33410 - 101
66.175.198.174 - - [15/Feb/2013:07:57:40 -0600] "GET /wp-content/themes/twentytwelve/style.css?ver=3.5 HTTP/1.1" 200 35292 "http://creditcardandloanoffers.com/?utm_source=HP&utm_campaign=23006Fake&utm_medium=16&utm_term=2E46FE7F7315124101759242543&utm_content=2222686334870263280" "Mozilla/4.0 (compatible; MSIE 8.0; Windows NT 5.1; Trident/4.0; InfoPath.2; .NET CLR 2.0.50727; .NET CLR 3.0.4506.2152; .NET CLR 3.5.30729; BRI/1; .NET4.0C; .NET4.0E; IPH 1.1.21.4019; AskTbWBV5/5.15.15.35882)" 575 35549 - 305883
66.175.198.174 - - [15/Feb/2013:07:57:40 -0600] "GET /wp-content/uploads/2012/12/stockvault-credit-card106277-300x199.jpg HTTP/1.1" 200 69800 "http://creditcardandloanoffers.com/?utm_source=HP&utm_campaign=23006Fake&utm_medium=16&utm_term=2E46FE7F7315124101759242543&utm_content=2222686334870263280" "Mozilla/4.0 (compatible; MSIE 8.0; Windows NT 5.1; Trident/4.0; InfoPath.2; .NET CLR 2.0.50727; .NET CLR 3.0.4506.2152; .NET CLR 3.5.30729; BRI/1; .NET4.0C; .NET4.0E; IPH 1.1.21.4019; AskTbWBV5/5.15.15.35882)" 594 70060 - 318945
66.175.198.174 - - [15/Feb/2013:07:57:40 -0600] "GET /wp-content/uploads/2012/12/stockvault-money139084-200x300.jpg HTTP/1.1" 200 130842 "http://creditcardandloanoffers.com/?utm_source=HP&utm_campaign=23006Fake&utm_medium=16&utm_term=2E46FE7F7315124101759242543&utm_content=2222686334870263280" "Mozilla/4.0 (compatible; MSIE 8.0; Windows NT 5.1; Trident/4.0; InfoPath.2; .NET CLR 2.0.50727; .NET CLR 3.0.4506.2152; .NET CLR 3.5.30729; BRI/1; .NET4.0C; .NET4.0E; IPH 1.1.21.4019; AskTbWBV5/5.15.15.35882)" 588 131103 - 460145
173.56.233.144 - - [15/Feb/2013:07:57:45 -0600] "GET /?cb=[CACHEBUSTER]&utm_source=Contextin&utm_campaign=23006&utm_medium=17&utm_term=D4C1DF2AC5597978487012804&utm_content=-777379514969726053 HTTP/1.1" 200 9983 "http://www.freegametopia.com/free-online-games/category/shooter-games/" "Mozilla/5.0 (compatible; MSIE 9.0; Windows NT 6.1; WOW64; Trident/5.0)" 560 10246 - 126612
173.56.233.144 - - [15/Feb/2013:07:57:45 -0600] "GET /wp-content/themes/twentytwelve/js/html5.js HTTP/1.1" 200 2487 "http://creditcardandloanoffers.com/?cb=[CACHEBUSTER]&utm_source=Contextin&utm_campaign=23006&utm_medium=17&utm_term=D4C1DF2AC5597978487012804&utm_content=-777379514969726053" "Mozilla/5.0 (compatible; MSIE 9.0; Windows NT 6.1; WOW64; Trident/5.0)" 441 2758 - 98
173.56.233.144 - - [15/Feb/2013:07:57:45 -0600] "GET /wp-content/uploads/2012/12/stockvault-coins136198-300x161.jpg HTTP/1.1" 200 33151 "http://creditcardandloanoffers.com/?cb=[CACHEBUSTER]&utm_source=Contextin&utm_campaign=23006&utm_medium=17&utm_term=D4C1DF2AC5597978487012804&utm_content=-777379514969726053" "Mozilla/5.0 (compatible; MSIE 9.0; Windows NT 6.1; WOW64; Trident/5.0)" 460 33410 - 112
173.56.233.144 - - [15/Feb/2013:07:57:45 -0600] "GET /wp-content/themes/twentytwelve/style.css?ver=3.5 HTTP/1.1" 200 35292 "http://creditcardandloanoffers.com/?cb=[CACHEBUSTER]&utm_source=Contextin&utm_campaign=23006&utm_medium=17&utm_term=D4C1DF2AC5597978487012804&utm_content=-777379514969726053" "Mozilla/5.0 (compatible; MSIE 9.0; Windows NT 6.1; WOW64; Trident/5.0)" 447 35549 - 127944
173.56.233.144 - - [15/Feb/2013:07:57:45 -0600] "GET /wp-content/uploads/2012/12/stockvault-money139084-200x300.jpg HTTP/1.1" 200 130842 "http://creditcardandloanoffers.com/?cb=[CACHEBUSTER]&utm_source=Contextin&utm_campaign=23006&utm_medium=17&utm_term=D4C1DF2AC5597978487012804&utm_content=-777379514969726053" "Mozilla/5.0 (compatible; MSIE 9.0; Windows NT 6.1; WOW64; Trident/5.0)" 460 131103 - 177150
173.56.233.144 - - [15/Feb/2013:07:57:45 -0600] "GET /wp-content/uploads/2012/12/stockvault-credit-card106277-300x199.jpg HTTP/1.1" 200 69800 "http://creditcardandloanoffers.com/?cb=[CACHEBUSTER]&utm_source=Contextin&utm_campaign=23006&utm_medium=17&utm_term=D4C1DF2AC5597978487012804&utm_content=-777379514969726053" "Mozilla/5.0 (compatible; MSIE 9.0; Windows NT 6.1; WOW64; Trident/5.0)" 466 70060 - 167275
173.56.233.144 - - [15/Feb/2013:07:57:46 -0600] "GET /wp-content/themes/twentytwelve/js/navigation.js?ver=1.0 HTTP/1.1" 200 863 "http://creditcardandloanoffers.com/?cb=[CACHEBUSTER]&utm_source=Contextin&utm_campaign=23006&utm_medium=17&utm_term=D4C1DF2AC5597978487012804&utm_content=-777379514969726053" "Mozilla/5.0 (compatible; MSIE 9.0; Windows NT 6.1; WOW64; Trident/5.0)" 454 1133 - 106
173.56.233.144 - - [15/Feb/2013:07:57:46 -0600] "GET /wp-content/themes/twentytwelve/css/ie.css?ver=20121010 HTTP/1.1" 200 4788 "http://creditcardandloanoffers.com/?cb=[CACHEBUSTER]&utm_source=Contextin&utm_campaign=23006&utm_medium=17&utm_term=D4C1DF2AC5597978487012804&utm_content=-777379514969726053" "Mozilla/5.0 (compatible; MSIE 9.0; Windows NT 6.1; WOW64; Trident/5.0)" 453 5044 - 105
98.175.173.55 - - [15/Feb/2013:07:57:47 -0600] "GET /?cb=[CACHEBUSTER]&utm_source=Contextin&utm_campaign=23006&utm_medium=17&utm_term=22D015E1844098348125418241&utm_content=4771624607192799929 HTTP/1.1" 200 9983 "http://www.freegametopia.com/free-online-games/classic-games/frogger/?jrlid=m1&utm_source=BL&utm_medium=CPC&utm_term=2535180_3581345&utm_campaign=GameCDPs_509" "Mozilla/5.0 (compatible; MSIE 9.0; Windows NT 6.1; WOW64; Trident/5.0; FunWebProducts)" 588 10246 - 125272
98.175.173.55 - - [15/Feb/2013:07:57:47 -0600] "GET /wp-content/themes/twentytwelve/js/navigation.js?ver=1.0 HTTP/1.1" 200 863 "http://creditcardandloanoffers.com/?cb=[CACHEBUSTER]&utm_source=Contextin&utm_campaign=23006&utm_medium=17&utm_term=22D015E1844098348125418241&utm_content=4771624607192799929" "Mozilla/5.0 (compatible; MSIE 9.0; Windows NT 6.1; WOW64; Trident/5.0; FunWebProducts)" 501 1133 - 98
98.175.173.55 - - [15/Feb/2013:07:57:47 -0600] "GET /wp-content/uploads/2012/12/stockvault-coins136198-300x161.jpg HTTP/1.1" 200 33151 "http://creditcardandloanoffers.com/?cb=[CACHEBUSTER]&utm_source=Contextin&utm_campaign=23006&utm_medium=17&utm_term=22D015E1844098348125418241&utm_content=4771624607192799929" "Mozilla/5.0 (compatible; MSIE 9.0; Windows NT 6.1; WOW64; Trident/5.0; FunWebProducts)" 524 33410 - 96
98.175.173.55 - - [15/Feb/2013:07:57:47 -0600] "GET /wp-content/themes/twentytwelve/style.css?ver=3.5 HTTP/1.1" 200 35292 "http://creditcardandloanoffers.com/?cb=[CACHEBUSTER]&utm_source=Contextin&utm_campaign=23006&utm_medium=17&utm_term=22D015E1844098348125418241&utm_content=4771624607192799929" "Mozilla/5.0 (compatible; MSIE 9.0; Windows NT 6.1; WOW64; Trident/5.0; FunWebProducts)" 469 35549 - 237768
98.175.173.55 - - [15/Feb/2013:07:57:47 -0600] "GET /wp-content/uploads/2012/12/stockvault-credit-card106277-300x199.jpg HTTP/1.1" 200 69800 "http://creditcardandloanoffers.com/?cb=[CACHEBUSTER]&utm_source=Contextin&utm_campaign=23006&utm_medium=17&utm_term=22D015E1844098348125418241&utm_content=4771624607192799929" "Mozilla/5.0 (compatible; MSIE 9.0; Windows NT 6.1; WOW64; Trident/5.0; FunWebProducts)" 530 70060 - 389780
98.175.173.55 - - [15/Feb/2013:07:57:47 -0600] "GET /wp-content/uploads/2012/12/stockvault-money139084-200x300.jpg HTTP/1.1" 200 130842 "http://creditcardandloanoffers.com/?cb=[CACHEBUSTER]&utm_source=Contextin&utm_campaign=23006&utm_medium=17&utm_term=22D015E1844098348125418241&utm_content=4771624607192799929" "Mozilla/5.0 (compatible; MSIE 9.0; Windows NT 6.1; WOW64; Trident/5.0; FunWebProducts)" 524 131103 - 464682
174.49.200.90 - - [15/Feb/2013:07:57:50 -0600] "GET http://creditcardandloanoffers.com/?utm_source=HP&utm_campaign=23006Fake&utm_medium=16&utm_term=3CBFD137ED15115041455182547&utm_content=1509525413399416337 HTTP/1.0" 301 - "http://ad.globe7.com/st?ad_type=iframe&ad_size=160x600&section=4027189&pub_url=${PUB_URL}" "Mozilla/4.7 [en] (WinNT; U)" 409 448 - 104910
24.97.151.202 - - [15/Feb/2013:07:57:50 -0600] "GET /?attachment_id=11 HTTP/1.1" 200 9051 "http://creditcardandloanoffers.com/?cb=[CACHEBUSTER]&utm_source=Contextin&utm_campaign=23006&utm_medium=17&utm_term=5154ED78E355955321383224765&utm_content=401047156840509986" "Mozilla/4.0 (compatible; MSIE 8.0; Windows NT 6.1; WOW64; Trident/4.0; .NET4.0C; .NET4.0E)" 927 9313 - 130819
24.97.151.202 - - [15/Feb/2013:07:57:51 -0600] "GET /wp-content/themes/twentytwelve/js/html5.js HTTP/1.1" 200 2487 "http://creditcardandloanoffers.com/?attachment_id=11" "Mozilla/4.0 (compatible; MSIE 8.0; Windows NT 6.1; WOW64; Trident/4.0; .NET4.0C; .NET4.0E)" 340 2758 - 131
24.97.151.202 - - [15/Feb/2013:07:57:51 -0600] "GET /wp-content/themes/twentytwelve/css/ie.css?ver=20121010 HTTP/1.1" 200 4788 "http://creditcardandloanoffers.com/?attachment_id=11" "Mozilla/4.0 (compatible; MSIE 8.0; Windows NT 6.1; WOW64; Trident/4.0; .NET4.0C; .NET4.0E)" 352 5044 - 105
24.97.151.202 - - [15/Feb/2013:07:57:51 -0600] "GET /wp-content/themes/twentytwelve/js/navigation.js?ver=1.0 HTTP/1.1" 200 863 "http://creditcardandloanoffers.com/?attachment_id=11" "Mozilla/4.0 (compatible; MSIE 8.0; Windows NT 6.1; WOW64; Trident/4.0; .NET4.0C; .NET4.0E)" 353 1133 - 104
24.97.151.202 - - [15/Feb/2013:07:57:51 -0600] "GET /wp-content/themes/twentytwelve/style.css?ver=3.5 HTTP/1.1" 200 35292 "http://creditcardandloanoffers.com/?attachment_id=11" "Mozilla/4.0 (compatible; MSIE 8.0; Windows NT 6.1; WOW64; Trident/4.0; .NET4.0C; .NET4.0E)" 346 35549 - 129926
24.97.151.202 - - [15/Feb/2013:07:57:51 -0600] "GET /wp-includes/js/comment-reply.min.js?ver=3.5 HTTP/1.1" 200 786 "http://creditcardandloanoffers.com/?attachment_id=11" "Mozilla/4.0 (compatible; MSIE 8.0; Windows NT 6.1; WOW64; Trident/4.0; .NET4.0C; .NET4.0E)" 341 1056 - 79
24.97.151.202 - - [15/Feb/2013:07:57:51 -0600] "GET /wp-includes/js/jquery/jquery.js?ver=1.8.3 HTTP/1.1" 200 93658 "http://creditcardandloanoffers.com/?attachment_id=11" "Mozilla/4.0 (compatible; MSIE 8.0; Windows NT 6.1; WOW64; Trident/4.0; .NET4.0C; .NET4.0E)" 339 93932 - 178960
24.97.151.202 - - [15/Feb/2013:07:57:51 -0600] "GET /wp-content/uploads/2012/12/stockvault-coins136198.jpg HTTP/1.1" 200 419411 "http://creditcardandloanoffers.com/?attachment_id=11" "Mozilla/4.0 (compatible; MSIE 8.0; Windows NT 6.1; WOW64; Trident/4.0; .NET4.0C; .NET4.0E)" 351 419672 - 316065
98.175.173.55 - - [15/Feb/2013:07:57:54 -0600] "GET /?attachment_id=11 HTTP/1.1" 200 9051 "http://creditcardandloanoffers.com/?cb=[CACHEBUSTER]&utm_source=Contextin&utm_campaign=23006&utm_medium=17&utm_term=22D015E1844098348125418241&utm_content=4771624607192799929" "Mozilla/5.0 (compatible; MSIE 9.0; Windows NT 6.1; WOW64; Trident/5.0; FunWebProducts)" 739 9313 - 127975
98.175.173.55 - - [15/Feb/2013:07:57:55 -0600] "GET /wp-includes/js/comment-reply.min.js?ver=3.5 HTTP/1.1" 200 786 "http://creditcardandloanoffers.com/?attachment_id=11" "Mozilla/5.0 (compatible; MSIE 9.0; Windows NT 6.1; WOW64; Trident/5.0; FunWebProducts)" 367 1056 - 102
98.175.173.55 - - [15/Feb/2013:07:57:55 -0600] "GET /wp-content/themes/twentytwelve/js/navigation.js?ver=1.0 HTTP/1.1" 200 863 "http://creditcardandloanoffers.com/?attachment_id=11" "Mozilla/5.0 (compatible; MSIE 9.0; Windows NT 6.1; WOW64; Trident/5.0; FunWebProducts)" 379 1133 - 82
98.175.173.55 - - [15/Feb/2013:07:57:55 -0600] "GET /wp-content/themes/twentytwelve/style.css?ver=3.5 HTTP/1.1" 200 35292 "http://creditcardandloanoffers.com/?attachment_id=11" "Mozilla/5.0 (compatible; MSIE 9.0; Windows NT 6.1; WOW64; Trident/5.0; FunWebProducts)" 347 35549 - 241916
98.175.173.55 - - [15/Feb/2013:07:57:55 -0600] "GET /wp-includes/js/jquery/jquery.js?ver=1.8.3 HTTP/1.1" 200 93658 "http://creditcardandloanoffers.com/?attachment_id=11" "Mozilla/5.0 (compatible; MSIE 9.0; Windows NT 6.1; WOW64; Trident/5.0; FunWebProducts)" 365 93932 - 343454
108.210.8.148 - - [15/Feb/2013:07:57:55 -0600] "GET /?p=5 HTTP/1.1" 200 12845 "http://creditcardandloanoffers.com/?cb=[CACHEBUSTER]&utm_source=Contextin&utm_campaign=23006&utm_medium=17&utm_term=4258D13134075652857083176&utm_content=7368189691616368083" "Mozilla/4.0 (compatible; MSIE 8.0; Windows NT 5.1; Trident/4.0; GTB7.4; .NET CLR 1.1.4322)" 503 13109 - 129750
98.175.173.55 - - [15/Feb/2013:07:57:55 -0600] "GET /wp-content/uploads/2012/12/stockvault-coins136198.jpg HTTP/1.1" 200 419411 "http://creditcardandloanoffers.com/?attachment_id=11" "Mozilla/5.0 (compatible; MSIE 9.0; Windows NT 6.1; WOW64; Trident/5.0; FunWebProducts)" 394 419672 - 874648
108.210.8.148 - - [15/Feb/2013:07:57:56 -0600] "GET /wp-content/themes/twentytwelve/js/html5.js HTTP/1.1" 200 2487 "http://50.97.37.217/?p=5" "Mozilla/4.0 (compatible; MSIE 8.0; Windows NT 5.1; Trident/4.0; GTB7.4; .NET CLR 1.1.4322)" 312 2758 - 138
108.210.8.148 - - [15/Feb/2013:07:57:56 -0600] "GET /wp-content/themes/twentytwelve/css/ie.css?ver=20121010 HTTP/1.1" 200 4788 "http://50.97.37.217/?p=5" "Mozilla/4.0 (compatible; MSIE 8.0; Windows NT 5.1; Trident/4.0; GTB7.4; .NET CLR 1.1.4322)" 324 5044 - 94
108.210.8.148 - - [15/Feb/2013:07:57:56 -0600] "GET /wp-includes/js/comment-reply.min.js?ver=3.5 HTTP/1.1" 200 786 "http://50.97.37.217/?p=5" "Mozilla/4.0 (compatible; MSIE 8.0; Windows NT 5.1; Trident/4.0; GTB7.4; .NET CLR 1.1.4322)" 313 1056 - 96
108.210.8.148 - - [15/Feb/2013:07:57:56 -0600] "GET /wp-content/themes/twentytwelve/js/navigation.js?ver=1.0 HTTP/1.1" 200 863 "http://50.97.37.217/?p=5" "Mozilla/4.0 (compatible; MSIE 8.0; Windows NT 5.1; Trident/4.0; GTB7.4; .NET CLR 1.1.4322)" 325 1133 - 96
108.210.8.148 - - [15/Feb/2013:07:57:56 -0600] "GET /wp-content/themes/twentytwelve/style.css?ver=3.5 HTTP/1.1" 200 35292 "http://50.97.37.217/?p=5" "Mozilla/4.0 (compatible; MSIE 8.0; Windows NT 5.1; Trident/4.0; GTB7.4; .NET CLR 1.1.4322)" 318 35549 - 202549
108.210.8.148 - - [15/Feb/2013:07:57:56 -0600] "GET /wp-includes/js/jquery/jquery.js?ver=1.8.3 HTTP/1.1" 200 93658 "http://50.97.37.217/?p=5" "Mozilla/4.0 (compatible; MSIE 8.0; Windows NT 5.1; Trident/4.0; GTB7.4; .NET CLR 1.1.4322)" 311 93932 - 253401
170.63.185.37 - - [15/Feb/2013:07:57:56 -0600] "GET /?cb=[CACHEBUSTER]&utm_source=Contextin&utm_campaign=23006&utm_medium=7&utm_term=4EA9B5784E61316701385500077&utm_content=7712783993180851621 HTTP/1.1" 200 9983 "http://www.freegametopia.com/free-online-games/classic-games/frogger/?jrlid=m1&utm_source=BL&utm_medium=CPC&utm_term=2535180_3581348&utm_campaign=GameCDPs_473" "Mozilla/4.0 (compatible; MSIE 8.0; Windows NT 5.1; Trident/4.0; .NET CLR 2.0.50727; .NET CLR 3.0.4506.2152; .NET CLR 3.5.30729; InfoPath.1)" 871 10246 - 127451
170.63.185.37 - - [15/Feb/2013:07:57:57 -0600] "GET /wp-content/themes/twentytwelve/css/ie.css?ver=20121010 HTTP/1.1" 200 4788 "http://www.freegametopia.com/free-online-games/classic-games/frogger/?jrlid=m1&utm_source=BL&utm_medium=CPC&utm_term=2535180_3581348&utm_campaign=GameCDPs_473" "Mozilla/4.0 (compatible; MSIE 8.0; Windows NT 5.1; Trident/4.0; .NET CLR 2.0.50727; .NET CLR 3.0.4506.2152; .NET CLR 3.5.30729; InfoPath.1)" 507 5044 - 143
170.63.185.37 - - [15/Feb/2013:07:57:57 -0600] "GET /wp-content/themes/twentytwelve/js/html5.js HTTP/1.1" 200 2487 "http://www.freegametopia.com/free-online-games/classic-games/frogger/?jrlid=m1&utm_source=BL&utm_medium=CPC&utm_term=2535180_3581348&utm_campaign=GameCDPs_473" "Mozilla/4.0 (compatible; MSIE 8.0; Windows NT 5.1; Trident/4.0; .NET CLR 2.0.50727; .NET CLR 3.0.4506.2152; .NET CLR 3.5.30729; InfoPath.1)" 495 2758 - 106
170.63.185.37 - - [15/Feb/2013:07:57:57 -0600] "GET /wp-content/themes/twentytwelve/js/navigation.js?ver=1.0 HTTP/1.1" 200 863 "http://www.freegametopia.com/free-online-games/classic-games/frogger/?jrlid=m1&utm_source=BL&utm_medium=CPC&utm_term=2535180_3581348&utm_campaign=GameCDPs_473" "Mozilla/4.0 (compatible; MSIE 8.0; Windows NT 5.1; Trident/4.0; .NET CLR 2.0.50727; .NET CLR 3.0.4506.2152; .NET CLR 3.5.30729; InfoPath.1)" 508 1133 - 86
108.210.8.148 - - [15/Feb/2013:07:57:57 -0600] "GET /wp-content/uploads/2012/12/stockvault-coins136198-300x161.jpg HTTP/1.1" 200 33151 "http://50.97.37.217/?p=5" "Mozilla/4.0 (compatible; MSIE 8.0; Windows NT 5.1; Trident/4.0; GTB7.4; .NET CLR 1.1.4322)" 565 33410 - 106
170.63.185.37 - - [15/Feb/2013:07:57:57 -0600] "GET /wp-content/uploads/2012/12/stockvault-coins136198-300x161.jpg HTTP/1.1" 200 33151 "http://www.freegametopia.com/free-online-games/classic-games/frogger/?jrlid=m1&utm_source=BL&utm_medium=CPC&utm_term=2535180_3581348&utm_campaign=GameCDPs_473" "Mozilla/4.0 (compatible; MSIE 8.0; Windows NT 5.1; Trident/4.0; .NET CLR 2.0.50727; .NET CLR 3.0.4506.2152; .NET CLR 3.5.30729; InfoPath.1)" 514 33410 - 99
170.63.185.37 - - [15/Feb/2013:07:57:57 -0600] "GET /wp-content/themes/twentytwelve/style.css?ver=3.5 HTTP/1.1" 200 35292 "http://www.freegametopia.com/free-online-games/classic-games/frogger/?jrlid=m1&utm_source=BL&utm_medium=CPC&utm_term=2535180_3581348&utm_campaign=GameCDPs_473" "Mozilla/4.0 (compatible; MSIE 8.0; Windows NT 5.1; Trident/4.0; .NET CLR 2.0.50727; .NET CLR 3.0.4506.2152; .NET CLR 3.5.30729; InfoPath.1)" 501 35549 - 141065
170.63.185.37 - - [15/Feb/2013:07:57:57 -0600] "GET /wp-content/uploads/2012/12/stockvault-credit-card106277-300x199.jpg HTTP/1.1" 200 69800 "http://www.freegametopia.com/free-online-games/classic-games/frogger/?jrlid=m1&utm_source=BL&utm_medium=CPC&utm_term=2535180_3581348&utm_campaign=GameCDPs_473" "Mozilla/4.0 (compatible; MSIE 8.0; Windows NT 5.1; Trident/4.0; .NET CLR 2.0.50727; .NET CLR 3.0.4506.2152; .NET CLR 3.5.30729; InfoPath.1)" 520 70060 - 148608
170.63.185.37 - - [15/Feb/2013:07:57:57 -0600] "GET /wp-content/uploads/2012/12/stockvault-money139084-200x300.jpg HTTP/1.1" 200 130842 "http://www.freegametopia.com/free-online-games/classic-games/frogger/?jrlid=m1&utm_source=BL&utm_medium=CPC&utm_term=2535180_3581348&utm_campaign=GameCDPs_473" "Mozilla/4.0 (compatible; MSIE 8.0; Windows NT 5.1; Trident/4.0; .NET CLR 2.0.50727; .NET CLR 3.0.4506.2152; .NET CLR 3.5.30729; InfoPath.1)" 514 131103 - 258129
108.210.8.148 - - [15/Feb/2013:07:57:57 -0600] "GET /wp-content/uploads/2012/12/stockvault-credit-card106277-300x199.jpg HTTP/1.1" 200 69800 "http://50.97.37.217/?p=5" "Mozilla/4.0 (compatible; MSIE 8.0; Windows NT 5.1; Trident/4.0; GTB7.4; .NET CLR 1.1.4322)" 571 70060 - 293015
108.210.8.148 - - [15/Feb/2013:07:57:57 -0600] "GET /wp-content/uploads/2012/12/stockvault-money139084-200x300.jpg HTTP/1.1" 200 130842 "http://50.97.37.217/?p=5" "Mozilla/4.0 (compatible; MSIE 8.0; Windows NT 5.1; Trident/4.0; GTB7.4; .NET CLR 1.1.4322)" 565 131103 - 325011
24.97.151.202 - - [15/Feb/2013:07:57:57 -0600] "GET /?attachment_id=9 HTTP/1.1" 200 9010 "http://creditcardandloanoffers.com/?attachment_id=11" "Mozilla/4.0 (compatible; MSIE 8.0; Windows NT 6.1; WOW64; Trident/4.0; .NET4.0C; .NET4.0E)" 533 9272 - 127941
24.97.151.202 - - [15/Feb/2013:07:57:57 -0600] "GET /wp-content/themes/twentytwelve/js/html5.js HTTP/1.1" 200 2487 "http://50.97.37.217/?attachment_id=9" "Mozilla/4.0 (compatible; MSIE 8.0; Windows NT 6.1; WOW64; Trident/4.0; .NET4.0C; .NET4.0E)" 324 2758 - 127
24.97.151.202 - - [15/Feb/2013:07:57:57 -0600] "GET /wp-content/themes/twentytwelve/css/ie.css?ver=20121010 HTTP/1.1" 200 4788 "http://50.97.37.217/?attachment_id=9" "Mozilla/4.0 (compatible; MSIE 8.0; Windows NT 6.1; WOW64; Trident/4.0; .NET4.0C; .NET4.0E)" 336 5044 - 83
24.97.151.202 - - [15/Feb/2013:07:57:57 -0600] "GET /wp-includes/js/comment-reply.min.js?ver=3.5 HTTP/1.1" 200 786 "http://50.97.37.217/?attachment_id=9" "Mozilla/4.0 (compatible; MSIE 8.0; Windows NT 6.1; WOW64; Trident/4.0; .NET4.0C; .NET4.0E)" 325 1056 - 89
